<html>
<body>
<pre>
<h1>礦ision Build Log</h1>
<h2>Tool Versions:</h2>
IDE-Version: μVision V5.28.0.0
Copyright (C) 2019 ARM Ltd and ARM Germany GmbH. All rights reserved.
License Information: ding su, tuya, LIC=7YKWF-62U5T-IM69B-22WLA-5GI9C-PH7JM
 
Tool Versions:
Toolchain:       MDK-ARM Professional  Version: 5.28.0.0
Toolchain Path:  C:\Keil_v5\ARM\ARMCC\Bin
C Compiler:      Armcc.exe V5.06 update 6 (build 750)
Assembler:       Armasm.exe V5.06 update 6 (build 750)
Linker/Locator:  ArmLink.exe V5.06 update 6 (build 750)
Library Manager: ArmAr.exe V5.06 update 6 (build 750)
Hex Converter:   FromElf.exe V5.06 update 6 (build 750)
CPU DLL:         
Dialog DLL:      
Target DLL:      Segger\JL2CM3.dll V2.99.36.0
Dialog DLL:      TCM.DLL V1.36.2.0
 
<h2>Project:</h2>
D:\office\workspace\Nordic\Tuya_ble_lock_sdk_nRF52832\nRF5_SDK_15.3.0_59ac345\examples\ble_peripheral\ble_app_uart\pca10040\s132\arm5_no_packs\ble_app_uart_pca10040_s132.uvprojx
Project File Date:  02/24/2020

<h2>Output:</h2>
*** Using Compiler 'V5.06 update 6 (build 750)', folder: 'C:\Keil_v5\ARM\ARMCC\Bin'
Rebuild target 'nrf52832_xxaa'
compiling lock_dynamic_pwd.c...
compiling lock_hard.c...
compiling app_common.c...
compiling lock_dp_report.c...
compiling lock_common.c...
compiling lock_timer.c...
compiling lock_test.c...
compiling lock_dp_parser.c...
compiling hmac-sha1.c...
compiling sha1.c...
compiling aes.c...
compiling md5.c...
compiling platform.c...
compiling platform_util.c...
compiling threading.c...
compiling app_flash.c...
compiling cpt_math.c...
compiling app_port.c...
compiling cpt_string_op.c...
compiling app_ota.c...
compiling app_test.c...
compiling easyflash.c...
compiling elog_buf.c...
compiling elog_async.c...
compiling elog_utils.c...
compiling elog.c...
compiling ef_env.c...
compiling elog_port.c...
compiling ef_utils.c...
compiling ef_iap.c...
compiling ef_port.c...
compiling nrfs_svc.c...
compiling nrfs_common.c...
compiling nrfs_ble.c...
compiling nrfs_scan_adv.c...
compiling nrfs_uart.c...
compiling boards.c...
compiling utf.c...
compiling bsp.c...
compiling nrfs_gpio.c...
compiling nrfs_flash.c...
compiling nrfs_timer.c...
compiling nrfs_test.c...
compiling main.c...
compiling bsp_btn_ble.c...
compiling ble_advertising.c...
compiling ble_advdata.c...
compiling ble_srv_common.c...
compiling ble_link_ctx_manager.c...
compiling ble_conn_state.c...
compiling nrf_ble_qwr.c...
compiling nrf_ble_gatt.c...
compiling ble_conn_params.c...
compiling ble_db_discovery.c...
compiling ble_nus.c...
compiling nrf_ble_scan.c...
compiling nrfx_atomic.c...
compiling nrfx_clock.c...
compiling nrf_drv_uart.c...
compiling nrf_drv_clock.c...
compiling nrfx_gpiote.c...
compiling nrfx_prs.c...
compiling nrfx_uart.c...
compiling nrfx_uarte.c...
compiling app_error.c...
compiling app_error_handler_keil.c...
compiling nrf_nvmc.c...
compiling app_button.c...
compiling nrfx_rtc.c...
compiling app_error_weak.c...
compiling app_fifo.c...
compiling app_scheduler.c...
compiling app_util_platform.c...
compiling nrf_assert.c...
compiling app_timer.c...
compiling hardfault_implementation.c...
compiling nrf_atfifo.c...
compiling app_uart_fifo.c...
compiling nrf_atomic.c...
compiling nrf_atflags.c...
compiling nrf_fprintf.c...
compiling nrf_fprintf_format.c...
compiling nrf_memobj.c...
compiling nrf_balloc.c...
compiling nrf_ringbuf.c...
compiling nrf_section_iter.c...
compiling nrf_strerror.c...
compiling nrf_pwr_mgmt.c...
compiling retarget.c...
compiling nrf_fstorage.c...
compiling nrf_fstorage_sd.c...
compiling nrf_fstorage_nvmc.c...
compiling SEGGER_RTT_Syscalls_KEIL.c...
compiling crc32.c...
compiling nrf_log_backend_serial.c...
compiling nrf_log_default_backends.c...
compiling SEGGER_RTT.c...
compiling nrf_log_str_formatter.c...
compiling nrf_log_backend_rtt.c...
compiling nrf_log_frontend.c...
compiling SEGGER_RTT_printf.c...
assembling arm_startup_nrf52.s...
compiling system_nrf52.c...
compiling nrf_sdh.c...
compiling nrf_sdh_soc.c...
compiling nrf_dfu_flash.c...
compiling nrf_dfu_utils.c...
compiling nrf_sdh_ble.c...
compiling nrf_dfu_settings.c...
linking...
Program Size: Code=93944 RO-data=17080 RW-data=892 ZI-data=36108  
FromELF: creating hex file...
After Build - User command #1: .\ota\mkbin.bat
D:\office\workspace\Nordic\Tuya_ble_lock_sdk_nRF52832\nRF5_SDK_15.3.0_59ac345\examples\ble_peripheral\ble_app_uart\pca10040\s132\arm5_no_packs>copy _build\nrf52832_xxaa.hex .\hex\tuya_ble_lock_common_nRF52832.hex 
已复制         1 个文件。
D:\office\workspace\Nordic\Tuya_ble_lock_sdk_nRF52832\nRF5_SDK_15.3.0_59ac345\examples\ble_peripheral\ble_app_uart\pca10040\s132\arm5_no_packs>copy _build\nrf52832_xxaa.hex .\ota\tuya_ble_lock_common_nRF52832.hex 
已复制         1 个文件。
D:\office\workspace\Nordic\Tuya_ble_lock_sdk_nRF52832\nRF5_SDK_15.3.0_59ac345\examples\ble_peripheral\ble_app_uart\pca10040\s132\arm5_no_packs>.\ota\hex2bin -k 1 .\ota\tuya_ble_lock_common_nRF52832.hex 
hex2bin v1.0.10, Copyright (C) 2012 Jacques Pelletier & contributors
Lowest address  = 00026000
Highest address = 0004127F
Pad Byte        = FF
16-bit Checksum = 9465
After Build - User command #2: .\hex\mergehex.bat
D:\office\workspace\Nordic\Tuya_ble_lock_sdk_nRF52832\nRF5_SDK_15.3.0_59ac345\examples\ble_peripheral\ble_app_uart\pca10040\s132\arm5_no_packs>.\hex\mergehex -m .\hex\s132_nrf52_6.1.1_softdevice.hex .\hex\nrf52832_xxaa_s132.hex  -o .\hex\softdeviceAndBootLoader.hex 
Parsing input hex files.
Merging files.
Storing merged file.
".\_build\nrf52832_xxaa.axf" - 0 Error(s), 0 Warning(s).

<h2>Software Packages used:</h2>

Package Vendor: ARM
                http://www.keil.com/pack/ARM.CMSIS.4.5.0.pack
                ARM.CMSIS.4.5.0
                CMSIS (Cortex Microcontroller Software Interface Standard)
   * Component: CORE Version: 4.3.0

Package Vendor: NordicSemiconductor
                http://developer.nordicsemi.com/nRF5_SDK/pieces/nRF_DeviceFamilyPack/NordicSemiconductor.nRF_DeviceFamilyPack.8.24.1.pack
                NordicSemiconductor.nRF_DeviceFamilyPack.8.24.1
                Nordic Semiconductor nRF ARM devices Device Family Pack.
   * Component: Startup Version: 8.24.1

<h2>Collection of Component include folders:</h2>
  .\RTE\_nrf52832_xxaa
  C:\Users\suding\AppData\Local\Arm\Packs\ARM\CMSIS\4.5.0\CMSIS\Include
  C:\Users\suding\AppData\Local\Arm\Packs\NordicSemiconductor\nRF_DeviceFamilyPack\8.24.1\Device\Include

<h2>Collection of Component Files used:</h2>

   * Component: ARM::CMSIS:CORE:4.3.0

   * Component: NordicSemiconductor::Device:Startup:8.24.1
      Include file:  Device\Include\system_nrf52.h
      Source file:   Device\Source\system_nrf52.c
      Source file:   Device\Source\arm\arm_startup_nrf52.s
Build Time Elapsed:  00:00:49
</pre>
</body>
</html>
