Component: ARM Compiler 5.06 update 6 (build 750) Tool: armlink [4d35ed]

==============================================================================

Section Cross References

    lock_common.o(i.lock_common_init) refers to app_port.o(i.app_port_kv_init) for app_port_kv_init
    lock_common.o(i.lock_common_init) refers to app_port.o(i.app_port_local_clock_start) for app_port_local_clock_start
    lock_common.o(i.lock_common_init) refers to lock_timer.o(i.lock_timer_creat) for lock_timer_creat
    lock_common.o(i.lock_common_init) refers to app_common.o(i.app_common_init) for app_common_init
    lock_common.o(i.lock_common_init) refers to nrfs_common.o(i.nrfs_log_hexdump) for nrfs_log_hexdump
    lock_common.o(i.lock_common_init) refers to tuya_ble_main.o(.bss) for tuya_ble_current_para
    lock_common.o(i.lock_factory_handler) refers to app_port.o(i.app_port_tuya_ble_device_factory_reset) for app_port_tuya_ble_device_factory_reset
    lock_common.o(i.lock_factory_handler) refers to app_flash.o(i.lock_flash_erease_all) for lock_flash_erease_all
    lock_common.o(i.lock_open_with_bt) refers to elog.o(i.elog_output) for elog_output
    lock_common.o(i.lock_open_with_bt) refers to lock_common.o(.data) for g_open_with_bt_flag
    lock_common.o(i.lock_open_with_bt) refers to lock_common.o(.constdata) for __FUNCTION__
    lock_common.o(i.lock_open_with_bt) refers to lock_common.o(.conststring) for .conststring
    lock_common.o(i.lock_remote_anti_lock) refers to elog.o(i.elog_output) for elog_output
    lock_common.o(i.lock_remote_anti_lock) refers to lock_common.o(.constdata) for __FUNCTION__
    lock_common.o(i.lock_remote_anti_lock) refers to lock_common.o(.conststring) for .conststring
    lock_hard.o(i.lock_hard_uart_simulate) refers to elog.o(i.elog_output) for elog_output
    lock_hard.o(i.lock_hard_uart_simulate) refers to nrfs_common.o(i.nrfs_log_hexdump) for nrfs_log_hexdump
    lock_hard.o(i.lock_hard_uart_simulate) refers to app_flash.o(i.lock_get_hardid) for lock_get_hardid
    lock_hard.o(i.lock_hard_uart_simulate) refers to lock_dp_report.o(i.lock_hard_creat_sub_report) for lock_hard_creat_sub_report
    lock_hard.o(i.lock_hard_uart_simulate) refers to app_flash.o(i.lock_hard_save_in_local_flash) for lock_hard_save_in_local_flash
    lock_hard.o(i.lock_hard_uart_simulate) refers to lock_dp_report.o(i.lock_open_record_combine_report) for lock_open_record_combine_report
    lock_hard.o(i.lock_hard_uart_simulate) refers to lock_dp_report.o(i.lock_open_record_report) for lock_open_record_report
    lock_hard.o(i.lock_hard_uart_simulate) refers to lock_dp_report.o(i.lock_alarm_record_report) for lock_alarm_record_report
    lock_hard.o(i.lock_hard_uart_simulate) refers to lock_dp_report.o(i.lock_state_sync_report) for lock_state_sync_report
    lock_hard.o(i.lock_hard_uart_simulate) refers to lock_dynamic_pwd.o(i.lock_dynamic_pwd_verify) for lock_dynamic_pwd_verify
    lock_hard.o(i.lock_hard_uart_simulate) refers to lock_common.o(i.lock_factory_handler) for lock_factory_handler
    lock_hard.o(i.lock_hard_uart_simulate) refers to lock_timer.o(i.lock_timer_start) for lock_timer_start
    lock_hard.o(i.lock_hard_uart_simulate) refers to app_port.o(i.app_port_dp_data_report) for app_port_dp_data_report
    lock_hard.o(i.lock_hard_uart_simulate) refers to app_port.o(i.app_port_dp_data_with_time_report) for app_port_dp_data_with_time_report
    lock_hard.o(i.lock_hard_uart_simulate) refers to lock_hard.o(.constdata) for __FUNCTION__
    lock_hard.o(i.lock_hard_uart_simulate) refers to lock_hard.o(.conststring) for .conststring
    lock_hard.o(i.lock_hard_uart_simulate) refers to lock_common.o(.data) for g_open_with_bt_flag
    lock_dp_parser.o(i.lock_dp_parser_handler) refers to memcpya.o(.text) for __aeabi_memcpy
    lock_dp_parser.o(i.lock_dp_parser_handler) refers to nrfs_common.o(i.nrfs_log_hexdump) for nrfs_log_hexdump
    lock_dp_parser.o(i.lock_dp_parser_handler) refers to lock_dp_parser.o(i.open_meth_creat_handler) for open_meth_creat_handler
    lock_dp_parser.o(i.lock_dp_parser_handler) refers to lock_dp_parser.o(i.open_meth_delete_handler) for open_meth_delete_handler
    lock_dp_parser.o(i.lock_dp_parser_handler) refers to lock_dp_parser.o(i.open_meth_modify_handler) for open_meth_modify_handler
    lock_dp_parser.o(i.lock_dp_parser_handler) refers to elog.o(i.elog_output) for elog_output
    lock_dp_parser.o(i.lock_dp_parser_handler) refers to lock_dp_parser.o(i.open_meth_freeze_or_unfreeze_handler) for open_meth_freeze_or_unfreeze_handler
    lock_dp_parser.o(i.lock_dp_parser_handler) refers to lock_dp_parser.o(i.user_freeze_or_unfreeze_handler) for user_freeze_or_unfreeze_handler
    lock_dp_parser.o(i.lock_dp_parser_handler) refers to lock_dp_parser.o(i.open_meth_sync_handler) for open_meth_sync_handler
    lock_dp_parser.o(i.lock_dp_parser_handler) refers to lock_dp_parser.o(i.open_meth_sync_new_handler) for open_meth_sync_new_handler
[...]
    0x00033230   0x00033230   0x00000058   Code   RO         7968    i.nrf_balloc_alloc  nrf_balloc.o
    0x00033288   0x00033288   0x00000010   Code   RO         7969    i.nrf_balloc_block2idx  nrf_balloc.o
    0x00033298   0x00033298   0x00000038   Code   RO         7970    i.nrf_balloc_free   nrf_balloc.o
    0x000332d0   0x000332d0   0x0000000c   Code   RO         7971    i.nrf_balloc_idx2block  nrf_balloc.o
    0x000332dc   0x000332dc   0x0000003c   Code   RO         7972    i.nrf_balloc_init   nrf_balloc.o
    0x00033318   0x00033318   0x00000016   Code   RO         5909    i.nrf_bitmask_bit_is_set  nrfx_gpiote.o
    0x0003332e   0x0003332e   0x00000016   Code   RO         5910    i.nrf_bitmask_bit_set  nrfx_gpiote.o
    0x00033344   0x00033344   0x00000034   Code   RO         4966    i.nrf_ble_gatt_init  nrf_ble_gatt.o
    0x00033378   0x00033378   0x00000108   Code   RO         4967    i.nrf_ble_gatt_on_ble_evt  nrf_ble_gatt.o
    0x00033480   0x00033480   0x00000052   Code   RO         5141    i.nrf_ble_scan_connect_with_target  nrf_ble_scan.o
    0x000334d2   0x000334d2   0x00000014   Code   RO         5143    i.nrf_ble_scan_default_conn_param_set  nrf_ble_scan.o
    0x000334e6   0x000334e6   0x00000024   Code   RO         5144    i.nrf_ble_scan_default_param_set  nrf_ble_scan.o
    0x0003350a   0x0003350a   0x00000078   Code   RO         5149    i.nrf_ble_scan_init  nrf_ble_scan.o
    0x00033582   0x00033582   0x000000ce   Code   RO         5150    i.nrf_ble_scan_on_adv_report  nrf_ble_scan.o
    0x00033650   0x00033650   0x00000056   Code   RO         5151    i.nrf_ble_scan_on_ble_evt  nrf_ble_scan.o
    0x000336a6   0x000336a6   0x00000034   Code   RO         5152    i.nrf_ble_scan_on_connected_evt  nrf_ble_scan.o
    0x000336da   0x000336da   0x0000003a   Code   RO         5153    i.nrf_ble_scan_on_req_report  nrf_ble_scan.o
    0x00033714   0x00033714   0x00000038   Code   RO         5154    i.nrf_ble_scan_on_timeout  nrf_ble_scan.o
    0x0003374c   0x0003374c   0x0000002e   Code   RO         5155    i.nrf_ble_scan_params_set  nrf_ble_scan.o
    0x0003377a   0x0003377a   0x00000004   Code   RO         5157    i.nrf_ble_scan_stop  nrf_ble_scan.o
    0x0003377e   0x0003377e   0x00000012   Code   RO         5727    i.nrf_clock_event_check  nrfx_clock.o
    0x00033790   0x00033790   0x00000012   Code   RO         5728    i.nrf_clock_event_clear  nrfx_clock.o
    0x000337a2   0x000337a2   0x00000002   PAD
    0x000337a4   0x000337a4   0x0000000c   Code   RO         5730    i.nrf_clock_int_disable  nrfx_clock.o
    0x000337b0   0x000337b0   0x00000010   Code   RO         5732    i.nrf_clock_lf_is_running  nrfx_clock.o
    0x000337c0   0x000337c0   0x00000008   Code   RO         5733    i.nrf_clock_task_trigger  nrfx_clock.o
    0x000337c8   0x000337c8   0x00000030   Code   RO         3781    i.nrf_delay_ms      nrfs_flash.o
    0x000337f8   0x000337f8   0x00000084   Code   RO         9611    i.nrf_dfu_flash_erase  nrf_dfu_flash.o
    0x0003387c   0x0003387c   0x00000024   Code   RO         9612    i.nrf_dfu_flash_init  nrf_dfu_flash.o
    0x000338a0   0x000338a0   0x00000088   Code   RO         9613    i.nrf_dfu_flash_store  nrf_dfu_flash.o
    0x00033928   0x00033928   0x00000194   Code   RO         9670    i.nrf_dfu_settings_init  nrf_dfu_settings.o
    0x00033abc   0x00033abc   0x00000028   Code   RO         9671    i.nrf_dfu_settings_write  nrf_dfu_settings.o
    0x00033ae4   0x00033ae4   0x00000020   Code   RO         9672    i.nrf_dfu_settings_write_and_backup  nrf_dfu_settings.o
    0x00033b04   0x00033b04   0x00000040   Code   RO         5378    i.nrf_drv_clock_init  nrf_drv_clock.o
    0x00033b44   0x00033b44   0x00000034   Code   RO         5382    i.nrf_drv_clock_lfclk_release  nrf_drv_clock.o
    0x00033b78   0x00033b78   0x0000008c   Code   RO         5530    i.nrf_drv_uart_init  nrf_drv_uart.o
    0x00033c04   0x00033c04   0x00000044   Code   RO         7482    i.nrf_drv_uart_rx   app_uart_fifo.o
    0x00033c48   0x00033c48   0x00000044   Code   RO         7483    i.nrf_drv_uart_tx   app_uart_fifo.o
    0x00033c8c   0x00033c8c   0x00000050   Code   RO         1906    i.nrf_err_code_convert  tuya_ble_port_nrf52832.o
    0x00033cdc   0x00033cdc   0x0000002a   Code   RO         8017    i.nrf_fprintf       nrf_fprintf.o
    0x00033d06   0x00033d06   0x0000001c   Code   RO         8018    i.nrf_fprintf_buffer_flush  nrf_fprintf.o
    0x00033d22   0x00033d22   0x000001f0   Code   RO         8055    i.nrf_fprintf_fmt   nrf_fprintf_format.o
    0x00033f12   0x00033f12   0x00000002   PAD
    0x00033f14   0x00033f14   0x00000170   Code   RO         8418    i.nrf_fstorage_erase  nrf_fstorage.o
    0x00034084   0x00034084   0x000000ac   Code   RO         8419    i.nrf_fstorage_init  nrf_fstorage.o
    0x00034130   0x00034130   0x000001ac   Code   RO         8421    i.nrf_fstorage_read  nrf_fstorage.o
    0x000342dc   0x000342dc   0x0000001c   Code   RO         8512    i.nrf_fstorage_sdh_req_handler  nrf_fstorage_sd.o
    0x000342f8   0x000342f8   0x0000002c   Code   RO         8513    i.nrf_fstorage_sdh_state_handler  nrf_fstorage_sd.o
    0x00034324   0x00034324   0x0000008c   Code   RO         8514    i.nrf_fstorage_sys_evt_handler  nrf_fstorage_sd.o
    0x000343b0   0x000343b0   0x00000264   Code   RO         8425    i.nrf_fstorage_write  nrf_fstorage.o
    0x00034614   0x00034614   0x00000028   Code   RO         6283    i.nrf_gpio_cfg      nrfx_uart.o
    0x0003463c   0x0003463c   0x00000028   Code   RO         6529    i.nrf_gpio_cfg      nrfx_uarte.o
    0x00034664   0x00034664   0x0000001a   Code   RO         6285    i.nrf_gpio_cfg_input  nrfx_uart.o
    0x0003467e   0x0003467e   0x0000001a   Code   RO         6531    i.nrf_gpio_cfg_input  nrfx_uarte.o
    0x00034698   0x00034698   0x00000018   Code   RO         6286    i.nrf_gpio_cfg_output  nrfx_uart.o
    0x000346b0   0x000346b0   0x00000018   Code   RO         6532    i.nrf_gpio_cfg_output  nrfx_uarte.o
    0x000346c8   0x000346c8   0x00000032   Code   RO         5913    i.nrf_gpio_cfg_sense_set  nrfx_gpiote.o
    0x000346fa   0x000346fa   0x00000016   Code   RO         6287    i.nrf_gpio_pin_set  nrfx_uart.o
    0x00034710   0x00034710   0x00000016   Code   RO         6533    i.nrf_gpio_pin_set  nrfx_uarte.o
    0x00034726   0x00034726   0x00000002   PAD
    0x00034728   0x00034728   0x00000028   Code   RO         5917    i.nrf_gpio_ports_read  nrfx_gpiote.o
    0x00034750   0x00034750   0x0000000c   Code   RO         5918    i.nrf_gpiote_event_addr_get  nrfx_gpiote.o
    0x0003475c   0x0003475c   0x0000001c   Code   RO         5919    i.nrf_gpiote_event_clear  nrfx_gpiote.o
    0x00034778   0x00034778   0x00000016   Code   RO         5920    i.nrf_gpiote_event_is_set  nrfx_gpiote.o
    0x0003478e   0x0003478e   0x00000002   PAD
    0x00034790   0x00034790   0x00000054   Code   RO         8880    i.nrf_log_backend_add  nrf_log_frontend.o
    0x000347e4   0x000347e4   0x00000002   Code   RO         8739    i.nrf_log_backend_rtt_flush  nrf_log_backend_rtt.o
    0x000347e6   0x000347e6   0x00000008   Code   RO         8740    i.nrf_log_backend_rtt_init  nrf_log_backend_rtt.o
    0x000347ee   0x000347ee   0x00000002   Code   RO         8741    i.nrf_log_backend_rtt_panic_set  nrf_log_backend_rtt.o
    0x000347f0   0x000347f0   0x00000020   Code   RO         8742    i.nrf_log_backend_rtt_put  nrf_log_backend_rtt.o
    0x00034810   0x00034810   0x000000f2   Code   RO         8800    i.nrf_log_backend_serial_put  nrf_log_backend_serial.o
    0x00034902   0x00034902   0x00000002   PAD
    0x00034904   0x00034904   0x00000038   Code   RO         8882    i.nrf_log_color_id_get  nrf_log_frontend.o
    0x0003493c   0x0003493c   0x00000028   Code   RO         8836    i.nrf_log_default_backends_init  nrf_log_default_backends.o
    0x00034964   0x00034964   0x0000031c   Code   RO         8883    i.nrf_log_frontend_dequeue  nrf_log_frontend.o
    0x00034c80   0x00034c80   0x00000014   Code   RO         8885    i.nrf_log_frontend_std_0  nrf_log_frontend.o
    0x00034c94   0x00034c94   0x00000018   Code   RO         8886    i.nrf_log_frontend_std_1  nrf_log_frontend.o
    0x00034cac   0x00034cac   0x00000020   Code   RO         8887    i.nrf_log_frontend_std_2  nrf_log_frontend.o
    0x00034ccc   0x00034ccc   0x00000028   Code   RO         8888    i.nrf_log_frontend_std_3  nrf_log_frontend.o
    0x00034cf4   0x00034cf4   0x000000bc   Code   RO         9076    i.nrf_log_hexdump_entry_process  nrf_log_str_formatter.o
    0x00034db0   0x00034db0   0x0000005c   Code   RO         8892    i.nrf_log_init      nrf_log_frontend.o
    0x00034e0c   0x00034e0c   0x00000014   Code   RO         8893    i.nrf_log_module_cnt_get  nrf_log_frontend.o
    0x00034e20   0x00034e20   0x00000024   Code   RO         8897    i.nrf_log_module_name_get  nrf_log_frontend.o
    0x00034e44   0x00034e44   0x00000038   Code   RO         8898    i.nrf_log_panic     nrf_log_frontend.o
    0x00034e7c   0x00034e7c   0x000000c8   Code   RO         9077    i.nrf_log_std_entry_process  nrf_log_str_formatter.o
    0x00034f44   0x00034f44   0x0000007a   Code   RO         8099    i.nrf_memobj_alloc  nrf_memobj.o
    0x00034fbe   0x00034fbe   0x00000040   Code   RO         8100    i.nrf_memobj_free   nrf_memobj.o
    0x00034ffe   0x00034ffe   0x00000010   Code   RO         8101    i.nrf_memobj_get    nrf_memobj.o
    0x0003500e   0x0003500e   0x0000000c   Code   RO         8102    i.nrf_memobj_pool_init  nrf_memobj.o
    0x0003501a   0x0003501a   0x0000001e   Code   RO         8103    i.nrf_memobj_put    nrf_memobj.o
    0x00035038   0x00035038   0x00000022   Code   RO         8104    i.nrf_memobj_read   nrf_memobj.o
    0x0003505a   0x0003505a   0x00000022   Code   RO         8105    i.nrf_memobj_write  nrf_memobj.o
    0x0003507c   0x0003507c   0x00000060   Code   RO         6900    i.nrf_nvmc_page_erase  nrf_nvmc.o
    0x000350dc   0x000350dc   0x00000074   Code   RO         6904    i.nrf_nvmc_write_words  nrf_nvmc.o
    0x00035150   0x00035150   0x00000040   Code   RO         8167    i.nrf_pwr_mgmt_init  nrf_pwr_mgmt.o
    0x00035190   0x00035190   0x00000070   Code   RO         8168    i.nrf_pwr_mgmt_run  nrf_pwr_mgmt.o
    0x00035200   0x00035200   0x0000001c   Code   RO         8250    i.nrf_ringbuf_init  nrf_ringbuf.o
    0x0003521c   0x0003521c   0x0000000e   Code   RO         6747    i.nrf_rtc_event_clear  nrfx_rtc.o
    0x0003522a   0x0003522a   0x00000006   Code   RO         6748    i.nrf_rtc_event_disable  nrfx_rtc.o
    0x00035230   0x00035230   0x00000006   Code   RO         6749    i.nrf_rtc_event_enable  nrfx_rtc.o
    0x00035236   0x00035236   0x00000006   Code   RO         6750    i.nrf_rtc_event_pending  nrfx_rtc.o
    0x0003523c   0x0003523c   0x00000006   Code   RO         6751    i.nrf_rtc_int_disable  nrfx_rtc.o
    0x00035242   0x00035242   0x00000006   Code   RO         6752    i.nrf_rtc_int_enable  nrfx_rtc.o
    0x00035248   0x00035248   0x0000000a   Code   RO         6753    i.nrf_rtc_int_is_enabled  nrfx_rtc.o
    0x00035252   0x00035252   0x00000006   Code   RO         6754    i.nrf_rtc_task_trigger  nrfx_rtc.o
    0x00035258   0x00035258   0x00000018   Code   RO         9517    i.nrf_sdh_ble_app_ram_start_get  nrf_sdh_ble.o
    0x00035270   0x00035270   0x00000160   Code   RO         9518    i.nrf_sdh_ble_default_cfg_set  nrf_sdh_ble.o
    0x000353d0   0x000353d0   0x0000014c   Code   RO         9519    i.nrf_sdh_ble_enable  nrf_sdh_ble.o
    0x0003551c   0x0003551c   0x00000070   Code   RO         9520    i.nrf_sdh_ble_evts_poll  nrf_sdh_ble.o
    0x0003558c   0x0003558c   0x00000068   Code   RO         9393    i.nrf_sdh_disable_request  nrf_sdh.o
    0x000355f4   0x000355f4   0x0000008c   Code   RO         9394    i.nrf_sdh_enable_request  nrf_sdh.o
    0x00035680   0x00035680   0x00000030   Code   RO         9395    i.nrf_sdh_evts_poll  nrf_sdh.o
    0x000356b0   0x000356b0   0x0000000c   Code   RO         9396    i.nrf_sdh_is_enabled  nrf_sdh.o
    0x000356bc   0x000356bc   0x00000028   Code   RO         9398    i.nrf_sdh_request_continue  nrf_sdh.o
    0x000356e4   0x000356e4   0x00000054   Code   RO         9576    i.nrf_sdh_soc_evts_poll  nrf_sdh_soc.o
    0x00035738   0x00035738   0x00000006   Code   RO         9401    i.nrf_section_iter_get  nrf_sdh.o
    0x0003573e   0x0003573e   0x00000014   Code   RO         8310    i.nrf_section_iter_init  nrf_section_iter.o
    0x00035752   0x00035752   0x0000002e   Code   RO         8311    i.nrf_section_iter_item_set  nrf_section_iter.o
    0x00035780   0x00035780   0x0000002e   Code   RO         8312    i.nrf_section_iter_next  nrf_section_iter.o
    0x000357ae   0x000357ae   0x00000002   PAD
    0x000357b0   0x000357b0   0x00000040   Code   RO         8345    i.nrf_strerror_find  nrf_strerror.o
    0x000357f0   0x000357f0   0x0000001c   Code   RO         8346    i.nrf_strerror_get  nrf_strerror.o
    0x0003580c   0x0003580c   0x0000000c   Code   RO         6288    i.nrf_uart_errorsrc_get_and_clear  nrfx_uart.o
    0x00035818   0x00035818   0x0000000e   Code   RO         6289    i.nrf_uart_event_check  nrfx_uart.o
    0x00035826   0x00035826   0x0000000e   Code   RO         6290    i.nrf_uart_event_clear  nrfx_uart.o
    0x00035834   0x00035834   0x0000000a   Code   RO         6291    i.nrf_uart_hwfc_pins_set  nrfx_uart.o
    0x0003583e   0x0003583e   0x00000006   Code   RO         6292    i.nrf_uart_int_disable  nrfx_uart.o
    0x00035844   0x00035844   0x00000006   Code   RO         6293    i.nrf_uart_int_enable  nrfx_uart.o
    0x0003584a   0x0003584a   0x00000012   Code   RO         6294    i.nrf_uart_int_enable_check  nrfx_uart.o
    0x0003585c   0x0003585c   0x00000006   Code   RO         6295    i.nrf_uart_task_trigger  nrfx_uart.o
    0x00035862   0x00035862   0x0000000a   Code   RO         6296    i.nrf_uart_txrx_pins_set  nrfx_uart.o
    0x0003586c   0x0003586c   0x0000000c   Code   RO         6534    i.nrf_uarte_errorsrc_get_and_clear  nrfx_uarte.o
    0x00035878   0x00035878   0x0000000e   Code   RO         6535    i.nrf_uarte_event_check  nrfx_uarte.o
    0x00035886   0x00035886   0x0000000e   Code   RO         6536    i.nrf_uarte_event_clear  nrfx_uarte.o
    0x00035894   0x00035894   0x0000000c   Code   RO         6537    i.nrf_uarte_hwfc_pins_set  nrfx_uarte.o
    0x000358a0   0x000358a0   0x00000006   Code   RO         6538    i.nrf_uarte_int_disable  nrfx_uarte.o
    0x000358a6   0x000358a6   0x00000006   Code   RO         6539    i.nrf_uarte_int_enable  nrfx_uarte.o
    0x000358ac   0x000358ac   0x0000000a   Code   RO         6540    i.nrf_uarte_rx_amount_get  nrfx_uarte.o
    0x000358b6   0x000358b6   0x0000000c   Code   RO         6541    i.nrf_uarte_shorts_disable  nrfx_uarte.o
    0x000358c2   0x000358c2   0x00000006   Code   RO         6542    i.nrf_uarte_task_trigger  nrfx_uarte.o
    0x000358c8   0x000358c8   0x0000000e   Code   RO         6543    i.nrf_uarte_txrx_pins_set  nrfx_uarte.o
    0x000358d6   0x000358d6   0x00000002   PAD
    0x000358d8   0x000358d8   0x000000a0   Code   RO         3373    i.nrfs_adv_init     nrfs_scan_adv.o
    0x00035978   0x00035978   0x000000ac   Code   RO         3375    i.nrfs_adv_start    nrfs_scan_adv.o
    0x00035a24   0x00035a24   0x0000000c   Code   RO         3376    i.nrfs_adv_state_update  nrfs_scan_adv.o
    0x00035a30   0x00035a30   0x000000a8   Code   RO         3377    i.nrfs_adv_stop     nrfs_scan_adv.o
    0x00035ad8   0x00035ad8   0x000000a0   Code   RO         3378    i.nrfs_adv_update_advDataAndScanRsp  nrfs_scan_adv.o
    0x00035b78   0x00035b78   0x000003a4   Code   RO         3468    i.nrfs_ble_evt_handler  nrfs_ble.o
    0x00035f1c   0x00035f1c   0x00000056   Code   RO         3469    i.nrfs_ble_stack_init  nrfs_ble.o
    0x00035f72   0x00035f72   0x00000002   PAD
    0x00035f74   0x00035f74   0x00000040   Code   RO         3470    i.nrfs_conn_param_update  nrfs_ble.o
    0x00035fb4   0x00035fb4   0x0000001e   Code   RO         3645    i.nrfs_delay_ms     nrfs_timer.o
    0x00035fd2   0x00035fd2   0x00000002   PAD
    0x00035fd4   0x00035fd4   0x00000014   Code   RO         3471    i.nrfs_disconnect   nrfs_ble.o
    0x00035fe8   0x00035fe8   0x00000014   Code   RO         3313    i.nrfs_enter_critical  nrfs_common.o
    0x00035ffc   0x00035ffc   0x00000010   Code   RO         3314    i.nrfs_exit_critical  nrfs_common.o
    0x0003600c   0x0003600c   0x0000016c   Code   RO         3782    i.nrfs_flash_erase  nrfs_flash.o
    0x00036178   0x00036178   0x00000044   Code   RO         3783    i.nrfs_flash_init   nrfs_flash.o
    0x000361bc   0x000361bc   0x00000024   Code   RO         3784    i.nrfs_flash_read   nrfs_flash.o
    0x000361e0   0x000361e0   0x000001e8   Code   RO         3785    i.nrfs_flash_write  nrfs_flash.o
    0x000363c8   0x000363c8   0x00000064   Code   RO         3472    i.nrfs_gap_params_init  nrfs_ble.o
    0x0003642c   0x0003642c   0x00000028   Code   RO         3473    i.nrfs_gatt_init    nrfs_ble.o
    0x00036454   0x00036454   0x00000018   Code   RO         3649    i.nrfs_get_old_timestamp  nrfs_timer.o
    0x0003646c   0x0003646c   0x00000020   Code   RO         3650    i.nrfs_get_timestamp  nrfs_timer.o
    0x0003648c   0x0003648c   0x00000008   Code   RO         3651    i.nrfs_local_timer_start  nrfs_timer.o
    0x00036494   0x00036494   0x0000001c   Code   RO         3315    i.nrfs_log_hexdump  nrfs_common.o
    0x000364b0   0x000364b0   0x00000002   Code   RO         3316    i.nrfs_log_hexdump_empty  nrfs_common.o
    0x000364b2   0x000364b2   0x0000003c   Code   RO         3317    i.nrfs_log_init     nrfs_common.o
    0x000364ee   0x000364ee   0x00000002   PAD
    0x000364f0   0x000364f0   0x00000080   Code   RO         3379    i.nrfs_scan_init    nrfs_scan_adv.o
    0x00036570   0x00036570   0x0000008c   Code   RO         3475    i.nrfs_set_bt_mac_addr  nrfs_ble.o
    0x000365fc   0x000365fc   0x00000080   Code   RO         3476    i.nrfs_set_conn_param  nrfs_ble.o
    0x0003667c   0x0003667c   0x00000078   Code   RO         3477    i.nrfs_set_defConn_param  nrfs_ble.o
    0x000366f4   0x000366f4   0x00000030   Code   RO         3565    i.nrfs_svc_init     nrfs_svc.o
    0x00036724   0x00036724   0x000000e8   Code   RO         3566    i.nrfs_svc_send_data  nrfs_svc.o
    0x0003680c   0x0003680c   0x0000005c   Code   RO         3318    i.nrfs_system_reset  nrfs_common.o
    0x00036868   0x00036868   0x00000002   Code   RO         3869    i.nrfs_test         nrfs_test.o
    0x0003686a   0x0003686a   0x00000002   PAD
    0x0003686c   0x0003686c   0x000000f4   Code   RO         3652    i.nrfs_timer_create  nrfs_timer.o
    0x00036960   0x00036960   0x000000dc   Code   RO         3654    i.nrfs_timer_start  nrfs_timer.o
    0x00036a3c   0x00036a3c   0x00000022   Code   RO         3655    i.nrfs_timer_stop   nrfs_timer.o
    0x00036a5e   0x00036a5e   0x00000002   PAD
    0x00036a60   0x00036a60   0x0000005c   Code   RO         3604    i.nrfs_uart_init    nrfs_uart.o
    0x00036abc   0x00036abc   0x0000004c   Code   RO         3605    i.nrfs_uart_send    nrfs_uart.o
    0x00036b08   0x00036b08   0x0000001c   Code   RO         3656    i.nrfs_update_timestamp  nrfs_timer.o
    0x00036b24   0x00036b24   0x00000014   Code   RO         5739    i.nrfx_clock_enable  nrfx_clock.o
    0x00036b38   0x00036b38   0x00000028   Code   RO         5742    i.nrfx_clock_init   nrfx_clock.o
    0x00036b60   0x00036b60   0x00000014   Code   RO         5745    i.nrfx_clock_lfclk_stop  nrfx_clock.o
    0x00036b74   0x00036b74   0x00000018   Code   RO         3657    i.nrfx_coredep_delay_us  nrfs_timer.o
    0x00036b8c   0x00036b8c   0x00000018   Code   RO         7273    i.nrfx_coredep_delay_us  app_timer.o
    0x00036ba4   0x00036ba4   0x00000008   Code   RO         5747    i.nrfx_get_irq_number  nrfx_clock.o
    0x00036bac   0x00036bac   0x00000008   Code   RO         6297    i.nrfx_get_irq_number  nrfx_uart.o
    0x00036bb4   0x00036bb4   0x00000008   Code   RO         6544    i.nrfx_get_irq_number  nrfx_uarte.o
    0x00036bbc   0x00036bbc   0x00000014   Code   RO         6545    i.nrfx_is_in_ram    nrfx_uarte.o
    0x00036bd0   0x00036bd0   0x000000a4   Code   RO         5748    i.nrfx_power_clock_irq_init  nrfx_clock.o
    0x00036c74   0x00036c74   0x00000054   Code   RO         6227    i.nrfx_prs_acquire  nrfx_prs.o
    0x00036cc8   0x00036cc8   0x00000020   Code   RO         6758    i.nrfx_rtc_enable   nrfx_rtc.o
    0x00036ce8   0x00036ce8   0x000000c4   Code   RO         6759    i.nrfx_rtc_init     nrfx_rtc.o
    0x00036dac   0x00036dac   0x0000002c   Code   RO         6764    i.nrfx_rtc_tick_enable  nrfx_rtc.o
    0x00036dd8   0x00036dd8   0x00000014   Code   RO         6298    i.nrfx_uart_0_irq_handler  nrfx_uart.o
    0x00036dec   0x00036dec   0x00000088   Code   RO         6300    i.nrfx_uart_init    nrfx_uart.o
    0x00036e74   0x00036e74   0x00000124   Code   RO         6301    i.nrfx_uart_rx      nrfx_uart.o
    0x00036f98   0x00036f98   0x0000008c   Code   RO         6306    i.nrfx_uart_tx      nrfx_uart.o
    0x00037024   0x00037024   0x00000024   Code   RO         6308    i.nrfx_uart_tx_in_progress  nrfx_uart.o
    0x00037048   0x00037048   0x00000014   Code   RO         6546    i.nrfx_uarte_0_irq_handler  nrfx_uarte.o
    0x0003705c   0x0003705c   0x00000080   Code   RO         6548    i.nrfx_uarte_init   nrfx_uarte.o
    0x000370dc   0x000370dc   0x00000138   Code   RO         6549    i.nrfx_uarte_rx     nrfx_uarte.o
    0x00037214   0x00037214   0x000000a8   Code   RO         6552    i.nrfx_uarte_tx     nrfx_uarte.o
    0x000372bc   0x000372bc   0x00000020   Code   RO         6554    i.nrfx_uarte_tx_in_progress  nrfx_uarte.o
    0x000372dc   0x000372dc   0x00000012   Code   RO         3567    i.nus_data_handler  nrfs_svc.o
    0x000372ee   0x000372ee   0x00000030   Code   RO         4593    i.on_conn_params_update  ble_conn_params.o
    0x0003731e   0x0003731e   0x00000002   PAD
    0x00037320   0x00037320   0x00000070   Code   RO         4594    i.on_connect        ble_conn_params.o
    0x00037390   0x00037390   0x00000074   Code   RO         5306    i.on_connect        ble_nus.o
    0x00037404   0x00037404   0x000000c4   Code   RO         4968    i.on_connected_evt  nrf_ble_gatt.o
    0x000374c8   0x000374c8   0x00000054   Code   RO         4969    i.on_data_length_update_evt  nrf_ble_gatt.o
    0x0003751c   0x0003751c   0x00000030   Code   RO         4970    i.on_data_length_update_request_evt  nrf_ble_gatt.o
    0x0003754c   0x0003754c   0x00000032   Code   RO         4595    i.on_disconnect     ble_conn_params.o
    0x0003757e   0x0003757e   0x00000014   Code   RO         4971    i.on_disconnected_evt  nrf_ble_gatt.o
    0x00037592   0x00037592   0x00000002   PAD
    0x00037594   0x00037594   0x000000c8   Code   RO         4972    i.on_exchange_mtu_request_evt  nrf_ble_gatt.o
    0x0003765c   0x0003765c   0x00000064   Code   RO         4973    i.on_exchange_mtu_rsp_evt  nrf_ble_gatt.o
    0x000376c0   0x000376c0   0x00000044   Code   RO         5307    i.on_hvx_tx_complete  ble_nus.o
    0x00037704   0x00037704   0x00000024   Code   RO         8515    i.on_operation_failure  nrf_fstorage_sd.o
    0x00037728   0x00037728   0x0000005c   Code   RO         8516    i.on_operation_success  nrf_fstorage_sd.o
    0x00037784   0x00037784   0x00000058   Code   RO         4596    i.on_write          ble_conn_params.o
    0x000377dc   0x000377dc   0x00000094   Code   RO         5308    i.on_write          ble_nus.o
    0x00037870   0x00037870   0x00000358   Code   RO          636    i.open_meth_creat_handler  lock_dp_parser.o
    0x00037bc8   0x00037bc8   0x000001bc   Code   RO          637    i.open_meth_delete_handler  lock_dp_parser.o
    0x00037d84   0x00037d84   0x00000012   Code   RO          638    i.open_meth_freeze_or_unfreeze_handler  lock_dp_parser.o
    0x00037d96   0x00037d96   0x00000002   PAD
    0x00037d98   0x00037d98   0x0000015c   Code   RO          639    i.open_meth_modify_handler  lock_dp_parser.o
    0x00037ef4   0x00037ef4   0x000001f4   Code   RO          640    i.open_meth_sync_handler  lock_dp_parser.o
    0x000380e8   0x000380e8   0x000000a8   Code   RO          641    i.open_meth_sync_new_handler  lock_dp_parser.o
    0x00038190   0x00038190   0x0000003c   Code   RO          642    i.open_with_bt_handler  lock_dp_parser.o
    0x000381cc   0x000381cc   0x00000180   Code   RO          643    i.open_with_nopwd_remote_handler  lock_dp_parser.o
    0x0003834c   0x0003834c   0x00000054   Code   RO          644    i.open_with_nopwd_remote_setkey_handler  lock_dp_parser.o
    0x000383a0   0x000383a0   0x00000048   Code   RO         9079    i.postfix_process   nrf_log_str_formatter.o
    0x000383e8   0x000383e8   0x0000001c   Code   RO         3902    i.power_management_init  main.o
    0x00038404   0x00038404   0x000000a4   Code   RO         9080    i.prefix_process    nrf_log_str_formatter.o
    0x000384a8   0x000384a8   0x00000018   Code   RO         6229    i.prs_box_get       nrfx_prs.o
    0x000384c0   0x000384c0   0x0000007c   Code   RO        11204    i.prvHeapInit       tuya_ble_sdk_nRF52832.lib(tuya_ble_heap.o)
    0x0003853c   0x0003853c   0x00000068   Code   RO        11205    i.prvInsertBlockIntoFreeList  tuya_ble_sdk_nRF52832.lib(tuya_ble_heap.o)
    0x000385a4   0x000385a4   0x000000d0   Code   RO        11206    i.pvTuyaPortMalloc  tuya_ble_sdk_nRF52832.lib(tuya_ble_heap.o)
    0x00038674   0x00038674   0x00000024   Code   RO          948    i.pwd_number_convert_to_integer  lock_dynamic_pwd.o
    0x00038698   0x00038698   0x00000018   Code   RO         8517    i.queue_free        nrf_fstorage_sd.o
    0x000386b0   0x000386b0   0x0000002c   Code   RO         8518    i.queue_load_next   nrf_fstorage_sd.o
    0x000386dc   0x000386dc   0x00000090   Code   RO         8519    i.queue_process     nrf_fstorage_sd.o
    0x0003876c   0x0003876c   0x0000001c   Code   RO         8520    i.queue_start       nrf_fstorage_sd.o
    0x00038788   0x00038788   0x00000010   Code   RO         9521    i.ram_end_address_get  nrf_sdh_ble.o
    0x00038798   0x00038798   0x0000001c   Code   RO         8521    i.read              nrf_fstorage_sd.o
    0x000387b4   0x000387b4   0x0000001c   Code   RO         8646    i.read              nrf_fstorage_nvmc.o
    0x000387d0   0x000387d0   0x0000017c   Code   RO         2681    i.read_env          ef_env.o
    0x0003894c   0x0003894c   0x000001cc   Code   RO         2682    i.read_sector_meta_data  ef_env.o
    0x00038b18   0x00038b18   0x00000074   Code   RO         2683    i.read_status       ef_env.o
    0x00038b8c   0x00038b8c   0x00000028   Code   RO         4704    i.record_activate   ble_conn_state.o
    0x00038bb4   0x00038bb4   0x00000020   Code   RO         4705    i.record_invalidate  ble_conn_state.o
    0x00038bd4   0x00038bd4   0x00000048   Code   RO         4706    i.record_purge_disconnected  ble_conn_state.o
    0x00038c1c   0x00038c1c   0x00000014   Code   RO         4707    i.record_set_disconnected  ble_conn_state.o
    0x00038c30   0x00038c30   0x0000000c   Code   RO          836    i.reset_with_disconn_outtime_cb  lock_timer.o
    0x00038c3c   0x00038c3c   0x0000000c   Code   RO          837    i.reset_with_disconn_outtime_cb_handler  lock_timer.o
    0x00038c48   0x00038c48   0x00000006   Code   RO         8522    i.rmap              nrf_fstorage_sd.o
    0x00038c4e   0x00038c4e   0x00000006   Code   RO         8647    i.rmap              nrf_fstorage_nvmc.o
    0x00038c54   0x00038c54   0x0000000c   Code   RO         7274    i.rtc1_compare0_set  app_timer.o
    0x00038c60   0x00038c60   0x0000000c   Code   RO         7275    i.rtc1_counter_get  app_timer.o
    0x00038c6c   0x00038c6c   0x00000018   Code   RO         7276    i.rtc1_init         app_timer.o
    0x00038c84   0x00038c84   0x0000003c   Code   RO         7277    i.rtc1_start        app_timer.o
    0x00038cc0   0x00038cc0   0x00000058   Code   RO         7278    i.rtc1_stop         app_timer.o
    0x00038d18   0x00038d18   0x0000004c   Code   RO         3659    i.rtc2_config       nrfs_timer.o
    0x00038d64   0x00038d64   0x00000030   Code   RO         3660    i.rtc2_handler      nrfs_timer.o
    0x00038d94   0x00038d94   0x00000008   Code   RO         3661    i.rtc2_start        nrfs_timer.o
    0x00038d9c   0x00038d9c   0x0000003e   Code   RO         6311    i.rx_byte           nrfx_uart.o
    0x00038dda   0x00038dda   0x0000001c   Code   RO         6312    i.rx_done_event     nrfx_uart.o
    0x00038df6   0x00038df6   0x0000001c   Code   RO         6557    i.rx_done_event     nrfx_uarte.o
    0x00038e12   0x00038e12   0x00000022   Code   RO         6313    i.rx_enable         nrfx_uart.o
    0x00038e34   0x00038e34   0x00000174   Code   RO         3383    i.scan_evt_handler  nrfs_scan_adv.o
    0x00038fa8   0x00038fa8   0x00000098   Code   RO         9402    i.sd_nvic_EnableIRQ  nrf_sdh.o
    0x00039040   0x00039040   0x00000068   Code   RO         7571    i.sd_nvic_critical_region_enter  app_util_platform.o
    0x000390a8   0x000390a8   0x00000070   Code   RO         5385    i.sd_state_evt_handler  nrf_drv_clock.o
    0x00039118   0x00039118   0x0000003c   Code   RO         9403    i.sdh_request_observer_notify  nrf_sdh.o
    0x00039154   0x00039154   0x00000034   Code   RO         9404    i.sdh_state_observer_notify  nrf_sdh.o
    0x00039188   0x00039188   0x00000060   Code   RO         2684    i.sector_iterator   ef_env.o
    0x000391e8   0x000391e8   0x0000002e   Code   RO         2685    i.sector_statistics_cb  ef_env.o
    0x00039216   0x00039216   0x00000002   PAD
    0x00039218   0x00039218   0x00000018   Code   RO         4597    i.send_error_evt    ble_conn_params.o
    0x00039230   0x00039230   0x00000084   Code   RO         8743    i.serial_tx         nrf_log_backend_rtt.o
    0x000392b4   0x000392b4   0x00000018   Code   RO        10523    i.set_ble_receive_sn  tuya_ble_sdk_nRF52832.lib(tuya_ble_data_handler.o)
    0x000392cc   0x000392cc   0x00000094   Code   RO         2686    i.set_env           ef_env.o
    0x00039360   0x00039360   0x000000be   Code   RO         4897    i.set_security_req  ble_srv_common.o
    0x0003941e   0x0003941e   0x00000030   Code   RO         2687    i.set_status        ef_env.o
    0x0003944e   0x0003944e   0x00000002   PAD
    0x00039450   0x00039450   0x000000c4   Code   RO         9673    i.settings_backup   nrf_dfu_settings.o
    0x00039514   0x00039514   0x00000028   Code   RO         9674    i.settings_backup_crc_ok  nrf_dfu_settings.o
    0x0003953c   0x0003953c   0x00000010   Code   RO         9675    i.settings_crc_get  nrf_dfu_settings.o
    0x0003954c   0x0003954c   0x00000010   Code   RO         9676    i.settings_crc_ok   nrf_dfu_settings.o
    0x0003955c   0x0003955c   0x00000018   Code   RO         9677    i.settings_forbidden_parts_copy_from_backup  nrf_dfu_settings.o
    0x00039574   0x00039574   0x000000dc   Code   RO         9679    i.settings_write    nrf_dfu_settings.o
    0x00039650   0x00039650   0x0000001c   Code   RO         5386    i.soc_evt_handler   nrf_drv_clock.o
    0x0003966c   0x0003966c   0x0000006c   Code   RO         9405    i.softdevice_evt_irq_disable  nrf_sdh.o
    0x000396d8   0x000396d8   0x0000001e   Code   RO         9406    i.softdevices_evt_irq_enable  nrf_sdh.o
    0x000396f6   0x000396f6   0x0000006e   Code   RO        11741    i.sqrt              m_wm.l(sqrt.o)
    0x00039764   0x00039764   0x00000064   Code   RO         8900    i.std_header_set    nrf_log_frontend.o
    0x000397c8   0x000397c8   0x00000070   Code   RO         8901    i.std_n             nrf_log_frontend.o
    0x00039838   0x00039838   0x00000074   Code   RO         8056    i.string_print      nrf_fprintf_format.o
    0x000398ac   0x000398ac   0x00000010   Code   RO         1788    i.sys_settings_crc_get  tuya_ble_storage.o
    0x000398bc   0x000398bc   0x00000022   Code   RO         1789    i.sys_settings_crc_ok  tuya_ble_storage.o
    0x000398de   0x000398de   0x00000002   PAD
    0x000398e0   0x000398e0   0x000000e8   Code   RO          645    i.temp_pw_creat_handler  lock_dp_parser.o
    0x000399c8   0x000399c8   0x000000c4   Code   RO          646    i.temp_pw_delete_handler  lock_dp_parser.o
    0x00039a8c   0x00039a8c   0x000000d4   Code   RO          647    i.temp_pw_modify_handler  lock_dp_parser.o
    0x00039b60   0x00039b60   0x0000000a   Code   RO         7279    i.ticks_diff_get    app_timer.o
    0x00039b6a   0x00039b6a   0x0000000c   Code   RO         7280    i.timeout_handler_exec  app_timer.o
    0x00039b76   0x00039b76   0x00000002   PAD
    0x00039b78   0x00039b78   0x00000050   Code   RO         7281    i.timer_list_handler  app_timer.o
    0x00039bc8   0x00039bc8   0x0000000a   Code   RO         7282    i.timer_list_handler_sched  app_timer.o
    0x00039bd2   0x00039bd2   0x00000002   PAD
    0x00039bd4   0x00039bd4   0x00000068   Code   RO         7283    i.timer_list_insert  app_timer.o
    0x00039c3c   0x00039c3c   0x00000088   Code   RO         7284    i.timer_list_remove  app_timer.o
    0x00039cc4   0x00039cc4   0x00000064   Code   RO         7285    i.timer_start_op_schedule  app_timer.o
    0x00039d28   0x00039d28   0x00000044   Code   RO         7286    i.timer_stop_op_schedule  app_timer.o
    0x00039d6c   0x00039d6c   0x00000098   Code   RO         7287    i.timer_timeouts_check  app_timer.o
    0x00039e04   0x00039e04   0x0000000a   Code   RO         7288    i.timer_timeouts_check_sched  app_timer.o
    0x00039e0e   0x00039e0e   0x00000002   Code   RO         9081    i.timestamp_print   nrf_log_str_formatter.o
    0x00039e10   0x00039e10   0x0000000e   Code   RO        11284    i.trsmitr_init      tuya_ble_sdk_nRF52832.lib(tuya_ble_mutli_tsf_protocol.o)
    0x00039e1e   0x00039e1e   0x00000148   Code   RO        11285    i.trsmitr_recv_pkg_decode  tuya_ble_sdk_nRF52832.lib(tuya_ble_mutli_tsf_protocol.o)
    0x00039f66   0x00039f66   0x0000012e   Code   RO        11286    i.trsmitr_send_pkg_encode  tuya_ble_sdk_nRF52832.lib(tuya_ble_mutli_tsf_protocol.o)
    0x0003a094   0x0003a094   0x00000066   Code   RO        11071    i.tuya_ble_Add_Pkcs  tuya_ble_sdk_nRF52832.lib(tuya_ble_cryption_api.o)
    0x0003a0fa   0x0003a0fa   0x00000002   PAD
    0x0003a0fc   0x0003a0fc   0x0000013c   Code   RO        10711    i.tuya_ble_adv_change  tuya_ble_sdk_nRF52832.lib(tuya_ble_main.o)
    0x0003a238   0x0003a238   0x00000052   Code   RO         1907    i.tuya_ble_aes128_cbc_decrypt  tuya_ble_port_nrf52832.o
    0x0003a28a   0x0003a28a   0x00000052   Code   RO         1908    i.tuya_ble_aes128_cbc_encrypt  tuya_ble_port_nrf52832.o
    0x0003a2dc   0x0003a2dc   0x0000005e   Code   RO         1910    i.tuya_ble_aes128_ecb_encrypt  tuya_ble_port_nrf52832.o
    0x0003a33a   0x0003a33a   0x0000001c   Code   RO         1911    i.tuya_ble_app_production_test_process  tuya_ble_port_nrf52832.o
    0x0003a356   0x0003a356   0x00000002   PAD
    0x0003a358   0x0003a358   0x0000003c   Code   RO         9963    i.tuya_ble_callback_queue_register  tuya_ble_sdk_nRF52832.lib(tuya_ble_api.o)
    0x0003a394   0x0003a394   0x0000002c   Code   RO        10712    i.tuya_ble_cb_event_send  tuya_ble_sdk_nRF52832.lib(tuya_ble_main.o)
    0x0003a3c0   0x0003a3c0   0x0000022c   Code   RO        10524    i.tuya_ble_commData_send  tuya_ble_sdk_nRF52832.lib(tuya_ble_data_handler.o)
    0x0003a5ec   0x0003a5ec   0x00000178   Code   RO        10525    i.tuya_ble_commonData_rx_proc  tuya_ble_sdk_nRF52832.lib(tuya_ble_data_handler.o)
    0x0003a764   0x0003a764   0x00000002   Code   RO         9964    i.tuya_ble_connect_monitor_timer_init  tuya_ble_sdk_nRF52832.lib(tuya_ble_api.o)
    0x0003a766   0x0003a766   0x00000002   Code   RO         9965    i.tuya_ble_connect_monitor_timer_start  tuya_ble_sdk_nRF52832.lib(tuya_ble_api.o)
    0x0003a768   0x0003a768   0x00000002   Code   RO         9966    i.tuya_ble_connect_monitor_timer_stop  tuya_ble_sdk_nRF52832.lib(tuya_ble_api.o)
    0x0003a76a   0x0003a76a   0x00000002   PAD
    0x0003a76c   0x0003a76c   0x0000000c   Code   RO        10713    i.tuya_ble_connect_status_get  tuya_ble_sdk_nRF52832.lib(tuya_ble_main.o)
    0x0003a778   0x0003a778   0x00000018   Code   RO        10714    i.tuya_ble_connect_status_set  tuya_ble_sdk_nRF52832.lib(tuya_ble_main.o)
    0x0003a790   0x0003a790   0x0000001a   Code   RO         9967    i.tuya_ble_connected_handler  tuya_ble_sdk_nRF52832.lib(tuya_ble_api.o)
    0x0003a7aa   0x0003a7aa   0x00000002   PAD
    0x0003a7ac   0x0003a7ac   0x00000040   Code   RO        10891    i.tuya_ble_crc16_compute  tuya_ble_sdk_nRF52832.lib(tuya_ble_utils.o)
    0x0003a7ec   0x0003a7ec   0x0000004c   Code   RO        10892    i.tuya_ble_crc32_compute  tuya_ble_sdk_nRF52832.lib(tuya_ble_utils.o)
    0x0003a838   0x0003a838   0x00000030   Code   RO        10715    i.tuya_ble_custom_event_send  tuya_ble_sdk_nRF52832.lib(tuya_ble_main.o)
    0x0003a868   0x0003a868   0x000000a8   Code   RO        11072    i.tuya_ble_decryption  tuya_ble_sdk_nRF52832.lib(tuya_ble_cryption_api.o)
    0x0003a910   0x0003a910   0x0000000c   Code   RO         1912    i.tuya_ble_device_delay_ms  tuya_ble_port_nrf52832.o
    0x0003a91c   0x0003a91c   0x00000008   Code   RO         1914    i.tuya_ble_device_enter_critical  tuya_ble_port_nrf52832.o
    0x0003a924   0x0003a924   0x00000008   Code   RO         1915    i.tuya_ble_device_exit_critical  tuya_ble_port_nrf52832.o
    0x0003a92c   0x0003a92c   0x0000001c   Code   RO         9969    i.tuya_ble_device_factory_reset  tuya_ble_sdk_nRF52832.lib(tuya_ble_api.o)
    0x0003a948   0x0003a948   0x00000074   Code   RO        11073    i.tuya_ble_device_id_encrypt  tuya_ble_sdk_nRF52832.lib(tuya_ble_cryption_api.o)
    0x0003a9bc   0x0003a9bc   0x00000048   Code   RO        11074    i.tuya_ble_device_id_key_generate  tuya_ble_sdk_nRF52832.lib(tuya_ble_cryption_api.o)
    0x0003aa04   0x0003aa04   0x0000000a   Code   RO         1916    i.tuya_ble_device_reset  tuya_ble_port_nrf52832.o
    0x0003aa0e   0x0003aa0e   0x00000002   PAD
    0x0003aa10   0x0003aa10   0x00000028   Code   RO        10526    i.tuya_ble_device_unbond  tuya_ble_sdk_nRF52832.lib(tuya_ble_data_handler.o)
    0x0003aa38   0x0003aa38   0x0000001a   Code   RO         9973    i.tuya_ble_disconnected_handler  tuya_ble_sdk_nRF52832.lib(tuya_ble_api.o)
    0x0003aa52   0x0003aa52   0x00000078   Code   RO         9974    i.tuya_ble_dp_data_report  tuya_ble_sdk_nRF52832.lib(tuya_ble_api.o)
    0x0003aaca   0x0003aaca   0x00000080   Code   RO         9975    i.tuya_ble_dp_data_with_time_report  tuya_ble_sdk_nRF52832.lib(tuya_ble_api.o)
    0x0003ab4a   0x0003ab4a   0x00000052   Code   RO        11075    i.tuya_ble_encrypt_old_with_key  tuya_ble_sdk_nRF52832.lib(tuya_ble_cryption_api.o)
    0x0003ab9c   0x0003ab9c   0x0000007c   Code   RO        11076    i.tuya_ble_encryption  tuya_ble_sdk_nRF52832.lib(tuya_ble_cryption_api.o)
    0x0003ac18   0x0003ac18   0x00000020   Code   RO        10716    i.tuya_ble_event_init  tuya_ble_sdk_nRF52832.lib(tuya_ble_main.o)
    0x0003ac38   0x0003ac38   0x00000084   Code   RO        10717    i.tuya_ble_event_process  tuya_ble_sdk_nRF52832.lib(tuya_ble_main.o)
    0x0003acbc   0x0003acbc   0x00000018   Code   RO        11144    i.tuya_ble_event_queue_init  tuya_ble_sdk_nRF52832.lib(tuya_ble_event.o)
    0x0003acd4   0x0003acd4   0x00000024   Code   RO        10718    i.tuya_ble_event_send  tuya_ble_sdk_nRF52832.lib(tuya_ble_main.o)
    0x0003acf8   0x0003acf8   0x000000ee   Code   RO        10527    i.tuya_ble_evt_process  tuya_ble_sdk_nRF52832.lib(tuya_ble_data_handler.o)
    0x0003ade6   0x0003ade6   0x00000014   Code   RO        10854    i.tuya_ble_free     tuya_ble_sdk_nRF52832.lib(tuya_ble_mem.o)
    0x0003adfa   0x0003adfa   0x00000002   PAD
    0x0003adfc   0x0003adfc   0x0000002c   Code   RO         1918    i.tuya_ble_gap_advertising_adv_data_update  tuya_ble_port_nrf52832.o
    0x0003ae28   0x0003ae28   0x0000002c   Code   RO         1919    i.tuya_ble_gap_advertising_scan_rsp_data_update  tuya_ble_port_nrf52832.o
    0x0003ae54   0x0003ae54   0x0000001a   Code   RO         1920    i.tuya_ble_gap_disconnect  tuya_ble_port_nrf52832.o
    0x0003ae6e   0x0003ae6e   0x0000003e   Code   RO         9976    i.tuya_ble_gatt_receive_data  tuya_ble_sdk_nRF52832.lib(tuya_ble_api.o)
    0x0003aeac   0x0003aeac   0x0000002c   Code   RO         1921    i.tuya_ble_gatt_send_data  tuya_ble_port_nrf52832.o
    0x0003aed8   0x0003aed8   0x00000048   Code   RO        11077    i.tuya_ble_generate_key1  tuya_ble_sdk_nRF52832.lib(tuya_ble_cryption_api.o)
    0x0003af20   0x0003af20   0x00000062   Code   RO        10528    i.tuya_ble_handle_anomaly_unbond_req  tuya_ble_sdk_nRF52832.lib(tuya_ble_data_handler.o)
    0x0003af82   0x0003af82   0x0000001c   Code   RO        10719    i.tuya_ble_handle_ble_cmd_evt  tuya_ble_sdk_nRF52832.lib(tuya_ble_main.o)
    0x0003af9e   0x0003af9e   0x00000002   PAD
    0x0003afa0   0x0003afa0   0x000000a8   Code   RO        10529    i.tuya_ble_handle_ble_factory_test_req  tuya_ble_sdk_nRF52832.lib(tuya_ble_data_handler.o)
    0x0003b048   0x0003b048   0x0000004a   Code   RO        10530    i.tuya_ble_handle_ble_passthrough_data_req  tuya_ble_sdk_nRF52832.lib(tuya_ble_data_handler.o)
    0x0003b092   0x0003b092   0x00000002   PAD
    0x0003b094   0x0003b094   0x00000070   Code   RO        10720    i.tuya_ble_handle_connect_change_evt  tuya_ble_sdk_nRF52832.lib(tuya_ble_main.o)
    0x0003b104   0x0003b104   0x00000040   Code   RO        10721    i.tuya_ble_handle_data_passthrough_evt  tuya_ble_sdk_nRF52832.lib(tuya_ble_main.o)
    0x0003b144   0x0003b144   0x00000120   Code   RO        10531    i.tuya_ble_handle_dev_infor_req  tuya_ble_sdk_nRF52832.lib(tuya_ble_data_handler.o)
    0x0003b264   0x0003b264   0x0000006c   Code   RO        10722    i.tuya_ble_handle_device_info_update_evt  tuya_ble_sdk_nRF52832.lib(tuya_ble_main.o)
    0x0003b2d0   0x0003b2d0   0x00000074   Code   RO        10532    i.tuya_ble_handle_device_reset_req  tuya_ble_sdk_nRF52832.lib(tuya_ble_data_handler.o)
    0x0003b344   0x0003b344   0x0000001a   Code   RO        10533    i.tuya_ble_handle_dp_data_report_res  tuya_ble_sdk_nRF52832.lib(tuya_ble_data_handler.o)
    0x0003b35e   0x0003b35e   0x00000030   Code   RO        10723    i.tuya_ble_handle_dp_data_reported_evt  tuya_ble_sdk_nRF52832.lib(tuya_ble_main.o)
    0x0003b38e   0x0003b38e   0x0000001a   Code   RO        10534    i.tuya_ble_handle_dp_data_with_time_report_res  tuya_ble_sdk_nRF52832.lib(tuya_ble_data_handler.o)
    0x0003b3a8   0x0003b3a8   0x0000006c   Code   RO        10724    i.tuya_ble_handle_dp_data_with_time_reported_evt  tuya_ble_sdk_nRF52832.lib(tuya_ble_main.o)
    0x0003b414   0x0003b414   0x00000082   Code   RO        10535    i.tuya_ble_handle_dp_query_req  tuya_ble_sdk_nRF52832.lib(tuya_ble_data_handler.o)
    0x0003b496   0x0003b496   0x00000002   PAD
    0x0003b498   0x0003b498   0x000000e8   Code   RO        10536    i.tuya_ble_handle_dp_write_req  tuya_ble_sdk_nRF52832.lib(tuya_ble_data_handler.o)
    0x0003b580   0x0003b580   0x0000001c   Code   RO        10725    i.tuya_ble_handle_factory_reset_evt  tuya_ble_sdk_nRF52832.lib(tuya_ble_main.o)
    0x0003b59c   0x0003b59c   0x000000ae   Code   RO        10537    i.tuya_ble_handle_net_config_info_req  tuya_ble_sdk_nRF52832.lib(tuya_ble_data_handler.o)
    0x0003b64a   0x0003b64a   0x00000032   Code   RO        10726    i.tuya_ble_handle_net_config_response_evt  tuya_ble_sdk_nRF52832.lib(tuya_ble_main.o)
    0x0003b67c   0x0003b67c   0x0000007c   Code   RO        10538    i.tuya_ble_handle_ota_req  tuya_ble_sdk_nRF52832.lib(tuya_ble_data_handler.o)
    0x0003b6f8   0x0003b6f8   0x0000005a   Code   RO        10727    i.tuya_ble_handle_ota_response_evt  tuya_ble_sdk_nRF52832.lib(tuya_ble_main.o)
    0x0003b752   0x0003b752   0x00000002   PAD
    0x0003b754   0x0003b754   0x00000100   Code   RO        10539    i.tuya_ble_handle_pair_req  tuya_ble_sdk_nRF52832.lib(tuya_ble_data_handler.o)
    0x0003b854   0x0003b854   0x000000c4   Code   RO        10728    i.tuya_ble_handle_uart_cmd_evt  tuya_ble_sdk_nRF52832.lib(tuya_ble_main.o)
    0x0003b918   0x0003b918   0x00000062   Code   RO        10540    i.tuya_ble_handle_unbond_req  tuya_ble_sdk_nRF52832.lib(tuya_ble_data_handler.o)
    0x0003b97a   0x0003b97a   0x00000002   PAD
    0x0003b97c   0x0003b97c   0x0000008c   Code   RO        10541    i.tuya_ble_handle_unix_time_char_ms_resp  tuya_ble_sdk_nRF52832.lib(tuya_ble_data_handler.o)
    0x0003ba08   0x0003ba08   0x00000054   Code   RO        10898    i.tuya_ble_hextoascii  tuya_ble_sdk_nRF52832.lib(tuya_ble_utils.o)
    0x0003ba5c   0x0003ba5c   0x00000070   Code   RO        10729    i.tuya_ble_inter_event_response  tuya_ble_sdk_nRF52832.lib(tuya_ble_main.o)
    0x0003bacc   0x0003bacc   0x00000010   Code   RO        10899    i.tuya_ble_is_word_aligned_tuya  tuya_ble_sdk_nRF52832.lib(tuya_ble_utils.o)
    0x0003badc   0x0003badc   0x0000018c   Code   RO        11078    i.tuya_ble_key_generate  tuya_ble_sdk_nRF52832.lib(tuya_ble_cryption_api.o)
    0x0003bc68   0x0003bc68   0x00000020   Code   RO        10542    i.tuya_ble_lock_test_rsp  tuya_ble_sdk_nRF52832.lib(tuya_ble_data_handler.o)
    0x0003bc88   0x0003bc88   0x00000008   Code   RO        10730    i.tuya_ble_main_tasks_exec  tuya_ble_sdk_nRF52832.lib(tuya_ble_main.o)
    0x0003bc90   0x0003bc90   0x0000001a   Code   RO        10856    i.tuya_ble_malloc   tuya_ble_sdk_nRF52832.lib(tuya_ble_mem.o)
    0x0003bcaa   0x0003bcaa   0x00000034   Code   RO         1922    i.tuya_ble_md5_crypt  tuya_ble_port_nrf52832.o
    0x0003bcde   0x0003bcde   0x00000002   PAD
    0x0003bce0   0x0003bce0   0x00000014   Code   RO        11145    i.tuya_ble_message_send  tuya_ble_sdk_nRF52832.lib(tuya_ble_event.o)
    0x0003bcf4   0x0003bcf4   0x00000028   Code   RO         1923    i.tuya_ble_nv_erase  tuya_ble_port_nrf52832.o
    0x0003bd1c   0x0003bd1c   0x00000004   Code   RO         1924    i.tuya_ble_nv_init  tuya_ble_port_nrf52832.o
    0x0003bd20   0x0003bd20   0x00000020   Code   RO         1925    i.tuya_ble_nv_read  tuya_ble_port_nrf52832.o
    0x0003bd40   0x0003bd40   0x00000022   Code   RO         1926    i.tuya_ble_nv_write  tuya_ble_port_nrf52832.o
    0x0003bd62   0x0003bd62   0x00000002   PAD
    0x0003bd64   0x0003bd64   0x00000078   Code   RO         9978    i.tuya_ble_ota_response  tuya_ble_sdk_nRF52832.lib(tuya_ble_api.o)
    0x0003bddc   0x0003bddc   0x0000000c   Code   RO        10543    i.tuya_ble_ota_status_get  tuya_ble_sdk_nRF52832.lib(tuya_ble_data_handler.o)
    0x0003bde8   0x0003bde8   0x00000024   Code   RO        10545    i.tuya_ble_pair_rand_clear  tuya_ble_sdk_nRF52832.lib(tuya_ble_data_handler.o)
    0x0003be0c   0x0003be0c   0x0000000c   Code   RO        10546    i.tuya_ble_pair_rand_valid_get  tuya_ble_sdk_nRF52832.lib(tuya_ble_data_handler.o)
    0x0003be18   0x0003be18   0x00000050   Code   RO         1927    i.tuya_ble_rand_generator  tuya_ble_port_nrf52832.o
    0x0003be68   0x0003be68   0x00000020   Code   RO        10547    i.tuya_ble_reset_ble_sn  tuya_ble_sdk_nRF52832.lib(tuya_ble_data_handler.o)
    0x0003be88   0x0003be88   0x00000080   Code   RO        11146    i.tuya_ble_sched_event_put  tuya_ble_sdk_nRF52832.lib(tuya_ble_event.o)
    0x0003bf08   0x0003bf08   0x00000044   Code   RO        11147    i.tuya_ble_sched_init  tuya_ble_sdk_nRF52832.lib(tuya_ble_event.o)
    0x0003bf4c   0x0003bf4c   0x0000011c   Code   RO         9979    i.tuya_ble_sdk_init  tuya_ble_sdk_nRF52832.lib(tuya_ble_api.o)
    0x0003c068   0x0003c068   0x00000014   Code   RO        10548    i.tuya_ble_set_device_version  tuya_ble_sdk_nRF52832.lib(tuya_ble_data_handler.o)
    0x0003c07c   0x0003c07c   0x00000044   Code   RO         1790    i.tuya_ble_storage_init  tuya_ble_storage.o
    0x0003c0c0   0x0003c0c0   0x000000e0   Code   RO         1791    i.tuya_ble_storage_load_settings  tuya_ble_storage.o
    0x0003c1a0   0x0003c1a0   0x00000074   Code   RO         1793    i.tuya_ble_storage_save_auth_settings  tuya_ble_storage.o
    0x0003c214   0x0003c214   0x00000074   Code   RO         1794    i.tuya_ble_storage_save_sys_settings  tuya_ble_storage.o
    0x0003c288   0x0003c288   0x00000022   Code   RO         1930    i.tuya_ble_timer_create  tuya_ble_port_nrf52832.o
    0x0003c2aa   0x0003c2aa   0x00000014   Code   RO         1932    i.tuya_ble_timer_start  tuya_ble_port_nrf52832.o
    0x0003c2be   0x0003c2be   0x00000014   Code   RO         1933    i.tuya_ble_timer_stop  tuya_ble_port_nrf52832.o
    0x0003c2d2   0x0003c2d2   0x0000006c   Code   RO        11045    i.tuya_ble_uart_common_process  tuya_ble_sdk_nRF52832.lib(tuya_ble_app_uart_common_handler.o)
    0x0003c33e   0x0003c33e   0x00000002   PAD
    0x0003c340   0x0003c340   0x00000190   Code   RO         9980    i.tuya_ble_uart_data_unpack  tuya_ble_sdk_nRF52832.lib(tuya_ble_api.o)
    0x0003c4d0   0x0003c4d0   0x00000004   Code   RO         1934    i.tuya_ble_uart_init  tuya_ble_port_nrf52832.o
    0x0003c4d4   0x0003c4d4   0x000000a0   Code   RO         9981    i.tuya_ble_uart_receive_data  tuya_ble_sdk_nRF52832.lib(tuya_ble_api.o)
    0x0003c574   0x0003c574   0x00000018   Code   RO         1935    i.tuya_ble_uart_send_data  tuya_ble_port_nrf52832.o
    0x0003c58c   0x0003c58c   0x00000064   Code   RO        11149    i.tuya_sched_execute  tuya_ble_sdk_nRF52832.lib(tuya_ble_event.o)
    0x0003c5f0   0x0003c5f0   0x00000036   Code   RO         6314    i.tx_blocking       nrfx_uart.o
    0x0003c626   0x0003c626   0x00000026   Code   RO         6315    i.tx_byte           nrfx_uart.o
    0x0003c64c   0x0003c64c   0x00000020   Code   RO         6316    i.tx_done_event     nrfx_uart.o
    0x0003c66c   0x0003c66c   0x00000020   Code   RO         6558    i.tx_done_event     nrfx_uarte.o
    0x0003c68c   0x0003c68c   0x0000003a   Code   RO         2214    i.ty_string_op_hex2hexstr  cpt_string_op.o
    0x0003c6c6   0x0003c6c6   0x000000aa   Code   RO         2215    i.ty_string_op_hex2int  cpt_string_op.o
    0x0003c770   0x0003c770   0x00000046   Code   RO         2216    i.ty_string_op_hexstr2hex  cpt_string_op.o
    0x0003c7b6   0x0003c7b6   0x0000005e   Code   RO         2218    i.ty_string_op_int2hex  cpt_string_op.o
    0x0003c814   0x0003c814   0x000000b4   Code   RO         3606    i.uart_event_handle  nrfs_uart.o
    0x0003c8c8   0x0003c8c8   0x000000d4   Code   RO         7484    i.uart_event_handler  app_uart_fifo.o
    0x0003c99c   0x0003c99c   0x00000038   Code   RO         5531    i.uart_evt_handler  nrf_drv_uart.o
    0x0003c9d4   0x0003c9d4   0x0000014c   Code   RO         6317    i.uart_irq_handler  nrfx_uart.o
    0x0003cb20   0x0003cb20   0x00000038   Code   RO         5532    i.uarte_evt_handler  nrf_drv_uart.o
    0x0003cb58   0x0003cb58   0x00000104   Code   RO         6559    i.uarte_irq_handler  nrfx_uarte.o
    0x0003cc5c   0x0003cc5c   0x0000000c   Code   RO         4898    i.uint16_decode     ble_srv_common.o
    0x0003cc68   0x0003cc68   0x00000024   Code   RO         8523    i.uninit            nrf_fstorage_sd.o
    0x0003cc8c   0x0003cc8c   0x00000014   Code   RO         8648    i.uninit            nrf_fstorage_nvmc.o
    0x0003cca0   0x0003cca0   0x000000b8   Code   RO         8057    i.unsigned_print    nrf_fprintf_format.o
    0x0003cd58   0x0003cd58   0x00000104   Code   RO         2688    i.update_env_cache  ef_env.o
    0x0003ce5c   0x0003ce5c   0x00000060   Code   RO         2689    i.update_sec_status  ef_env.o
    0x0003cebc   0x0003cebc   0x00000074   Code   RO         2690    i.update_sector_cache  ef_env.o
    0x0003cf30   0x0003cf30   0x00000012   Code   RO          648    i.user_freeze_or_unfreeze_handler  lock_dp_parser.o
    0x0003cf42   0x0003cf42   0x00000002   PAD
    0x0003cf44   0x0003cf44   0x0000003c   Code   RO         7289    i.user_op_alloc     app_timer.o
    0x0003cf80   0x0003cf80   0x0000000c   Code   RO         7290    i.user_op_enque     app_timer.o
    0x0003cf8c   0x0003cf8c   0x00000048   Code   RO        11207    i.vTuyaPortFree     tuya_ble_sdk_nRF52832.lib(tuya_ble_heap.o)
    0x0003cfd4   0x0003cfd4   0x00000168   Code   RO          949    i.verify_dynamic_pwd_token  lock_dynamic_pwd.o
    0x0003d13c   0x0003d13c   0x00000010   Code   RO         6905    i.wait_for_flash_ready  nrf_nvmc.o
    0x0003d14c   0x0003d14c   0x00000006   Code   RO         8524    i.wmap              nrf_fstorage_sd.o
    0x0003d152   0x0003d152   0x00000006   Code   RO         8649    i.wmap              nrf_fstorage_nvmc.o
    0x0003d158   0x0003d158   0x00000054   Code   RO         8525    i.write             nrf_fstorage_sd.o
    0x0003d1ac   0x0003d1ac   0x00000054   Code   RO         8650    i.write             nrf_fstorage_nvmc.o
    0x0003d200   0x0003d200   0x00000030   Code   RO         2691    i.write_env_hdr     ef_env.o
    0x0003d230   0x0003d230   0x00000054   Code   RO         8526    i.write_execute     nrf_fstorage_sd.o
    0x0003d284   0x0003d284   0x000000c0   Code   RO         2692    i.write_status      ef_env.o
    0x0003d344   0x0003d344   0x00000028   Data   RO            8    .constdata          lock_common.o
    0x0003d36c   0x0003d36c   0x00000018   Data   RO          559    .constdata          lock_hard.o
    0x0003d384   0x0003d384   0x000000c4   Data   RO          650    .constdata          lock_dp_parser.o
    0x0003d448   0x0003d448   0x00000020   Data   RO          839    .constdata          lock_timer.o
    0x0003d468   0x0003d468   0x0000002a   Data   RO          950    .constdata          lock_dynamic_pwd.o
    0x0003d492   0x0003d492   0x0000003b   Data   RO         1003    .constdata          lock_test.o
    0x0003d4cd   0x0003d4cd   0x00000021   Data   RO         1052    .constdata          app_common.o
    0x0003d4ee   0x0003d4ee   0x00000083   Data   RO         1317    .constdata          app_ota.o
    0x0003d571   0x0003d571   0x00000014   Data   RO         1411    .constdata          app_test.o
    0x0003d585   0x0003d585   0x00000049   Data   RO         1528    .constdata          app_port.o
    0x0003d5ce   0x0003d5ce   0x00000032   Data   RO         1799    .constdata          tuya_ble_storage.o
    0x0003d600   0x0003d600   0x00000004   Data   RO         2157    .constdata          cpt_math.o
    0x0003d604   0x0003d604   0x00000010   Data   RO         2347    .constdata          sha1.o
    0x0003d614   0x0003d614   0x00002228   Data   RO         2396    .constdata          aes.o
    0x0003f83c   0x0003f83c   0x00000065   Data   RO         2694    .constdata          ef_env.o
    0x0003f8a1   0x0003f8a1   0x00000003   PAD
    0x0003f8a4   0x0003f8a4   0x00000400   Data   RO         2962    .constdata          ef_utils.o
    0x0003fca4   0x0003fca4   0x00000041   Data   RO         2997    .constdata          ef_port.o
    0x0003fce5   0x0003fce5   0x0000008c   Data   RO         3088    .constdata          elog.o
    0x0003fd71   0x0003fd71   0x00000023   Data   RO         3211    .constdata          elog_utils.o
    0x0003fd94   0x0003fd94   0x0000002e   Data   RO         3385    .constdata          nrfs_scan_adv.o
    0x0003fdc2   0x0003fdc2   0x00000026   Data   RO         3479    .constdata          nrfs_ble.o
    0x0003fde8   0x0003fde8   0x00000013   Data   RO         3568    .constdata          nrfs_svc.o
    0x0003fdfb   0x0003fdfb   0x00000001   PAD
    0x0003fdfc   0x0003fdfc   0x0000002c   Data   RO         3608    .constdata          nrfs_uart.o
    0x0003fe28   0x0003fe28   0x00000008   PAD
    0x0003fe30   0x0003fe30   0x00000052   Data   RO         3663    .constdata          nrfs_timer.o
    0x0003fe82   0x0003fe82   0x0000000e   PAD
    0x0003fe90   0x0003fe90   0x0000003d   Data   RO         3787    .constdata          nrfs_flash.o
    0x0003fecd   0x0003fecd   0x00000018   Data   RO         3903    .constdata          main.o
    0x0003fee5   0x0003fee5   0x00000003   PAD
    0x0003fee8   0x0003fee8   0x00000016   Data   RO         4974    .constdata          nrf_ble_gatt.o
    0x0003fefe   0x0003fefe   0x00000002   PAD
    0x0003ff00   0x0003ff00   0x00000010   Data   RO         5309    .constdata          ble_nus.o
    0x0003ff10   0x0003ff10   0x0000003e   Data   RO         5955    .constdata          nrfx_gpiote.o
    0x0003ff4e   0x0003ff4e   0x00000002   PAD
    0x0003ff50   0x0003ff50   0x0000002e   Data   RO         6319    .constdata          nrfx_uart.o
    0x0003ff7e   0x0003ff7e   0x00000002   PAD
    0x0003ff80   0x0003ff80   0x00000030   Data   RO         6561    .constdata          nrfx_uarte.o
    0x0003ffb0   0x0003ffb0   0x00000006   Data   RO         7292    .constdata          app_timer.o
    0x0003ffb6   0x0003ffb6   0x00000002   PAD
    0x0003ffb8   0x0003ffb8   0x00000020   Data   RO         7486    .constdata          app_uart_fifo.o
    0x0003ffd8   0x0003ffd8   0x00000010   Data   RO         8058    .constdata          nrf_fprintf_format.o
    0x0003ffe8   0x0003ffe8   0x00000024   Data   RO         8172    .constdata          nrf_pwr_mgmt.o
    0x0004000c   0x0004000c   0x0000013c   Data   RO         8347    .constdata          nrf_strerror.o
    0x00040148   0x00040148   0x0000005e   Data   RO         8426    .constdata          nrf_fstorage.o
    0x000401a6   0x000401a6   0x00000002   PAD
    0x000401a8   0x000401a8   0x00000030   Data   RO         8528    .constdata          nrf_fstorage_sd.o
    0x000401d8   0x000401d8   0x0000002c   Data   RO         8651    .constdata          nrf_fstorage_nvmc.o
    0x00040204   0x00040204   0x0000000c   PAD
    0x00040210   0x00040210   0x00000016   Data   RO         8745    .constdata          nrf_log_backend_rtt.o
    0x00040226   0x00040226   0x00000002   PAD
    0x00040228   0x00040228   0x0000000c   Data   RO         8903    .constdata          nrf_log_frontend.o
    0x00040234   0x00040234   0x00000058   Data   RO         9407    .constdata          nrf_sdh.o
    0x0004028c   0x0004028c   0x00000030   Data   RO         9522    .constdata          nrf_sdh_ble.o
    0x000402bc   0x000402bc   0x0000001c   Data   RO         9577    .constdata          nrf_sdh_soc.o
    0x000402d8   0x000402d8   0x0000003a   Data   RO        10732    .constdata          tuya_ble_sdk_nRF52832.lib(tuya_ble_main.o)
    0x00040312   0x00040312   0x00000002   PAD
    0x00040314   0x00040314   0x00000004   Data   RO        10908    .constdata          tuya_ble_sdk_nRF52832.lib(tuya_ble_utils.o)
    0x00040318   0x00040318   0x00000088   Data   RO        11372    .constdata          m_wm.l(pow.o)
    0x000403a0   0x000403a0   0x00000081   Data   RO        11391    .constdata          mc_w.l(ctype_o.o)
    0x00040421   0x00040421   0x00000003   PAD
    0x00040424   0x00040424   0x00000004   Data   RO        11392    .constdata          mc_w.l(ctype_o.o)
    0x00040428   0x00040428   0x00000008   Data   RO        11738    .constdata          m_wm.l(qnan.o)
    0x00040430   0x00040430   0x00000046   Data   RO            9    .conststring        lock_common.o
    0x00040476   0x00040476   0x00000002   PAD
    0x00040478   0x00040478   0x00000044   Data   RO          560    .conststring        lock_hard.o
    0x000404bc   0x000404bc   0x00000049   Data   RO          651    .conststring        lock_dp_parser.o
    0x00040505   0x00040505   0x00000003   PAD
    0x00040508   0x00040508   0x00000045   Data   RO          840    .conststring        lock_timer.o
    0x0004054d   0x0004054d   0x00000003   PAD
    0x00040550   0x00040550   0x0000004b   Data   RO          951    .conststring        lock_dynamic_pwd.o
    0x0004059b   0x0004059b   0x00000001   PAD
    0x0004059c   0x0004059c   0x00000044   Data   RO         1004    .conststring        lock_test.o
    0x000405e0   0x000405e0   0x00000047   Data   RO         1053    .conststring        app_common.o
    0x00040627   0x00040627   0x00000001   PAD
    0x00040628   0x00040628   0x00000044   Data   RO         1318    .conststring        app_ota.o
    0x0004066c   0x0004066c   0x00000045   Data   RO         1412    .conststring        app_test.o
    0x000406b1   0x000406b1   0x00000003   PAD
    0x000406b4   0x000406b4   0x00000045   Data   RO         1529    .conststring        app_port.o
    0x000406f9   0x000406f9   0x00000003   PAD
    0x000406fc   0x000406fc   0x00000049   Data   RO         2614    .conststring        easyflash.o
    0x00040745   0x00040745   0x00000003   PAD
    0x00040748   0x00040748   0x00000176   Data   RO         2695    .conststring        ef_env.o
    0x000408be   0x000408be   0x00000002   PAD
    0x000408c0   0x000408c0   0x0000006f   Data   RO         2998    .conststring        ef_port.o
    0x0004092f   0x0004092f   0x00000001   PAD
    0x00040930   0x00040930   0x0000005d   Data   RO         3089    .conststring        elog.o
    0x0004098d   0x0004098d   0x00000003   PAD
    0x00040990   0x00040990   0x0000004b   Data   RO         3212    .conststring        elog_utils.o
    0x000409db   0x000409db   0x00000001   PAD
    0x000409dc   0x000409dc   0x0000004c   Data   RO         3480    .conststring        nrfs_ble.o
    0x00040a28   0x00040a28   0x0000005b   Data   RO         3788    .conststring        nrfs_flash.o
    0x00040a83   0x00040a83   0x00000001   PAD
    0x00040a84   0x00040a84   0x000000a2   Data   RO         4975    .conststring        nrf_ble_gatt.o
    0x00040b26   0x00040b26   0x00000002   PAD
    0x00040b28   0x00040b28   0x000003eb   Data   RO         8348    .conststring        nrf_strerror.o
    0x00040f13   0x00040f13   0x00000001   PAD
    0x00040f14   0x00040f14   0x0000004f   Data   RO         8427    .conststring        nrf_fstorage.o
    0x00040f63   0x00040f63   0x00000001   PAD
    0x00040f64   0x00040f64   0x00000066   Data   RO         9082    .conststring        nrf_log_str_formatter.o
    0x00040fca   0x00040fca   0x00000002   PAD
    0x00040fcc   0x00040fcc   0x00000188   Data   RO         9523    .conststring        nrf_sdh_ble.o
    0x00041154   0x00041154   0x000000bd   Data   RO         9684    .conststring        nrf_dfu_settings.o
    0x00041211   0x00041211   0x00000003   PAD
    0x00041214   0x00041214   0x0000000d   Data   RO         4976    .conststrlit        nrf_ble_gatt.o
    0x00041221   0x00041221   0x00000003   PAD
    0x00041224   0x00041224   0x00000009   Data   RO         5159    .conststrlit        nrf_ble_scan.o
    0x0004122d   0x0004122d   0x00000003   PAD
    0x00041230   0x00041230   0x00000008   Data   RO         5310    .conststrlit        ble_nus.o
    0x00041238   0x00041238   0x00000006   Data   RO         5389    .conststrlit        nrf_drv_clock.o
    0x0004123e   0x0004123e   0x00000002   PAD
    0x00041240   0x00041240   0x00000006   Data   RO         5750    .conststrlit        nrfx_clock.o
    0x00041246   0x00041246   0x00000002   PAD
    0x00041248   0x00041248   0x00000007   Data   RO         5956    .conststrlit        nrfx_gpiote.o
    0x0004124f   0x0004124f   0x00000001   PAD
    0x00041250   0x00041250   0x00000004   Data   RO         6231    .conststrlit        nrfx_prs.o
    0x00041254   0x00041254   0x00000005   Data   RO         6320    .conststrlit        nrfx_uart.o
    0x00041259   0x00041259   0x00000003   PAD
    0x0004125c   0x0004125c   0x00000006   Data   RO         6562    .conststrlit        nrfx_uarte.o
    0x00041262   0x00041262   0x00000002   PAD
    0x00041264   0x00041264   0x00000004   Data   RO         6767    .conststrlit        nrfx_rtc.o
    0x00041268   0x00041268   0x00000009   Data   RO         8173    .conststrlit        nrf_pwr_mgmt.o
    0x00041271   0x00041271   0x00000003   PAD
    0x00041274   0x00041274   0x0000000d   Data   RO         8428    .conststrlit        nrf_fstorage.o
    0x00041281   0x00041281   0x00000003   PAD
    0x00041284   0x00041284   0x00000010   Data   RO         8837    .conststrlit        nrf_log_default_backends.o
    0x00041294   0x00041294   0x00000004   Data   RO         8904    .conststrlit        nrf_log_frontend.o
    0x00041298   0x00041298   0x00000008   Data   RO         9408    .conststrlit        nrf_sdh.o
    0x000412a0   0x000412a0   0x0000000c   Data   RO         9524    .conststrlit        nrf_sdh_ble.o
    0x000412ac   0x000412ac   0x0000000c   Data   RO         9578    .conststrlit        nrf_sdh_soc.o
    0x000412b8   0x000412b8   0x0000000e   Data   RO         9614    .conststrlit        nrf_dfu_flash.o
    0x000412c6   0x000412c6   0x00000002   PAD
    0x000412c8   0x000412c8   0x00000011   Data   RO         9685    .conststrlit        nrf_dfu_settings.o
    0x000412d9   0x000412d9   0x00000003   PAD
    0x000412dc   0x000412dc   0x00000020   Data   RO        11807    Region$$Table       anon$$obj.o
    0x000412fc   0x000412fc   0x00000010   Data   RO         8839    log_backends        nrf_log_default_backends.o
    0x0004130c   0x0004130c   0x00000008   Data   RO         4977    log_const_data      nrf_ble_gatt.o
    0x00041314   0x00041314   0x00000008   Data   RO         5160    log_const_data      nrf_ble_scan.o
    0x0004131c   0x0004131c   0x00000008   Data   RO         5311    log_const_data      ble_nus.o
    0x00041324   0x00041324   0x00000008   Data   RO         5391    log_const_data      nrf_drv_clock.o
    0x0004132c   0x0004132c   0x00000008   Data   RO         5752    log_const_data      nrfx_clock.o
    0x00041334   0x00041334   0x00000008   Data   RO         5958    log_const_data      nrfx_gpiote.o
    0x0004133c   0x0004133c   0x00000008   Data   RO         6233    log_const_data      nrfx_prs.o
    0x00041344   0x00041344   0x00000008   Data   RO         6322    log_const_data      nrfx_uart.o
    0x0004134c   0x0004134c   0x00000008   Data   RO         6564    log_const_data      nrfx_uarte.o
    0x00041354   0x00041354   0x00000008   Data   RO         6769    log_const_data      nrfx_rtc.o
    0x0004135c   0x0004135c   0x00000008   Data   RO         8175    log_const_data      nrf_pwr_mgmt.o
    0x00041364   0x00041364   0x00000008   Data   RO         8429    log_const_data      nrf_fstorage.o
    0x0004136c   0x0004136c   0x00000008   Data   RO         8906    log_const_data      nrf_log_frontend.o
    0x00041374   0x00041374   0x00000008   Data   RO         9410    log_const_data      nrf_sdh.o
    0x0004137c   0x0004137c   0x00000008   Data   RO         9526    log_const_data      nrf_sdh_ble.o
    0x00041384   0x00041384   0x00000008   Data   RO         9579    log_const_data      nrf_sdh_soc.o
    0x0004138c   0x0004138c   0x00000008   Data   RO         9617    log_const_data      nrf_dfu_flash.o
    0x00041394   0x00041394   0x00000008   Data   RO         9687    log_const_data      nrf_dfu_settings.o
    0x0004139c   0x0004139c   0x00000014   Data   RO         8907    nrf_balloc          nrf_log_frontend.o
    0x000413b0   0x000413b0   0x00000008   Data   RO         4711    sdh_ble_observers0  ble_conn_state.o
    0x000413b8   0x000413b8   0x00000008   Data   RO         3387    sdh_ble_observers1  nrfs_scan_adv.o
    0x000413c0   0x000413c0   0x00000008   Data   RO         3482    sdh_ble_observers1  nrfs_ble.o
    0x000413c8   0x000413c8   0x00000008   Data   RO         4203    sdh_ble_observers1  bsp_btn_ble.o
    0x000413d0   0x000413d0   0x00000008   Data   RO         4602    sdh_ble_observers1  ble_conn_params.o
    0x000413d8   0x000413d8   0x00000008   Data   RO         3570    sdh_ble_observers2  nrfs_svc.o
    0x000413e0   0x000413e0   0x00000008   Data   RO         3483    sdh_ble_observers3  nrfs_ble.o
    0x000413e8   0x000413e8   0x00000008   Data   RO         8530    sdh_req_observers0  nrf_fstorage_sd.o
    0x000413f0   0x000413f0   0x00000008   Data   RO         5392    sdh_soc_observers0  nrf_drv_clock.o
    0x000413f8   0x000413f8   0x00000008   Data   RO         8531    sdh_soc_observers0  nrf_fstorage_sd.o
    0x00041400   0x00041400   0x00000008   Data   RO         9527    sdh_stack_observers0  nrf_sdh_ble.o
    0x00041408   0x00041408   0x00000008   Data   RO         9580    sdh_stack_observers0  nrf_sdh_soc.o
    0x00041410   0x00041410   0x00000008   Data   RO         5393    sdh_state_observers0  nrf_drv_clock.o
    0x00041418   0x00041418   0x00000008   Data   RO         8532    sdh_state_observers0  nrf_fstorage_sd.o


    Execution Region RW_IRAM1 (Exec base: 0x20002a98, Load base: 0x00041420, Size: 0x00007088, Max: 0x0000d568, ABSOLUTE, COMPRESSED[0x000000d0])

    Exec Addr    Load Addr    Size         Type   Attr      Idx    E Section Name        Object

    0x20002a98   COMPRESSED   0x00000002   Data   RW           10    .data               lock_common.o
    0x20002a9a   COMPRESSED   0x00000002   PAD
    0x20002a9c   COMPRESSED   0x00000008   Data   RW          745    .data               lock_dp_report.o
    0x20002aa4   COMPRESSED   0x00000004   Data   RW         1005    .data               lock_test.o
    0x20002aa8   COMPRESSED   0x00000060   Data   RW         1054    .data               app_common.o
    0x20002b08   COMPRESSED   0x00000015   Data   RW         1133    .data               app_flash.o
    0x20002b1d   COMPRESSED   0x00000003   PAD
    0x20002b20   COMPRESSED   0x00000011   Data   RW         1319    .data               app_ota.o
    0x20002b31   COMPRESSED   0x00000001   PAD
    0x20002b32   COMPRESSED   0x00000006   Data   RW         1413    .data               app_test.o
    0x20002b38   COMPRESSED   0x00000004   Data   RW         2582    .data               platform_util.o
    0x20002b3c   COMPRESSED   0x00000014   Data   RW         2696    .data               ef_env.o
    0x20002b50   COMPRESSED   0x0000001c   Data   RW         3090    .data               elog.o
    0x20002b6c   COMPRESSED   0x00000001   Data   RW         3244    .data               elog_port.o
    0x20002b6d   COMPRESSED   0x00000001   Data   RW         3319    .data               nrfs_common.o
    0x20002b6e   COMPRESSED   0x00000002   PAD
    0x20002b70   COMPRESSED   0x0000006e   Data   RW         3386    .data               nrfs_scan_adv.o
    0x20002bde   COMPRESSED   0x00000016   Data   RW         3481    .data               nrfs_ble.o
    0x20002bf4   COMPRESSED   0x0000002c   Data   RW         3569    .data               nrfs_svc.o
    0x20002c20   COMPRESSED   0x00000014   Data   RW         3664    .data               nrfs_timer.o
    0x20002c34   COMPRESSED   0x00000008   Data   RW         3789    .data               nrfs_flash.o
    0x20002c3c   COMPRESSED   0x0000000c   Data   RW         4202    .data               bsp_btn_ble.o
    0x20002c48   COMPRESSED   0x00000008   Data   RW         4601    .data               ble_conn_params.o
    0x20002c50   COMPRESSED   0x00000001   Data   RW         5390    .data               nrf_drv_clock.o
    0x20002c51   COMPRESSED   0x00000003   PAD
    0x20002c54   COMPRESSED   0x0000000d   Data   RW         5533    .data               nrf_drv_uart.o
    0x20002c61   COMPRESSED   0x00000003   PAD
    0x20002c64   COMPRESSED   0x0000000c   Data   RW         5751    .data               nrfx_clock.o
    0x20002c70   COMPRESSED   0x0000000c   Data   RW         6232    .data               nrfx_prs.o
    0x20002c7c   COMPRESSED   0x0000000b   Data   RW         6768    .data               nrfx_rtc.o
    0x20002c87   COMPRESSED   0x00000001   PAD
    0x20002c88   COMPRESSED   0x00000018   Data   RW         7293    .data               app_timer.o
    0x20002ca0   COMPRESSED   0x0000001f   Data   RW         7487    .data               app_uart_fifo.o
    0x20002cbf   COMPRESSED   0x00000001   Data   RW         7973    .data               nrf_balloc.o
    0x20002cc0   COMPRESSED   0x00000009   Data   RW         8174    .data               nrf_pwr_mgmt.o
    0x20002cc9   COMPRESSED   0x00000003   PAD
    0x20002ccc   COMPRESSED   0x0000000c   Data   RW         8529    .data               nrf_fstorage_sd.o
    0x20002cd8   COMPRESSED   0x00000008   Data   RW         8652    .data               nrf_fstorage_nvmc.o
    0x20002ce0   COMPRESSED   0x00000002   Data   RW         8746    .data               nrf_log_backend_rtt.o
    0x20002ce2   COMPRESSED   0x00000002   PAD
    0x20002ce4   COMPRESSED   0x0000000c   Data   RW         8838    .data               nrf_log_default_backends.o
    0x20002cf0   COMPRESSED   0x00000014   Data   RW         8905    .data               nrf_log_frontend.o
    0x20002d04   COMPRESSED   0x00000044   Data   RW         9083    .data               nrf_log_str_formatter.o
    0x20002d48   COMPRESSED   0x00000004   Data   RW         9409    .data               nrf_sdh.o
    0x20002d4c   COMPRESSED   0x00000001   Data   RW         9525    .data               nrf_sdh_ble.o
    0x20002d4d   COMPRESSED   0x00000003   PAD
    0x20002d50   COMPRESSED   0x00000008   Data   RW         9615    .data               nrf_dfu_flash.o
    0x20002d58   COMPRESSED   0x00000008   Data   RW         9686    .data               nrf_dfu_settings.o
    0x20002d60   COMPRESSED   0x00000004   Data   RW         9885    .data               system_nrf52.o
    0x20002d64   COMPRESSED   0x00000010   Data   RW         9983    .data               tuya_ble_sdk_nRF52832.lib(tuya_ble_api.o)
    0x20002d74   COMPRESSED   0x0000003c   Data   RW        10550    .data               tuya_ble_sdk_nRF52832.lib(tuya_ble_data_handler.o)
    0x20002db0   COMPRESSED   0x00000008   Data   RW        10733    .data               tuya_ble_sdk_nRF52832.lib(tuya_ble_main.o)
    0x20002db8   COMPRESSED   0x0000000e   Data   RW        11151    .data               tuya_ble_sdk_nRF52832.lib(tuya_ble_event.o)
    0x20002dc6   COMPRESSED   0x00000002   PAD
    0x20002dc8   COMPRESSED   0x0000001c   Data   RW        11212    .data               tuya_ble_sdk_nRF52832.lib(tuya_ble_heap.o)
    0x20002de4   COMPRESSED   0x00000001   Data   RW        11287    .data               tuya_ble_sdk_nRF52832.lib(tuya_ble_mutli_tsf_protocol.o)
    0x20002de5   COMPRESSED   0x00000003   PAD
    0x20002de8   COMPRESSED   0x00000004   Data   RW        11419    .data               mc_w.l(rand.o)
    0x20002dec   COMPRESSED   0x00000004   Data   RW        11772    .data               mc_w.l(errno.o)
    0x20002df0   COMPRESSED   0x00000014   Data   RW         3790    fs_data             nrfs_flash.o
    0x20002e04   COMPRESSED   0x00000014   Data   RW         9616    fs_data             nrf_dfu_flash.o
    0x20002e18        -       0x00000491   Zero   RW          649    .bss                lock_dp_parser.o
    0x200032a9   COMPRESSED   0x00000003   PAD
    0x200032ac        -       0x00000122   Zero   RW          744    .bss                lock_dp_report.o
    0x200033ce   COMPRESSED   0x00000002   PAD
    0x200033d0        -       0x0000001c   Zero   RW          838    .bss                lock_timer.o
    0x200033ec        -       0x00000100   Zero   RW         1002    .bss                lock_test.o
    0x200034ec        -       0x00000194   Zero   RW         1132    .bss                app_flash.o
    0x20003680        -       0x000000f0   Zero   RW         1316    .bss                app_ota.o
    0x20003770        -       0x00000200   Zero   RW         1410    .bss                app_test.o
    0x20003970        -       0x00000168   Zero   RW         1798    .bss                tuya_ble_storage.o
    0x20003ad8        -       0x00000174   Zero   RW         2693    .bss                ef_env.o
    0x20003c4c        -       0x00000250   Zero   RW         3087    .bss                elog.o
    0x20003e9c        -       0x00000076   Zero   RW         3384    .bss                nrfs_scan_adv.o
    0x20003f12   COMPRESSED   0x00000002   PAD
    0x20003f14        -       0x00000014   Zero   RW         3478    .bss                nrfs_ble.o
    0x20003f28        -       0x00000400   Zero   RW         3607    .bss                nrfs_uart.o
    0x20004328        -       0x00000190   Zero   RW         3662    .bss                nrfs_timer.o
    0x200044b8        -       0x00000128   Zero   RW         3786    .bss                nrfs_flash.o
    0x200045e0        -       0x0000006c   Zero   RW         4097    .bss                bsp.o
    0x2000464c        -       0x00000050   Zero   RW         4600    .bss                ble_conn_params.o
    0x2000469c        -       0x00000078   Zero   RW         4709    .bss                ble_conn_state.o
    0x20004714        -       0x00000014   Zero   RW         5387    .bss                nrf_drv_clock.o
    0x20004728        -       0x0000005c   Zero   RW         5954    .bss                nrfx_gpiote.o
    0x20004784        -       0x0000002c   Zero   RW         6318    .bss                nrfx_uart.o
    0x200047b0        -       0x00000024   Zero   RW         6560    .bss                nrfx_uarte.o
    0x200047d4        -       0x0000010c   Zero   RW         7291    .bss                app_timer.o
    0x200048e0        -       0x00000020   Zero   RW         7485    .bss                app_uart_fifo.o
    0x20004900        -       0x0000000c   Zero   RW         7572    .bss                app_util_platform.o
    0x2000490c        -       0x0000000c   Zero   RW         8171    .bss                nrf_pwr_mgmt.o
    0x20004918        -       0x00000200   Zero   RW         8527    .bss                nrf_fstorage_sd.o
    0x20004b18        -       0x00000040   Zero   RW         8744    .bss                nrf_log_backend_rtt.o
    0x20004b58        -       0x0000057c   Zero   RW         8902    .bss                nrf_log_frontend.o
    0x200050d4        -       0x00000888   Zero   RW         9163    .bss                segger_rtt.o
    0x2000595c        -       0x00000768   Zero   RW         9683    .bss                nrf_dfu_settings.o
    0x200060c4        -       0x0000012c   Zero   RW         9982    .bss                tuya_ble_sdk_nRF52832.lib(tuya_ble_api.o)
    0x200061f0        -       0x000004b0   Zero   RW        10549    .bss                tuya_ble_sdk_nRF52832.lib(tuya_ble_data_handler.o)
    0x200066a0        -       0x00000332   Zero   RW        10731    .bss                tuya_ble_sdk_nRF52832.lib(tuya_ble_main.o)
    0x200069d2        -       0x000000e0   Zero   RW        11080    .bss                tuya_ble_sdk_nRF52832.lib(tuya_ble_cryption_api.o)
    0x20006ab2   COMPRESSED   0x00000002   PAD
    0x20006ab4        -       0x0000086c   Zero   RW        11150    .bss                tuya_ble_sdk_nRF52832.lib(tuya_ble_event.o)
    0x20007320        -       0x00000800   Zero   RW        11211    .bss                tuya_ble_sdk_nRF52832.lib(tuya_ble_heap.o)
    0x20007b20        -       0x00002000   Zero   RW         9862    STACK               arm_startup_nrf52.o



  Load Region LR$$.ARM.__AT_0x0007D000 (Base: 0x0007d000, Size: 0x00000000, Max: 0x00001000, ABSOLUTE)

    Execution Region ER$$.ARM.__AT_0x0007D000 (Exec base: 0x0007d000, Load base: 0x0007d000, Size: 0x00001000, Max: 0x00001000, ABSOLUTE, UNINIT)

    Exec Addr    Load Addr    Size         Type   Attr      Idx    E Section Name        Object

    0x0007d000        -       0x00001000   Zero   RW         9680    .ARM.__AT_0x0007D000  nrf_dfu_settings.o



  Load Region LR$$.ARM.__AT_0x0007E000 (Base: 0x0007e000, Size: 0x00000000, Max: 0x00001000, ABSOLUTE)

    Execution Region ER$$.ARM.__AT_0x0007E000 (Exec base: 0x0007e000, Load base: 0x0007e000, Size: 0x00001000, Max: 0x00001000, ABSOLUTE, UNINIT)

    Exec Addr    Load Addr    Size         Type   Attr      Idx    E Section Name        Object

    0x0007e000        -       0x00001000   Zero   RW         9681    .ARM.__AT_0x0007E000  nrf_dfu_settings.o



  Load Region LR$$.ARM.__AT_0x0007F000 (Base: 0x0007f000, Size: 0x00000000, Max: 0x00001000, ABSOLUTE)

    Execution Region ER$$.ARM.__AT_0x0007F000 (Exec base: 0x0007f000, Load base: 0x0007f000, Size: 0x00001000, Max: 0x00001000, ABSOLUTE, UNINIT)

    Exec Addr    Load Addr    Size         Type   Attr      Idx    E Section Name        Object

    0x0007f000        -       0x00001000   Zero   RW         9682    .ARM.__AT_0x0007F000  nrf_dfu_settings.o


==============================================================================

Image component sizes


      Code (inc. data)   RO Data    RW Data    ZI Data      Debug   Object Name

      3590         74       8744          0          0      20462   aes.o
       836        266        104         96          0       6035   app_common.o
        28          0          0          0          0       2529   app_error.o
         0          0          0          0          0      26647   app_error_weak.o
       170          0          0          0          0       6402   app_fifo.o
      2062        326          0         21        404      26030   app_flash.o
      3108       1030        199         17        240      13335   app_ota.o
      1018        186        142          0          0      45050   app_port.o
      2268        478         89          6        512      12375   app_test.o
      2072        250          6         24        268      54491   app_timer.o
       770        108         32         31         32      22154   app_uart_fifo.o
       200         24          0          0         12      10790   app_util_platform.o
        36          8        512          0       8192        956   arm_startup_nrf52.o
       272          0          0          0          0      43055   ble_advdata.o
       628         30          8          8         80       9540   ble_conn_params.o
       476         38          8          0        120      10265   ble_conn_state.o
       108          0          0          0          0       1664   ble_link_ctx_manager.o
       794          4         32          0          0       7568   ble_nus.o
       676          6          0          0          0      41393   ble_srv_common.o
         0          0          0          0          0       5548   boards.o
        92          6          0          0        108       7084   bsp.o
       288          8          8         12          0       4004   bsp_btn_ble.o
       206         10          4          0          0       4203   cpt_math.o
       392         34          0          0          0       4462   cpt_string_op.o
        76          6          0          0          0       1540   crc32.o
       148         88         73          0          0       1341   easyflash.o
      6462       1382        475         20        372      48720   ef_env.o
       380        158        176          0          0       8107   ef_port.o
        44          4       1024          0          0       1756   ef_utils.o
      2240        638        233         28        592      16709   elog.o
       110         40          0          1          0      34677   elog_port.o
       224         66        110          0          0       2737   elog_utils.o
       180          0          0          0          0       1748   hmac-sha1.o
       288        136        110          2          0     159341   lock_common.o
      5660       1770        269          0       1169      23288   lock_dp_parser.o
      1220         78          0          8        290      17339   lock_dp_report.o
       770        204        117          0          0       6414   lock_dynamic_pwd.o
      1158        376         92          0          0       8237   lock_hard.o
      1196        428        127          4        256       5648   lock_test.o
       484        116        101          0         28      13103   lock_timer.o
       692        232         24          0          0       3973   main.o
      2858        264          0          0          0      10819   md5.o
       374          0          0          0          0       9040   nrf_atfifo.o
        90          0          0          0          0       3244   nrf_atflags.o
       458          0          0          0          0      11520   nrf_atomic.o
       232         10          0          1          0       4235   nrf_balloc.o
      1216        280        205          0          0      39131   nrf_ble_gatt.o
       892          0         17          0          0      12837   nrf_ble_scan.o
       340        146         22         28          0       4711   nrf_dfu_flash.o
      1028        416        214          8      14184      11668   nrf_dfu_settings.o
       376         56         30          1         20      39224   nrf_drv_clock.o
       252         42          0         13          0      18180   nrf_drv_uart.o
        70          0          0          0          0       3145   nrf_fprintf.o
      1030          6         16          0          0       6350   nrf_fprintf_format.o
      1644        584        194          0          0       8648   nrf_fstorage.o
       326         34         44          8          0       8624   nrf_fstorage_nvmc.o
      1114        120         72         12        512      20007   nrf_fstorage_sd.o
       176         16         22          2         64       6865   nrf_log_backend_rtt.o
       242          0          0          0          0      11069   nrf_log_backend_serial.o
        40          6         32         12          0       3457   nrf_log_default_backends.o
      2138        146         44         20       1404      32919   nrf_log_frontend.o
       626        112        102         68          0       6280   nrf_log_str_formatter.o
       514          0          0          0          0       8535   nrf_memobj.o
       228         14          0          0          0       2737   nrf_nvmc.o
       176         28         53          9         12      38330   nrf_pwr_mgmt.o
        28          0          0          0          0       2451   nrf_ringbuf.o
       816         94        104          4          0      41826   nrf_sdh.o
       836        238        468          1          0       6747   nrf_sdh_ble.o
        84          4         56          0          0       2800   nrf_sdh_soc.o
       112          0          0          0          0       2960   nrf_section_iter.o
        92         10       1319          0          0       2891   nrf_strerror.o
      1910        548        130         22         20      11010   nrfs_ble.o
       218         18          0          1          0      31946   nrfs_common.o
      1200        514        152         28        296       8101   nrfs_flash.o
      1172        506         54        110        118       8905   nrfs_scan_adv.o
       298        132         27         44          0       3401   nrfs_svc.o
         2          0          0          0          0        612   nrfs_test.o
       904        288         82         20        400      14123   nrfs_timer.o
       348        112         44          0       1024       3174   nrfs_uart.o
       488         38         14         12          0      47056   nrfx_clock.o
       764         30         77          0         92      55522   nrfx_gpiote.o
       124         18         12         12          0       3977   nrfx_prs.o
       536         34         12         11          0      15595   nrfx_rtc.o
      1680         46         59          0         44      36105   nrfx_uart.o
      1506         46         62          0         36      31307   nrfx_uarte.o
        24          4          0          4          0       1951   platform_util.o
       470         44          0          0       2184       8817   segger_rtt.o
      1142         18         16          0          0       6179   sha1.o
      1372        142          0          4          0       8983   system_nrf52.o
       906         38          0          0          0      26025   tuya_ble_port_nrf52832.o
       658         56         50          0        360      12280   tuya_ble_storage.o

    ----------------------------------------------------------------------
     75672      13866      16772        756      33452    1457039   Object Totals
         0          0         32          0          0          0   (incl. Generated)
       120          0        116         23          7          0   (incl. Padding)

    ----------------------------------------------------------------------

      Code (inc. data)   RO Data    RW Data    ZI Data      Debug   Library Member Name

       164         44          0          0          0        620   dunder.o
        24          0          0          0          0        124   fabs.o
        48          0          0          0          0        124   fpclassify.o
       248          0          0          0          0        152   poly.o
      3152        296        136          0          0        352   pow.o
         0          0          8          0          0          0   qnan.o
       110          0          0          0          0        148   sqrt.o
        86          0          0          0          0          0   __dczerorl2.o
       144          0          0          0          0         88   __strtoll.o
        28          0          0          0          0         68   _chval.o
       194          0          0          0          0         96   _strtoull.o
        26          0          0          0          0         80   atoll.o
         8          4        133          0          0         68   ctype_o.o
         0          0          0          0          0          0   entry.o
         0          0          0          0          0          0   entry10a.o
         0          0          0          0          0          0   entry11a.o
         8          4          0          0          0          0   entry2.o
         4          0          0          0          0          0   entry5.o
         0          0          0          0          0          0   entry7b.o
         0          0          0          0          0          0   entry8b.o
         8          4          0          0          0          0   entry9a.o
        20         10          0          4          0        136   errno.o
        30          0          0          0          0          0   handlers.o
        36          8          0          0          0         68   init.o
         0          0          0          0          0          0   iusefp.o
        30          0          0          0          0         68   llshl.o
        36          0          0          0          0         68   llsshr.o
        32          0          0          0          0         68   llushr.o
        26          0          0          0          0         80   memcmp.o
        36          0          0          0          0         68   memcpya.o
        36          0          0          0          0        108   memseta.o
      2426        100          0          0          0        832   printfa.o
        36         10          0          4          0        136   rand.o
        18          0          0          0          0         68   strcpy.o
        14          0          0          0          0         68   strlen.o
        30          0          0          0          0         80   strncmp.o
        24          0          0          0          0         76   strncpy.o
        36          0          0          0          0         80   strstr.o
        44          0          0          0          0         80   uidiv.o
        98          0          0          0          0         92   uldiv.o
        48          0          0          0          0         68   cdrcmple.o
       334          0          0          0          0        148   dadd.o
       222          0          0          0          0        100   ddiv.o
       186          0          0          0          0        176   depilogue.o
        62          0          0          0          0         80   dfixi.o
        50          0          0          0          0         76   dfixui.o
        48          0          0          0          0         68   dfixul.o
        34          0          0          0          0         76   dflti.o
        26          0          0          0          0         76   dfltui.o
       228          0          0          0          0         96   dmul.o
        46          0          0          0          0         80   dscalb.o
       162          0          0          0          0        100   dsqrt.o
      1420        138          0         16        300      27796   tuya_ble_api.o
       108         10          0          0          0       2027   tuya_ble_app_uart_common_handler.o
      1132         58          0          0        224      10270   tuya_ble_cryption_api.o
      3666        236          0         60       1200      30027   tuya_ble_data_handler.o
       364         72          0         14       2156       6911   tuya_ble_event.o
       508         62          0         28       2048       5015   tuya_ble_heap.o
      1596        136         58          8        818      18023   tuya_ble_main.o
        46          0          0          0          0       2246   tuya_ble_mem.o
      1006          4          0          1          0       9750   tuya_ble_mutli_tsf_protocol.o
       268         10          4          0          0       5512   tuya_ble_utils.o

    ----------------------------------------------------------------------
     18860       1210        344        140       6748     122817   Library Totals
        40          4          5          5          2          0   (incl. Padding)

    ----------------------------------------------------------------------

      Code (inc. data)   RO Data    RW Data    ZI Data      Debug   Library Name

      3746        340        144          0          0       1520   m_wm.l
      3514        140        133          8          0       2576   mc_w.l
      1446          0          0          0          0       1144   mf_w.l
     10114        726         62        127       6746     117577   tuya_ble_sdk_nRF52832.lib

    ----------------------------------------------------------------------
     18860       1210        344        140       6748     122817   Library Totals

    ----------------------------------------------------------------------

==============================================================================


      Code (inc. data)   RO Data    RW Data    ZI Data      Debug   

     94532      15076      17116        896      40200    1493360   Grand Totals
     94532      15076      17116        208      40200    1493360   ELF Image Totals (compressed)
     94532      15076      17116        208          0          0   ROM Totals

==============================================================================

    Total RO  Size (Code + RO Data)               111648 ( 109.03kB)
    Total RW  Size (RW Data + ZI Data)             41096 (  40.13kB)
    Total ROM Size (Code + RO Data + RW Data)     111856 ( 109.23kB)

==============================================================================

