Component: ARM Compiler 5.06 update 6 (build 750) Tool: armlink [4d35ed]

==============================================================================

Section Cross References

    lock_common.o(i.lock_common_init) refers to app_port.o(i.app_port_kv_init) for app_port_kv_init
    lock_common.o(i.lock_common_init) refers to app_port.o(i.app_port_local_clock_start) for app_port_local_clock_start
    lock_common.o(i.lock_common_init) refers to lock_timer.o(i.lock_timer_creat) for lock_timer_creat
    lock_common.o(i.lock_common_init) refers to app_common.o(i.app_common_init) for app_common_init
    lock_common.o(i.lock_common_init) refers to nrfs_common.o(i.nrfs_log_hexdump) for nrfs_log_hexdump
    lock_common.o(i.lock_common_init) refers to tuya_ble_main.o(.bss) for tuya_ble_current_para
    lock_common.o(i.lock_factory_handler) refers to app_port.o(i.app_port_tuya_ble_device_factory_reset) for app_port_tuya_ble_device_factory_reset
    lock_common.o(i.lock_factory_handler) refers to app_flash.o(i.lock_flash_erease_all) for lock_flash_erease_all
    lock_common.o(i.lock_open_with_bt) refers to elog.o(i.elog_output) for elog_output
    lock_common.o(i.lock_open_with_bt) refers to lock_common.o(.constdata) for __FUNCTION__
    lock_common.o(i.lock_open_with_bt) refers to lock_common.o(.conststring) for .conststring
    lock_common.o(i.lock_remote_anti_lock) refers to elog.o(i.elog_output) for elog_output
    lock_common.o(i.lock_remote_anti_lock) refers to lock_common.o(.constdata) for __FUNCTION__
    lock_common.o(i.lock_remote_anti_lock) refers to lock_common.o(.conststring) for .conststring
    lock_hard.o(i.lock_hard_uart_simulate) refers to elog.o(i.elog_output) for elog_output
    lock_hard.o(i.lock_hard_uart_simulate) refers to nrfs_common.o(i.nrfs_log_hexdump) for nrfs_log_hexdump
    lock_hard.o(i.lock_hard_uart_simulate) refers to app_flash.o(i.lock_get_hardid) for lock_get_hardid
    lock_hard.o(i.lock_hard_uart_simulate) refers to lock_dp_report.o(i.lock_hard_creat_sub_report) for lock_hard_creat_sub_report
    lock_hard.o(i.lock_hard_uart_simulate) refers to app_flash.o(i.lock_hard_save_in_local_flash) for lock_hard_save_in_local_flash
    lock_hard.o(i.lock_hard_uart_simulate) refers to lock_dp_report.o(i.lock_open_record_combine_report) for lock_open_record_combine_report
    lock_hard.o(i.lock_hard_uart_simulate) refers to lock_dp_report.o(i.lock_open_record_report) for lock_open_record_report
    lock_hard.o(i.lock_hard_uart_simulate) refers to lock_dp_report.o(i.lock_alarm_record_report) for lock_alarm_record_report
    lock_hard.o(i.lock_hard_uart_simulate) refers to lock_dp_report.o(i.lock_state_sync_report) for lock_state_sync_report
    lock_hard.o(i.lock_hard_uart_simulate) refers to lock_dynamic_pwd.o(i.lock_dynamic_pwd_verify) for lock_dynamic_pwd_verify
    lock_hard.o(i.lock_hard_uart_simulate) refers to lock_common.o(i.lock_factory_handler) for lock_factory_handler
    lock_hard.o(i.lock_hard_uart_simulate) refers to lock_timer.o(i.lock_timer_start) for lock_timer_start
    lock_hard.o(i.lock_hard_uart_simulate) refers to lock_hard.o(.constdata) for __FUNCTION__
    lock_hard.o(i.lock_hard_uart_simulate) refers to lock_hard.o(.conststring) for .conststring
    lock_dp_parser.o(i.lock_dp_parser_handler) refers to memcpya.o(.text) for __aeabi_memcpy
    lock_dp_parser.o(i.lock_dp_parser_handler) refers to nrfs_common.o(i.nrfs_log_hexdump) for nrfs_log_hexdump
    lock_dp_parser.o(i.lock_dp_parser_handler) refers to lock_dp_parser.o(i.open_meth_creat_handler) for open_meth_creat_handler
    lock_dp_parser.o(i.lock_dp_parser_handler) refers to lock_dp_parser.o(i.open_meth_delete_handler) for open_meth_delete_handler
    lock_dp_parser.o(i.lock_dp_parser_handler) refers to lock_dp_parser.o(i.open_meth_modify_handler) for open_meth_modify_handler
    lock_dp_parser.o(i.lock_dp_parser_handler) refers to elog.o(i.elog_output) for elog_output
    lock_dp_parser.o(i.lock_dp_parser_handler) refers to lock_dp_parser.o(i.open_meth_freeze_or_unfreeze_handler) for open_meth_freeze_or_unfreeze_handler
    lock_dp_parser.o(i.lock_dp_parser_handler) refers to lock_dp_parser.o(i.user_freeze_or_unfreeze_handler) for user_freeze_or_unfreeze_handler
    lock_dp_parser.o(i.lock_dp_parser_handler) refers to lock_dp_parser.o(i.open_meth_sync_handler) for open_meth_sync_handler
    lock_dp_parser.o(i.lock_dp_parser_handler) refers to lock_dp_parser.o(i.open_meth_sync_new_handler) for open_meth_sync_new_handler
    lock_dp_parser.o(i.lock_dp_parser_handler) refers to lock_dp_parser.o(i.open_with_bt_handler) for open_with_bt_handler
    lock_dp_parser.o(i.lock_dp_parser_handler) refers to lock_common.o(i.lock_remote_anti_lock) for lock_remote_anti_lock
    lock_dp_parser.o(i.lock_dp_parser_handler) refers to app_flash.o(i.lock_settings_save) for lock_settings_save
    lock_dp_parser.o(i.lock_dp_parser_handler) refers to lock_dp_parser.o(.bss) for g_cmd
[...]
    0x00032bf0   0x00032bf0   0x0000000c   Code   RO         3727    i.mbedtls_md5_starts  md5.o
    0x00032bfc   0x00032bfc   0x00000028   Code   RO         3728    i.mbedtls_md5_starts_ret  md5.o
    0x00032c24   0x00032c24   0x00000014   Code   RO         3729    i.mbedtls_md5_update  md5.o
    0x00032c38   0x00032c38   0x00000092   Code   RO         3730    i.mbedtls_md5_update_ret  md5.o
    0x00032cca   0x00032cca   0x00000002   PAD
    0x00032ccc   0x00032ccc   0x00000018   Code   RO         3814    i.mbedtls_platform_zeroize  platform_util.o
    0x00032ce4   0x00032ce4   0x000000ca   Code   RO         9613    i.memobj_op         nrf_memobj.o
    0x00032dae   0x00032dae   0x00000002   PAD
    0x00032db0   0x00032db0   0x00000038   Code   RO        10406    i.module_idx_get    nrf_log_frontend.o
    0x00032de8   0x00032de8   0x00000154   Code   RO         3910    i.move_env          ef_env.o
    0x00032f3c   0x00032f3c   0x0000004c   Code   RO         3911    i.new_env           ef_env.o
    0x00032f88   0x00032f88   0x00000026   Code   RO         3912    i.new_env_by_kv     ef_env.o
    0x00032fae   0x00032fae   0x00000002   PAD
    0x00032fb0   0x00032fb0   0x00000018   Code   RO         2496    i.next_index        tuya_ble_event.o
    0x00032fc8   0x00032fc8   0x00000016   Code   RO         9204    i.nrf_atfifo_clear  nrf_atfifo.o
    0x00032fde   0x00032fde   0x00000028   Code   RO         9206    i.nrf_atfifo_init   nrf_atfifo.o
    0x00033006   0x00033006   0x0000001c   Code   RO         9207    i.nrf_atfifo_item_alloc  nrf_atfifo.o
    0x00033022   0x00033022   0x0000001c   Code   RO         9208    i.nrf_atfifo_item_free  nrf_atfifo.o
    0x0003303e   0x0003303e   0x0000001c   Code   RO         9209    i.nrf_atfifo_item_get  nrf_atfifo.o
    0x0003305a   0x0003305a   0x0000001c   Code   RO         9210    i.nrf_atfifo_item_put  nrf_atfifo.o
    0x00033076   0x00033076   0x0000001e   Code   RO         9278    i.nrf_atflags_clear  nrf_atflags.o
    0x00033094   0x00033094   0x0000001e   Code   RO         9283    i.nrf_atflags_get   nrf_atflags.o
    0x000330b2   0x000330b2   0x0000001e   Code   RO         9285    i.nrf_atflags_set   nrf_atflags.o
    0x000330d0   0x000330d0   0x0000000e   Code   RO         9345    i.nrf_atomic_flag_clear  nrf_atomic.o
    0x000330de   0x000330de   0x0000000e   Code   RO         9346    i.nrf_atomic_flag_clear_fetch  nrf_atomic.o
    0x000330ec   0x000330ec   0x0000000e   Code   RO         9347    i.nrf_atomic_flag_set  nrf_atomic.o
    0x000330fa   0x000330fa   0x0000000e   Code   RO         9348    i.nrf_atomic_flag_set_fetch  nrf_atomic.o
    0x00033108   0x00033108   0x00000016   Code   RO         9349    i.nrf_atomic_u32_add  nrf_atomic.o
    0x0003311e   0x0003311e   0x00000016   Code   RO         9350    i.nrf_atomic_u32_and  nrf_atomic.o
    0x00033134   0x00033134   0x00000016   Code   RO         9353    i.nrf_atomic_u32_fetch_and  nrf_atomic.o
    0x0003314a   0x0003314a   0x00000016   Code   RO         9354    i.nrf_atomic_u32_fetch_or  nrf_atomic.o
    0x00033160   0x00033160   0x00000016   Code   RO         9355    i.nrf_atomic_u32_fetch_store  nrf_atomic.o
    0x00033176   0x00033176   0x00000016   Code   RO         9359    i.nrf_atomic_u32_or  nrf_atomic.o
    0x0003318c   0x0003318c   0x00000016   Code   RO         9360    i.nrf_atomic_u32_store  nrf_atomic.o
    0x000331a2   0x000331a2   0x00000016   Code   RO         9361    i.nrf_atomic_u32_sub  nrf_atomic.o
    0x000331b8   0x000331b8   0x00000058   Code   RO         9483    i.nrf_balloc_alloc  nrf_balloc.o
    0x00033210   0x00033210   0x00000010   Code   RO         9484    i.nrf_balloc_block2idx  nrf_balloc.o
    0x00033220   0x00033220   0x00000038   Code   RO         9485    i.nrf_balloc_free   nrf_balloc.o
    0x00033258   0x00033258   0x0000000c   Code   RO         9486    i.nrf_balloc_idx2block  nrf_balloc.o
    0x00033264   0x00033264   0x0000003c   Code   RO         9487    i.nrf_balloc_init   nrf_balloc.o
    0x000332a0   0x000332a0   0x00000016   Code   RO         7393    i.nrf_bitmask_bit_is_set  nrfx_gpiote.o
    0x000332b6   0x000332b6   0x00000016   Code   RO         7394    i.nrf_bitmask_bit_set  nrfx_gpiote.o
    0x000332cc   0x000332cc   0x00000034   Code   RO         6438    i.nrf_ble_gatt_init  nrf_ble_gatt.o
    0x00033300   0x00033300   0x00000108   Code   RO         6439    i.nrf_ble_gatt_on_ble_evt  nrf_ble_gatt.o
    0x00033408   0x00033408   0x00000052   Code   RO         6616    i.nrf_ble_scan_connect_with_target  nrf_ble_scan.o
    0x0003345a   0x0003345a   0x00000014   Code   RO         6618    i.nrf_ble_scan_default_conn_param_set  nrf_ble_scan.o
    0x0003346e   0x0003346e   0x00000024   Code   RO         6619    i.nrf_ble_scan_default_param_set  nrf_ble_scan.o
    0x00033492   0x00033492   0x00000078   Code   RO         6624    i.nrf_ble_scan_init  nrf_ble_scan.o
    0x0003350a   0x0003350a   0x000000ce   Code   RO         6625    i.nrf_ble_scan_on_adv_report  nrf_ble_scan.o
    0x000335d8   0x000335d8   0x00000056   Code   RO         6626    i.nrf_ble_scan_on_ble_evt  nrf_ble_scan.o
    0x0003362e   0x0003362e   0x00000034   Code   RO         6627    i.nrf_ble_scan_on_connected_evt  nrf_ble_scan.o
    0x00033662   0x00033662   0x0000003a   Code   RO         6628    i.nrf_ble_scan_on_req_report  nrf_ble_scan.o
    0x0003369c   0x0003369c   0x00000038   Code   RO         6629    i.nrf_ble_scan_on_timeout  nrf_ble_scan.o
    0x000336d4   0x000336d4   0x0000002e   Code   RO         6630    i.nrf_ble_scan_params_set  nrf_ble_scan.o
    0x00033702   0x00033702   0x00000004   Code   RO         6632    i.nrf_ble_scan_stop  nrf_ble_scan.o
    0x00033706   0x00033706   0x00000012   Code   RO         7211    i.nrf_clock_event_check  nrfx_clock.o
    0x00033718   0x00033718   0x00000012   Code   RO         7212    i.nrf_clock_event_clear  nrfx_clock.o
    0x0003372a   0x0003372a   0x00000002   PAD
    0x0003372c   0x0003372c   0x0000000c   Code   RO         7214    i.nrf_clock_int_disable  nrfx_clock.o
    0x00033738   0x00033738   0x00000010   Code   RO         7216    i.nrf_clock_lf_is_running  nrfx_clock.o
    0x00033748   0x00033748   0x00000008   Code   RO         7217    i.nrf_clock_task_trigger  nrfx_clock.o
    0x00033750   0x00033750   0x00000030   Code   RO         5077    i.nrf_delay_ms      nrfs_flash.o
    0x00033780   0x00033780   0x00000084   Code   RO        11138    i.nrf_dfu_flash_erase  nrf_dfu_flash.o
    0x00033804   0x00033804   0x00000024   Code   RO        11139    i.nrf_dfu_flash_init  nrf_dfu_flash.o
    0x00033828   0x00033828   0x00000088   Code   RO        11140    i.nrf_dfu_flash_store  nrf_dfu_flash.o
    0x000338b0   0x000338b0   0x00000194   Code   RO        11207    i.nrf_dfu_settings_init  nrf_dfu_settings.o
    0x00033a44   0x00033a44   0x00000028   Code   RO        11208    i.nrf_dfu_settings_write  nrf_dfu_settings.o
    0x00033a6c   0x00033a6c   0x00000020   Code   RO        11209    i.nrf_dfu_settings_write_and_backup  nrf_dfu_settings.o
    0x00033a8c   0x00033a8c   0x00000040   Code   RO         6859    i.nrf_drv_clock_init  nrf_drv_clock.o
    0x00033acc   0x00033acc   0x00000034   Code   RO         6863    i.nrf_drv_clock_lfclk_release  nrf_drv_clock.o
    0x00033b00   0x00033b00   0x0000008c   Code   RO         7014    i.nrf_drv_uart_init  nrf_drv_uart.o
    0x00033b8c   0x00033b8c   0x00000044   Code   RO         8994    i.nrf_drv_uart_rx   app_uart_fifo.o
    0x00033bd0   0x00033bd0   0x00000044   Code   RO         8995    i.nrf_drv_uart_tx   app_uart_fifo.o
    0x00033c14   0x00033c14   0x00000050   Code   RO         1770    i.nrf_err_code_convert  tuya_ble_port_nrf52832.o
    0x00033c64   0x00033c64   0x0000002a   Code   RO         9532    i.nrf_fprintf       nrf_fprintf.o
    0x00033c8e   0x00033c8e   0x0000001c   Code   RO         9533    i.nrf_fprintf_buffer_flush  nrf_fprintf.o
    0x00033caa   0x00033caa   0x000001f0   Code   RO         9570    i.nrf_fprintf_fmt   nrf_fprintf_format.o
    0x00033e9a   0x00033e9a   0x00000002   PAD
    0x00033e9c   0x00033e9c   0x00000170   Code   RO         9936    i.nrf_fstorage_erase  nrf_fstorage.o
    0x0003400c   0x0003400c   0x000000ac   Code   RO         9937    i.nrf_fstorage_init  nrf_fstorage.o
    0x000340b8   0x000340b8   0x000001ac   Code   RO         9939    i.nrf_fstorage_read  nrf_fstorage.o
    0x00034264   0x00034264   0x0000001c   Code   RO        10033    i.nrf_fstorage_sdh_req_handler  nrf_fstorage_sd.o
    0x00034280   0x00034280   0x0000002c   Code   RO        10034    i.nrf_fstorage_sdh_state_handler  nrf_fstorage_sd.o
    0x000342ac   0x000342ac   0x0000008c   Code   RO        10035    i.nrf_fstorage_sys_evt_handler  nrf_fstorage_sd.o
    0x00034338   0x00034338   0x00000264   Code   RO         9943    i.nrf_fstorage_write  nrf_fstorage.o
    0x0003459c   0x0003459c   0x00000028   Code   RO         7767    i.nrf_gpio_cfg      nrfx_uart.o
    0x000345c4   0x000345c4   0x00000028   Code   RO         8013    i.nrf_gpio_cfg      nrfx_uarte.o
    0x000345ec   0x000345ec   0x0000001a   Code   RO         7769    i.nrf_gpio_cfg_input  nrfx_uart.o
    0x00034606   0x00034606   0x0000001a   Code   RO         8015    i.nrf_gpio_cfg_input  nrfx_uarte.o
    0x00034620   0x00034620   0x00000018   Code   RO         7770    i.nrf_gpio_cfg_output  nrfx_uart.o
    0x00034638   0x00034638   0x00000018   Code   RO         8016    i.nrf_gpio_cfg_output  nrfx_uarte.o
    0x00034650   0x00034650   0x00000032   Code   RO         7397    i.nrf_gpio_cfg_sense_set  nrfx_gpiote.o
    0x00034682   0x00034682   0x00000016   Code   RO         7771    i.nrf_gpio_pin_set  nrfx_uart.o
    0x00034698   0x00034698   0x00000016   Code   RO         8017    i.nrf_gpio_pin_set  nrfx_uarte.o
    0x000346ae   0x000346ae   0x00000002   PAD
    0x000346b0   0x000346b0   0x00000028   Code   RO         7401    i.nrf_gpio_ports_read  nrfx_gpiote.o
    0x000346d8   0x000346d8   0x0000000c   Code   RO         7402    i.nrf_gpiote_event_addr_get  nrfx_gpiote.o
    0x000346e4   0x000346e4   0x0000001c   Code   RO         7403    i.nrf_gpiote_event_clear  nrfx_gpiote.o
    0x00034700   0x00034700   0x00000016   Code   RO         7404    i.nrf_gpiote_event_is_set  nrfx_gpiote.o
    0x00034716   0x00034716   0x00000002   PAD
    0x00034718   0x00034718   0x00000054   Code   RO        10407    i.nrf_log_backend_add  nrf_log_frontend.o
    0x0003476c   0x0003476c   0x00000002   Code   RO        10260    i.nrf_log_backend_rtt_flush  nrf_log_backend_rtt.o
    0x0003476e   0x0003476e   0x00000008   Code   RO        10261    i.nrf_log_backend_rtt_init  nrf_log_backend_rtt.o
    0x00034776   0x00034776   0x00000002   Code   RO        10262    i.nrf_log_backend_rtt_panic_set  nrf_log_backend_rtt.o
    0x00034778   0x00034778   0x00000020   Code   RO        10263    i.nrf_log_backend_rtt_put  nrf_log_backend_rtt.o
    0x00034798   0x00034798   0x000000f2   Code   RO        10324    i.nrf_log_backend_serial_put  nrf_log_backend_serial.o
    0x0003488a   0x0003488a   0x00000002   PAD
    0x0003488c   0x0003488c   0x00000038   Code   RO        10409    i.nrf_log_color_id_get  nrf_log_frontend.o
    0x000348c4   0x000348c4   0x00000028   Code   RO        10360    i.nrf_log_default_backends_init  nrf_log_default_backends.o
    0x000348ec   0x000348ec   0x0000031c   Code   RO        10410    i.nrf_log_frontend_dequeue  nrf_log_frontend.o
    0x00034c08   0x00034c08   0x00000014   Code   RO        10412    i.nrf_log_frontend_std_0  nrf_log_frontend.o
    0x00034c1c   0x00034c1c   0x00000018   Code   RO        10413    i.nrf_log_frontend_std_1  nrf_log_frontend.o
    0x00034c34   0x00034c34   0x00000020   Code   RO        10414    i.nrf_log_frontend_std_2  nrf_log_frontend.o
    0x00034c54   0x00034c54   0x00000028   Code   RO        10415    i.nrf_log_frontend_std_3  nrf_log_frontend.o
    0x00034c7c   0x00034c7c   0x000000bc   Code   RO        10603    i.nrf_log_hexdump_entry_process  nrf_log_str_formatter.o
    0x00034d38   0x00034d38   0x0000005c   Code   RO        10419    i.nrf_log_init      nrf_log_frontend.o
    0x00034d94   0x00034d94   0x00000014   Code   RO        10420    i.nrf_log_module_cnt_get  nrf_log_frontend.o
    0x00034da8   0x00034da8   0x00000024   Code   RO        10424    i.nrf_log_module_name_get  nrf_log_frontend.o
    0x00034dcc   0x00034dcc   0x00000038   Code   RO        10425    i.nrf_log_panic     nrf_log_frontend.o
    0x00034e04   0x00034e04   0x000000c8   Code   RO        10604    i.nrf_log_std_entry_process  nrf_log_str_formatter.o
    0x00034ecc   0x00034ecc   0x0000007a   Code   RO         9614    i.nrf_memobj_alloc  nrf_memobj.o
    0x00034f46   0x00034f46   0x00000040   Code   RO         9615    i.nrf_memobj_free   nrf_memobj.o
    0x00034f86   0x00034f86   0x00000010   Code   RO         9616    i.nrf_memobj_get    nrf_memobj.o
    0x00034f96   0x00034f96   0x0000000c   Code   RO         9617    i.nrf_memobj_pool_init  nrf_memobj.o
    0x00034fa2   0x00034fa2   0x0000001e   Code   RO         9618    i.nrf_memobj_put    nrf_memobj.o
    0x00034fc0   0x00034fc0   0x00000022   Code   RO         9619    i.nrf_memobj_read   nrf_memobj.o
    0x00034fe2   0x00034fe2   0x00000022   Code   RO         9620    i.nrf_memobj_write  nrf_memobj.o
    0x00035004   0x00035004   0x00000060   Code   RO         8384    i.nrf_nvmc_page_erase  nrf_nvmc.o
    0x00035064   0x00035064   0x00000074   Code   RO         8388    i.nrf_nvmc_write_words  nrf_nvmc.o
    0x000350d8   0x000350d8   0x00000040   Code   RO         9682    i.nrf_pwr_mgmt_init  nrf_pwr_mgmt.o
    0x00035118   0x00035118   0x00000070   Code   RO         9683    i.nrf_pwr_mgmt_run  nrf_pwr_mgmt.o
    0x00035188   0x00035188   0x0000001c   Code   RO         9768    i.nrf_ringbuf_init  nrf_ringbuf.o
    0x000351a4   0x000351a4   0x0000000e   Code   RO         8231    i.nrf_rtc_event_clear  nrfx_rtc.o
    0x000351b2   0x000351b2   0x00000006   Code   RO         8232    i.nrf_rtc_event_disable  nrfx_rtc.o
    0x000351b8   0x000351b8   0x00000006   Code   RO         8233    i.nrf_rtc_event_enable  nrfx_rtc.o
    0x000351be   0x000351be   0x00000006   Code   RO         8234    i.nrf_rtc_event_pending  nrfx_rtc.o
    0x000351c4   0x000351c4   0x00000006   Code   RO         8235    i.nrf_rtc_int_disable  nrfx_rtc.o
    0x000351ca   0x000351ca   0x00000006   Code   RO         8236    i.nrf_rtc_int_enable  nrfx_rtc.o
    0x000351d0   0x000351d0   0x0000000a   Code   RO         8237    i.nrf_rtc_int_is_enabled  nrfx_rtc.o
    0x000351da   0x000351da   0x00000006   Code   RO         8238    i.nrf_rtc_task_trigger  nrfx_rtc.o
    0x000351e0   0x000351e0   0x00000018   Code   RO        11044    i.nrf_sdh_ble_app_ram_start_get  nrf_sdh_ble.o
    0x000351f8   0x000351f8   0x00000160   Code   RO        11045    i.nrf_sdh_ble_default_cfg_set  nrf_sdh_ble.o
    0x00035358   0x00035358   0x0000014c   Code   RO        11046    i.nrf_sdh_ble_enable  nrf_sdh_ble.o
    0x000354a4   0x000354a4   0x00000070   Code   RO        11047    i.nrf_sdh_ble_evts_poll  nrf_sdh_ble.o
    0x00035514   0x00035514   0x00000068   Code   RO        10920    i.nrf_sdh_disable_request  nrf_sdh.o
    0x0003557c   0x0003557c   0x0000008c   Code   RO        10921    i.nrf_sdh_enable_request  nrf_sdh.o
    0x00035608   0x00035608   0x00000030   Code   RO        10922    i.nrf_sdh_evts_poll  nrf_sdh.o
    0x00035638   0x00035638   0x0000000c   Code   RO        10923    i.nrf_sdh_is_enabled  nrf_sdh.o
    0x00035644   0x00035644   0x00000028   Code   RO        10925    i.nrf_sdh_request_continue  nrf_sdh.o
    0x0003566c   0x0003566c   0x00000054   Code   RO        11103    i.nrf_sdh_soc_evts_poll  nrf_sdh_soc.o
    0x000356c0   0x000356c0   0x00000006   Code   RO        10928    i.nrf_section_iter_get  nrf_sdh.o
    0x000356c6   0x000356c6   0x00000014   Code   RO         9828    i.nrf_section_iter_init  nrf_section_iter.o
    0x000356da   0x000356da   0x0000002e   Code   RO         9829    i.nrf_section_iter_item_set  nrf_section_iter.o
    0x00035708   0x00035708   0x0000002e   Code   RO         9830    i.nrf_section_iter_next  nrf_section_iter.o
    0x00035736   0x00035736   0x00000002   PAD
    0x00035738   0x00035738   0x00000040   Code   RO         9863    i.nrf_strerror_find  nrf_strerror.o
    0x00035778   0x00035778   0x0000001c   Code   RO         9864    i.nrf_strerror_get  nrf_strerror.o
    0x00035794   0x00035794   0x0000000c   Code   RO         7772    i.nrf_uart_errorsrc_get_and_clear  nrfx_uart.o
    0x000357a0   0x000357a0   0x0000000e   Code   RO         7773    i.nrf_uart_event_check  nrfx_uart.o
    0x000357ae   0x000357ae   0x0000000e   Code   RO         7774    i.nrf_uart_event_clear  nrfx_uart.o
    0x000357bc   0x000357bc   0x0000000a   Code   RO         7775    i.nrf_uart_hwfc_pins_set  nrfx_uart.o
    0x000357c6   0x000357c6   0x00000006   Code   RO         7776    i.nrf_uart_int_disable  nrfx_uart.o
    0x000357cc   0x000357cc   0x00000006   Code   RO         7777    i.nrf_uart_int_enable  nrfx_uart.o
    0x000357d2   0x000357d2   0x00000012   Code   RO         7778    i.nrf_uart_int_enable_check  nrfx_uart.o
    0x000357e4   0x000357e4   0x00000006   Code   RO         7779    i.nrf_uart_task_trigger  nrfx_uart.o
    0x000357ea   0x000357ea   0x0000000a   Code   RO         7780    i.nrf_uart_txrx_pins_set  nrfx_uart.o
    0x000357f4   0x000357f4   0x0000000c   Code   RO         8018    i.nrf_uarte_errorsrc_get_and_clear  nrfx_uarte.o
    0x00035800   0x00035800   0x0000000e   Code   RO         8019    i.nrf_uarte_event_check  nrfx_uarte.o
    0x0003580e   0x0003580e   0x0000000e   Code   RO         8020    i.nrf_uarte_event_clear  nrfx_uarte.o
    0x0003581c   0x0003581c   0x0000000c   Code   RO         8021    i.nrf_uarte_hwfc_pins_set  nrfx_uarte.o
    0x00035828   0x00035828   0x00000006   Code   RO         8022    i.nrf_uarte_int_disable  nrfx_uarte.o
    0x0003582e   0x0003582e   0x00000006   Code   RO         8023    i.nrf_uarte_int_enable  nrfx_uarte.o
    0x00035834   0x00035834   0x0000000a   Code   RO         8024    i.nrf_uarte_rx_amount_get  nrfx_uarte.o
    0x0003583e   0x0003583e   0x0000000c   Code   RO         8025    i.nrf_uarte_shorts_disable  nrfx_uarte.o
    0x0003584a   0x0003584a   0x00000006   Code   RO         8026    i.nrf_uarte_task_trigger  nrfx_uarte.o
    0x00035850   0x00035850   0x0000000e   Code   RO         8027    i.nrf_uarte_txrx_pins_set  nrfx_uarte.o
    0x0003585e   0x0003585e   0x00000002   PAD
    0x00035860   0x00035860   0x000000a0   Code   RO         4669    i.nrfs_adv_init     nrfs_scan_adv.o
    0x00035900   0x00035900   0x000000ac   Code   RO         4671    i.nrfs_adv_start    nrfs_scan_adv.o
    0x000359ac   0x000359ac   0x0000000c   Code   RO         4672    i.nrfs_adv_state_update  nrfs_scan_adv.o
    0x000359b8   0x000359b8   0x000000a8   Code   RO         4673    i.nrfs_adv_stop     nrfs_scan_adv.o
    0x00035a60   0x00035a60   0x000000a0   Code   RO         4674    i.nrfs_adv_update_advDataAndScanRsp  nrfs_scan_adv.o
    0x00035b00   0x00035b00   0x000003a4   Code   RO         4764    i.nrfs_ble_evt_handler  nrfs_ble.o
    0x00035ea4   0x00035ea4   0x00000056   Code   RO         4765    i.nrfs_ble_stack_init  nrfs_ble.o
    0x00035efa   0x00035efa   0x00000002   PAD
    0x00035efc   0x00035efc   0x00000040   Code   RO         4766    i.nrfs_conn_param_update  nrfs_ble.o
    0x00035f3c   0x00035f3c   0x0000001e   Code   RO         4941    i.nrfs_delay_ms     nrfs_timer.o
    0x00035f5a   0x00035f5a   0x00000002   PAD
    0x00035f5c   0x00035f5c   0x00000014   Code   RO         4767    i.nrfs_disconnect   nrfs_ble.o
    0x00035f70   0x00035f70   0x00000014   Code   RO         4609    i.nrfs_enter_critical  nrfs_common.o
    0x00035f84   0x00035f84   0x00000010   Code   RO         4610    i.nrfs_exit_critical  nrfs_common.o
    0x00035f94   0x00035f94   0x0000016c   Code   RO         5078    i.nrfs_flash_erase  nrfs_flash.o
    0x00036100   0x00036100   0x00000044   Code   RO         5079    i.nrfs_flash_init   nrfs_flash.o
    0x00036144   0x00036144   0x00000024   Code   RO         5080    i.nrfs_flash_read   nrfs_flash.o
    0x00036168   0x00036168   0x000001e8   Code   RO         5081    i.nrfs_flash_write  nrfs_flash.o
    0x00036350   0x00036350   0x00000064   Code   RO         4768    i.nrfs_gap_params_init  nrfs_ble.o
    0x000363b4   0x000363b4   0x00000028   Code   RO         4769    i.nrfs_gatt_init    nrfs_ble.o
    0x000363dc   0x000363dc   0x00000018   Code   RO         4945    i.nrfs_get_old_timestamp  nrfs_timer.o
    0x000363f4   0x000363f4   0x00000020   Code   RO         4946    i.nrfs_get_timestamp  nrfs_timer.o
    0x00036414   0x00036414   0x00000008   Code   RO         4947    i.nrfs_local_timer_start  nrfs_timer.o
    0x0003641c   0x0003641c   0x0000001c   Code   RO         4611    i.nrfs_log_hexdump  nrfs_common.o
    0x00036438   0x00036438   0x00000002   Code   RO         4612    i.nrfs_log_hexdump_empty  nrfs_common.o
    0x0003643a   0x0003643a   0x0000003c   Code   RO         4613    i.nrfs_log_init     nrfs_common.o
    0x00036476   0x00036476   0x00000002   PAD
    0x00036478   0x00036478   0x00000080   Code   RO         4675    i.nrfs_scan_init    nrfs_scan_adv.o
    0x000364f8   0x000364f8   0x0000008c   Code   RO         4771    i.nrfs_set_bt_mac_addr  nrfs_ble.o
    0x00036584   0x00036584   0x00000080   Code   RO         4772    i.nrfs_set_conn_param  nrfs_ble.o
    0x00036604   0x00036604   0x00000078   Code   RO         4773    i.nrfs_set_defConn_param  nrfs_ble.o
    0x0003667c   0x0003667c   0x00000030   Code   RO         4861    i.nrfs_svc_init     nrfs_svc.o
    0x000366ac   0x000366ac   0x000000e8   Code   RO         4862    i.nrfs_svc_send_data  nrfs_svc.o
    0x00036794   0x00036794   0x0000005c   Code   RO         4614    i.nrfs_system_reset  nrfs_common.o
    0x000367f0   0x000367f0   0x00000002   Code   RO         5165    i.nrfs_test         nrfs_test.o
    0x000367f2   0x000367f2   0x00000002   PAD
    0x000367f4   0x000367f4   0x000000f4   Code   RO         4948    i.nrfs_timer_create  nrfs_timer.o
    0x000368e8   0x000368e8   0x000000dc   Code   RO         4950    i.nrfs_timer_start  nrfs_timer.o
    0x000369c4   0x000369c4   0x00000022   Code   RO         4951    i.nrfs_timer_stop   nrfs_timer.o
    0x000369e6   0x000369e6   0x00000002   PAD
    0x000369e8   0x000369e8   0x0000005c   Code   RO         4900    i.nrfs_uart_init    nrfs_uart.o
    0x00036a44   0x00036a44   0x0000004c   Code   RO         4901    i.nrfs_uart_send    nrfs_uart.o
    0x00036a90   0x00036a90   0x0000001c   Code   RO         4952    i.nrfs_update_timestamp  nrfs_timer.o
    0x00036aac   0x00036aac   0x00000014   Code   RO         7223    i.nrfx_clock_enable  nrfx_clock.o
    0x00036ac0   0x00036ac0   0x00000028   Code   RO         7226    i.nrfx_clock_init   nrfx_clock.o
    0x00036ae8   0x00036ae8   0x00000014   Code   RO         7229    i.nrfx_clock_lfclk_stop  nrfx_clock.o
    0x00036afc   0x00036afc   0x00000018   Code   RO         4953    i.nrfx_coredep_delay_us  nrfs_timer.o
    0x00036b14   0x00036b14   0x00000018   Code   RO         8779    i.nrfx_coredep_delay_us  app_timer.o
    0x00036b2c   0x00036b2c   0x00000008   Code   RO         7231    i.nrfx_get_irq_number  nrfx_clock.o
    0x00036b34   0x00036b34   0x00000008   Code   RO         7781    i.nrfx_get_irq_number  nrfx_uart.o
    0x00036b3c   0x00036b3c   0x00000008   Code   RO         8028    i.nrfx_get_irq_number  nrfx_uarte.o
    0x00036b44   0x00036b44   0x00000014   Code   RO         8029    i.nrfx_is_in_ram    nrfx_uarte.o
    0x00036b58   0x00036b58   0x000000a4   Code   RO         7232    i.nrfx_power_clock_irq_init  nrfx_clock.o
    0x00036bfc   0x00036bfc   0x00000054   Code   RO         7711    i.nrfx_prs_acquire  nrfx_prs.o
    0x00036c50   0x00036c50   0x00000020   Code   RO         8242    i.nrfx_rtc_enable   nrfx_rtc.o
    0x00036c70   0x00036c70   0x000000c4   Code   RO         8243    i.nrfx_rtc_init     nrfx_rtc.o
    0x00036d34   0x00036d34   0x0000002c   Code   RO         8248    i.nrfx_rtc_tick_enable  nrfx_rtc.o
    0x00036d60   0x00036d60   0x00000014   Code   RO         7782    i.nrfx_uart_0_irq_handler  nrfx_uart.o
    0x00036d74   0x00036d74   0x00000088   Code   RO         7784    i.nrfx_uart_init    nrfx_uart.o
    0x00036dfc   0x00036dfc   0x00000124   Code   RO         7785    i.nrfx_uart_rx      nrfx_uart.o
    0x00036f20   0x00036f20   0x0000008c   Code   RO         7790    i.nrfx_uart_tx      nrfx_uart.o
    0x00036fac   0x00036fac   0x00000024   Code   RO         7792    i.nrfx_uart_tx_in_progress  nrfx_uart.o
    0x00036fd0   0x00036fd0   0x00000014   Code   RO         8030    i.nrfx_uarte_0_irq_handler  nrfx_uarte.o
    0x00036fe4   0x00036fe4   0x00000080   Code   RO         8032    i.nrfx_uarte_init   nrfx_uarte.o
    0x00037064   0x00037064   0x00000138   Code   RO         8033    i.nrfx_uarte_rx     nrfx_uarte.o
    0x0003719c   0x0003719c   0x000000a8   Code   RO         8036    i.nrfx_uarte_tx     nrfx_uarte.o
    0x00037244   0x00037244   0x00000020   Code   RO         8038    i.nrfx_uarte_tx_in_progress  nrfx_uarte.o
    0x00037264   0x00037264   0x00000012   Code   RO         4863    i.nus_data_handler  nrfs_svc.o
    0x00037276   0x00037276   0x00000030   Code   RO         6053    i.on_conn_params_update  ble_conn_params.o
    0x000372a6   0x000372a6   0x00000002   PAD
    0x000372a8   0x000372a8   0x00000070   Code   RO         6054    i.on_connect        ble_conn_params.o
    0x00037318   0x00037318   0x00000074   Code   RO         6784    i.on_connect        ble_nus.o
    0x0003738c   0x0003738c   0x000000c4   Code   RO         6440    i.on_connected_evt  nrf_ble_gatt.o
    0x00037450   0x00037450   0x00000054   Code   RO         6441    i.on_data_length_update_evt  nrf_ble_gatt.o
    0x000374a4   0x000374a4   0x00000030   Code   RO         6442    i.on_data_length_update_request_evt  nrf_ble_gatt.o
    0x000374d4   0x000374d4   0x00000032   Code   RO         6055    i.on_disconnect     ble_conn_params.o
    0x00037506   0x00037506   0x00000014   Code   RO         6443    i.on_disconnected_evt  nrf_ble_gatt.o
    0x0003751a   0x0003751a   0x00000002   PAD
    0x0003751c   0x0003751c   0x000000c8   Code   RO         6444    i.on_exchange_mtu_request_evt  nrf_ble_gatt.o
    0x000375e4   0x000375e4   0x00000064   Code   RO         6445    i.on_exchange_mtu_rsp_evt  nrf_ble_gatt.o
    0x00037648   0x00037648   0x00000044   Code   RO         6785    i.on_hvx_tx_complete  ble_nus.o
    0x0003768c   0x0003768c   0x00000024   Code   RO        10036    i.on_operation_failure  nrf_fstorage_sd.o
    0x000376b0   0x000376b0   0x0000005c   Code   RO        10037    i.on_operation_success  nrf_fstorage_sd.o
    0x0003770c   0x0003770c   0x00000058   Code   RO         6056    i.on_write          ble_conn_params.o
    0x00037764   0x00037764   0x00000094   Code   RO         6786    i.on_write          ble_nus.o
    0x000377f8   0x000377f8   0x00000358   Code   RO          631    i.open_meth_creat_handler  lock_dp_parser.o
    0x00037b50   0x00037b50   0x000001bc   Code   RO          632    i.open_meth_delete_handler  lock_dp_parser.o
    0x00037d0c   0x00037d0c   0x00000012   Code   RO          633    i.open_meth_freeze_or_unfreeze_handler  lock_dp_parser.o
    0x00037d1e   0x00037d1e   0x00000002   PAD
    0x00037d20   0x00037d20   0x0000015c   Code   RO          634    i.open_meth_modify_handler  lock_dp_parser.o
    0x00037e7c   0x00037e7c   0x000001f4   Code   RO          635    i.open_meth_sync_handler  lock_dp_parser.o
    0x00038070   0x00038070   0x000000a8   Code   RO          636    i.open_meth_sync_new_handler  lock_dp_parser.o
    0x00038118   0x00038118   0x0000003c   Code   RO          637    i.open_with_bt_handler  lock_dp_parser.o
    0x00038154   0x00038154   0x00000048   Code   RO        10606    i.postfix_process   nrf_log_str_formatter.o
    0x0003819c   0x0003819c   0x0000001c   Code   RO         5198    i.power_management_init  main.o
    0x000381b8   0x000381b8   0x000000a4   Code   RO        10607    i.prefix_process    nrf_log_str_formatter.o
    0x0003825c   0x0003825c   0x00000018   Code   RO         7713    i.prs_box_get       nrfx_prs.o
    0x00038274   0x00038274   0x0000007c   Code   RO         2563    i.prvHeapInit       tuya_ble_heap.o
    0x000382f0   0x000382f0   0x00000068   Code   RO         2564    i.prvInsertBlockIntoFreeList  tuya_ble_heap.o
    0x00038358   0x00038358   0x000000d0   Code   RO         2565    i.pvTuyaPortMalloc  tuya_ble_heap.o
    0x00038428   0x00038428   0x00000024   Code   RO          933    i.pwd_number_convert_to_integer  lock_dynamic_pwd.o
    0x0003844c   0x0003844c   0x00000018   Code   RO        10038    i.queue_free        nrf_fstorage_sd.o
    0x00038464   0x00038464   0x0000002c   Code   RO        10039    i.queue_load_next   nrf_fstorage_sd.o
    0x00038490   0x00038490   0x00000090   Code   RO        10040    i.queue_process     nrf_fstorage_sd.o
    0x00038520   0x00038520   0x0000001c   Code   RO        10041    i.queue_start       nrf_fstorage_sd.o
    0x0003853c   0x0003853c   0x00000010   Code   RO        11048    i.ram_end_address_get  nrf_sdh_ble.o
    0x0003854c   0x0003854c   0x0000001c   Code   RO        10042    i.read              nrf_fstorage_sd.o
    0x00038568   0x00038568   0x0000001c   Code   RO        10167    i.read              nrf_fstorage_nvmc.o
    0x00038584   0x00038584   0x0000017c   Code   RO         3914    i.read_env          ef_env.o
    0x00038700   0x00038700   0x000001cc   Code   RO         3915    i.read_sector_meta_data  ef_env.o
    0x000388cc   0x000388cc   0x00000074   Code   RO         3916    i.read_status       ef_env.o
    0x00038940   0x00038940   0x00000028   Code   RO         6173    i.record_activate   ble_conn_state.o
    0x00038968   0x00038968   0x00000020   Code   RO         6174    i.record_invalidate  ble_conn_state.o
    0x00038988   0x00038988   0x00000048   Code   RO         6175    i.record_purge_disconnected  ble_conn_state.o
    0x000389d0   0x000389d0   0x00000014   Code   RO         6176    i.record_set_disconnected  ble_conn_state.o
    0x000389e4   0x000389e4   0x0000000c   Code   RO          821    i.reset_with_disconn_outtime_cb  lock_timer.o
    0x000389f0   0x000389f0   0x0000000c   Code   RO          822    i.reset_with_disconn_outtime_cb_handler  lock_timer.o
    0x000389fc   0x000389fc   0x00000006   Code   RO        10043    i.rmap              nrf_fstorage_sd.o
    0x00038a02   0x00038a02   0x00000006   Code   RO        10168    i.rmap              nrf_fstorage_nvmc.o
    0x00038a08   0x00038a08   0x0000000c   Code   RO         8780    i.rtc1_compare0_set  app_timer.o
    0x00038a14   0x00038a14   0x0000000c   Code   RO         8781    i.rtc1_counter_get  app_timer.o
    0x00038a20   0x00038a20   0x00000018   Code   RO         8782    i.rtc1_init         app_timer.o
    0x00038a38   0x00038a38   0x0000003c   Code   RO         8783    i.rtc1_start        app_timer.o
    0x00038a74   0x00038a74   0x00000058   Code   RO         8784    i.rtc1_stop         app_timer.o
    0x00038acc   0x00038acc   0x0000004c   Code   RO         4955    i.rtc2_config       nrfs_timer.o
    0x00038b18   0x00038b18   0x00000030   Code   RO         4956    i.rtc2_handler      nrfs_timer.o
    0x00038b48   0x00038b48   0x00000008   Code   RO         4957    i.rtc2_start        nrfs_timer.o
    0x00038b50   0x00038b50   0x0000003e   Code   RO         7795    i.rx_byte           nrfx_uart.o
    0x00038b8e   0x00038b8e   0x0000001c   Code   RO         7796    i.rx_done_event     nrfx_uart.o
    0x00038baa   0x00038baa   0x0000001c   Code   RO         8041    i.rx_done_event     nrfx_uarte.o
    0x00038bc6   0x00038bc6   0x00000022   Code   RO         7797    i.rx_enable         nrfx_uart.o
    0x00038be8   0x00038be8   0x00000174   Code   RO         4679    i.scan_evt_handler  nrfs_scan_adv.o
    0x00038d5c   0x00038d5c   0x00000098   Code   RO        10929    i.sd_nvic_EnableIRQ  nrf_sdh.o
    0x00038df4   0x00038df4   0x00000068   Code   RO         9086    i.sd_nvic_critical_region_enter  app_util_platform.o
    0x00038e5c   0x00038e5c   0x00000070   Code   RO         6866    i.sd_state_evt_handler  nrf_drv_clock.o
    0x00038ecc   0x00038ecc   0x0000003c   Code   RO        10930    i.sdh_request_observer_notify  nrf_sdh.o
    0x00038f08   0x00038f08   0x00000034   Code   RO        10931    i.sdh_state_observer_notify  nrf_sdh.o
    0x00038f3c   0x00038f3c   0x00000060   Code   RO         3917    i.sector_iterator   ef_env.o
    0x00038f9c   0x00038f9c   0x0000002e   Code   RO         3918    i.sector_statistics_cb  ef_env.o
    0x00038fca   0x00038fca   0x00000002   PAD
    0x00038fcc   0x00038fcc   0x00000018   Code   RO         6057    i.send_error_evt    ble_conn_params.o
    0x00038fe4   0x00038fe4   0x00000084   Code   RO        10264    i.serial_tx         nrf_log_backend_rtt.o
    0x00039068   0x00039068   0x00000018   Code   RO         2317    i.set_ble_receive_sn  tuya_ble_data_handler.o
    0x00039080   0x00039080   0x00000094   Code   RO         3919    i.set_env           ef_env.o
    0x00039114   0x00039114   0x000000be   Code   RO         6369    i.set_security_req  ble_srv_common.o
    0x000391d2   0x000391d2   0x00000030   Code   RO         3920    i.set_status        ef_env.o
    0x00039202   0x00039202   0x00000002   PAD
    0x00039204   0x00039204   0x000000c4   Code   RO        11210    i.settings_backup   nrf_dfu_settings.o
    0x000392c8   0x000392c8   0x00000028   Code   RO        11211    i.settings_backup_crc_ok  nrf_dfu_settings.o
    0x000392f0   0x000392f0   0x00000010   Code   RO        11212    i.settings_crc_get  nrf_dfu_settings.o
    0x00039300   0x00039300   0x00000010   Code   RO        11213    i.settings_crc_ok   nrf_dfu_settings.o
    0x00039310   0x00039310   0x00000018   Code   RO        11214    i.settings_forbidden_parts_copy_from_backup  nrf_dfu_settings.o
    0x00039328   0x00039328   0x000000dc   Code   RO        11216    i.settings_write    nrf_dfu_settings.o
    0x00039404   0x00039404   0x0000001c   Code   RO         6867    i.soc_evt_handler   nrf_drv_clock.o
    0x00039420   0x00039420   0x0000006c   Code   RO        10932    i.softdevice_evt_irq_disable  nrf_sdh.o
    0x0003948c   0x0003948c   0x0000001e   Code   RO        10933    i.softdevices_evt_irq_enable  nrf_sdh.o
    0x000394aa   0x000394aa   0x0000006e   Code   RO        11868    i.sqrt              m_wm.l(sqrt.o)
    0x00039518   0x00039518   0x00000064   Code   RO        10427    i.std_header_set    nrf_log_frontend.o
    0x0003957c   0x0003957c   0x00000070   Code   RO        10428    i.std_n             nrf_log_frontend.o
    0x000395ec   0x000395ec   0x00000074   Code   RO         9571    i.string_print      nrf_fprintf_format.o
    0x00039660   0x00039660   0x00000010   Code   RO         3081    i.sys_settings_crc_get  tuya_ble_storage.o
    0x00039670   0x00039670   0x00000022   Code   RO         3082    i.sys_settings_crc_ok  tuya_ble_storage.o
    0x00039692   0x00039692   0x00000002   PAD
    0x00039694   0x00039694   0x000000e8   Code   RO          638    i.temp_pw_creat_handler  lock_dp_parser.o
    0x0003977c   0x0003977c   0x000000c4   Code   RO          639    i.temp_pw_delete_handler  lock_dp_parser.o
    0x00039840   0x00039840   0x000000d4   Code   RO          640    i.temp_pw_modify_handler  lock_dp_parser.o
    0x00039914   0x00039914   0x0000000a   Code   RO         8785    i.ticks_diff_get    app_timer.o
    0x0003991e   0x0003991e   0x0000000c   Code   RO         8786    i.timeout_handler_exec  app_timer.o
    0x0003992a   0x0003992a   0x00000002   PAD
    0x0003992c   0x0003992c   0x00000050   Code   RO         8787    i.timer_list_handler  app_timer.o
    0x0003997c   0x0003997c   0x0000000a   Code   RO         8788    i.timer_list_handler_sched  app_timer.o
    0x00039986   0x00039986   0x00000002   PAD
    0x00039988   0x00039988   0x00000068   Code   RO         8789    i.timer_list_insert  app_timer.o
    0x000399f0   0x000399f0   0x00000088   Code   RO         8790    i.timer_list_remove  app_timer.o
    0x00039a78   0x00039a78   0x00000064   Code   RO         8791    i.timer_start_op_schedule  app_timer.o
    0x00039adc   0x00039adc   0x00000044   Code   RO         8792    i.timer_stop_op_schedule  app_timer.o
    0x00039b20   0x00039b20   0x00000098   Code   RO         8793    i.timer_timeouts_check  app_timer.o
    0x00039bb8   0x00039bb8   0x0000000a   Code   RO         8794    i.timer_timeouts_check_sched  app_timer.o
    0x00039bc2   0x00039bc2   0x00000002   Code   RO        10608    i.timestamp_print   nrf_log_str_formatter.o
    0x00039bc4   0x00039bc4   0x0000000e   Code   RO         2811    i.trsmitr_init      tuya_ble_mutli_tsf_protocol.o
    0x00039bd2   0x00039bd2   0x00000148   Code   RO         2812    i.trsmitr_recv_pkg_decode  tuya_ble_mutli_tsf_protocol.o
    0x00039d1a   0x00039d1a   0x0000012e   Code   RO         2813    i.trsmitr_send_pkg_encode  tuya_ble_mutli_tsf_protocol.o
    0x00039e48   0x00039e48   0x00000066   Code   RO         2241    i.tuya_ble_Add_Pkcs  tuya_ble_cryption_api.o
    0x00039eae   0x00039eae   0x00000002   PAD
    0x00039eb0   0x00039eb0   0x0000013c   Code   RO         2624    i.tuya_ble_adv_change  tuya_ble_main.o
    0x00039fec   0x00039fec   0x00000052   Code   RO         1771    i.tuya_ble_aes128_cbc_decrypt  tuya_ble_port_nrf52832.o
    0x0003a03e   0x0003a03e   0x00000052   Code   RO         1772    i.tuya_ble_aes128_cbc_encrypt  tuya_ble_port_nrf52832.o
    0x0003a090   0x0003a090   0x0000005e   Code   RO         1774    i.tuya_ble_aes128_ecb_encrypt  tuya_ble_port_nrf52832.o
    0x0003a0ee   0x0003a0ee   0x0000001c   Code   RO         1775    i.tuya_ble_app_production_test_process  tuya_ble_port_nrf52832.o
    0x0003a10a   0x0003a10a   0x00000002   PAD
    0x0003a10c   0x0003a10c   0x0000003c   Code   RO         2016    i.tuya_ble_callback_queue_register  tuya_ble_api.o
    0x0003a148   0x0003a148   0x0000002c   Code   RO         2625    i.tuya_ble_cb_event_send  tuya_ble_main.o
    0x0003a174   0x0003a174   0x0000022c   Code   RO         2318    i.tuya_ble_commData_send  tuya_ble_data_handler.o
    0x0003a3a0   0x0003a3a0   0x00000178   Code   RO         2319    i.tuya_ble_commonData_rx_proc  tuya_ble_data_handler.o
    0x0003a518   0x0003a518   0x00000002   Code   RO         2017    i.tuya_ble_connect_monitor_timer_init  tuya_ble_api.o
    0x0003a51a   0x0003a51a   0x00000002   Code   RO         2018    i.tuya_ble_connect_monitor_timer_start  tuya_ble_api.o
    0x0003a51c   0x0003a51c   0x00000002   Code   RO         2019    i.tuya_ble_connect_monitor_timer_stop  tuya_ble_api.o
    0x0003a51e   0x0003a51e   0x00000002   PAD
    0x0003a520   0x0003a520   0x0000000c   Code   RO         2626    i.tuya_ble_connect_status_get  tuya_ble_main.o
    0x0003a52c   0x0003a52c   0x00000018   Code   RO         2627    i.tuya_ble_connect_status_set  tuya_ble_main.o
    0x0003a544   0x0003a544   0x0000001a   Code   RO         2020    i.tuya_ble_connected_handler  tuya_ble_api.o
    0x0003a55e   0x0003a55e   0x00000002   PAD
    0x0003a560   0x0003a560   0x00000040   Code   RO         3222    i.tuya_ble_crc16_compute  tuya_ble_utils.o
    0x0003a5a0   0x0003a5a0   0x0000004c   Code   RO         3223    i.tuya_ble_crc32_compute  tuya_ble_utils.o
    0x0003a5ec   0x0003a5ec   0x00000030   Code   RO         2628    i.tuya_ble_custom_event_send  tuya_ble_main.o
    0x0003a61c   0x0003a61c   0x000000a8   Code   RO         2242    i.tuya_ble_decryption  tuya_ble_cryption_api.o
    0x0003a6c4   0x0003a6c4   0x0000000c   Code   RO         1776    i.tuya_ble_device_delay_ms  tuya_ble_port_nrf52832.o
    0x0003a6d0   0x0003a6d0   0x00000008   Code   RO         1778    i.tuya_ble_device_enter_critical  tuya_ble_port_nrf52832.o
    0x0003a6d8   0x0003a6d8   0x00000008   Code   RO         1779    i.tuya_ble_device_exit_critical  tuya_ble_port_nrf52832.o
    0x0003a6e0   0x0003a6e0   0x0000001c   Code   RO         2022    i.tuya_ble_device_factory_reset  tuya_ble_api.o
    0x0003a6fc   0x0003a6fc   0x00000074   Code   RO         2243    i.tuya_ble_device_id_encrypt  tuya_ble_cryption_api.o
    0x0003a770   0x0003a770   0x00000048   Code   RO         2244    i.tuya_ble_device_id_key_generate  tuya_ble_cryption_api.o
    0x0003a7b8   0x0003a7b8   0x0000000a   Code   RO         1780    i.tuya_ble_device_reset  tuya_ble_port_nrf52832.o
    0x0003a7c2   0x0003a7c2   0x00000002   PAD
    0x0003a7c4   0x0003a7c4   0x00000028   Code   RO         2320    i.tuya_ble_device_unbond  tuya_ble_data_handler.o
    0x0003a7ec   0x0003a7ec   0x0000001a   Code   RO         2026    i.tuya_ble_disconnected_handler  tuya_ble_api.o
    0x0003a806   0x0003a806   0x00000078   Code   RO         2027    i.tuya_ble_dp_data_report  tuya_ble_api.o
    0x0003a87e   0x0003a87e   0x00000080   Code   RO         2028    i.tuya_ble_dp_data_with_time_report  tuya_ble_api.o
    0x0003a8fe   0x0003a8fe   0x00000052   Code   RO         2245    i.tuya_ble_encrypt_old_with_key  tuya_ble_cryption_api.o
    0x0003a950   0x0003a950   0x0000007c   Code   RO         2246    i.tuya_ble_encryption  tuya_ble_cryption_api.o
    0x0003a9cc   0x0003a9cc   0x00000020   Code   RO         2629    i.tuya_ble_event_init  tuya_ble_main.o
    0x0003a9ec   0x0003a9ec   0x00000084   Code   RO         2630    i.tuya_ble_event_process  tuya_ble_main.o
    0x0003aa70   0x0003aa70   0x00000018   Code   RO         2497    i.tuya_ble_event_queue_init  tuya_ble_event.o
    0x0003aa88   0x0003aa88   0x00000024   Code   RO         2631    i.tuya_ble_event_send  tuya_ble_main.o
    0x0003aaac   0x0003aaac   0x000000ee   Code   RO         2321    i.tuya_ble_evt_process  tuya_ble_data_handler.o
    0x0003ab9a   0x0003ab9a   0x00000014   Code   RO         2758    i.tuya_ble_free     tuya_ble_mem.o
    0x0003abae   0x0003abae   0x00000002   PAD
    0x0003abb0   0x0003abb0   0x0000002c   Code   RO         1782    i.tuya_ble_gap_advertising_adv_data_update  tuya_ble_port_nrf52832.o
    0x0003abdc   0x0003abdc   0x0000002c   Code   RO         1783    i.tuya_ble_gap_advertising_scan_rsp_data_update  tuya_ble_port_nrf52832.o
    0x0003ac08   0x0003ac08   0x0000001a   Code   RO         1784    i.tuya_ble_gap_disconnect  tuya_ble_port_nrf52832.o
    0x0003ac22   0x0003ac22   0x0000003e   Code   RO         2029    i.tuya_ble_gatt_receive_data  tuya_ble_api.o
    0x0003ac60   0x0003ac60   0x0000002c   Code   RO         1785    i.tuya_ble_gatt_send_data  tuya_ble_port_nrf52832.o
    0x0003ac8c   0x0003ac8c   0x00000048   Code   RO         2247    i.tuya_ble_generate_key1  tuya_ble_cryption_api.o
    0x0003acd4   0x0003acd4   0x00000062   Code   RO         2322    i.tuya_ble_handle_anomaly_unbond_req  tuya_ble_data_handler.o
    0x0003ad36   0x0003ad36   0x0000001c   Code   RO         2632    i.tuya_ble_handle_ble_cmd_evt  tuya_ble_main.o
    0x0003ad52   0x0003ad52   0x00000002   PAD
    0x0003ad54   0x0003ad54   0x000000a8   Code   RO         2323    i.tuya_ble_handle_ble_factory_test_req  tuya_ble_data_handler.o
    0x0003adfc   0x0003adfc   0x0000004a   Code   RO         2324    i.tuya_ble_handle_ble_passthrough_data_req  tuya_ble_data_handler.o
    0x0003ae46   0x0003ae46   0x00000002   PAD
    0x0003ae48   0x0003ae48   0x00000070   Code   RO         2633    i.tuya_ble_handle_connect_change_evt  tuya_ble_main.o
    0x0003aeb8   0x0003aeb8   0x00000040   Code   RO         2634    i.tuya_ble_handle_data_passthrough_evt  tuya_ble_main.o
    0x0003aef8   0x0003aef8   0x00000120   Code   RO         2325    i.tuya_ble_handle_dev_infor_req  tuya_ble_data_handler.o
    0x0003b018   0x0003b018   0x0000006c   Code   RO         2635    i.tuya_ble_handle_device_info_update_evt  tuya_ble_main.o
    0x0003b084   0x0003b084   0x00000074   Code   RO         2326    i.tuya_ble_handle_device_reset_req  tuya_ble_data_handler.o
    0x0003b0f8   0x0003b0f8   0x0000001a   Code   RO         2327    i.tuya_ble_handle_dp_data_report_res  tuya_ble_data_handler.o
    0x0003b112   0x0003b112   0x00000030   Code   RO         2636    i.tuya_ble_handle_dp_data_reported_evt  tuya_ble_main.o
    0x0003b142   0x0003b142   0x0000001a   Code   RO         2328    i.tuya_ble_handle_dp_data_with_time_report_res  tuya_ble_data_handler.o
    0x0003b15c   0x0003b15c   0x0000006c   Code   RO         2637    i.tuya_ble_handle_dp_data_with_time_reported_evt  tuya_ble_main.o
    0x0003b1c8   0x0003b1c8   0x00000082   Code   RO         2329    i.tuya_ble_handle_dp_query_req  tuya_ble_data_handler.o
    0x0003b24a   0x0003b24a   0x00000002   PAD
    0x0003b24c   0x0003b24c   0x000000e8   Code   RO         2330    i.tuya_ble_handle_dp_write_req  tuya_ble_data_handler.o
    0x0003b334   0x0003b334   0x0000001c   Code   RO         2638    i.tuya_ble_handle_factory_reset_evt  tuya_ble_main.o
    0x0003b350   0x0003b350   0x000000ae   Code   RO         2331    i.tuya_ble_handle_net_config_info_req  tuya_ble_data_handler.o
    0x0003b3fe   0x0003b3fe   0x00000032   Code   RO         2639    i.tuya_ble_handle_net_config_response_evt  tuya_ble_main.o
    0x0003b430   0x0003b430   0x0000007c   Code   RO         2332    i.tuya_ble_handle_ota_req  tuya_ble_data_handler.o
    0x0003b4ac   0x0003b4ac   0x0000005a   Code   RO         2640    i.tuya_ble_handle_ota_response_evt  tuya_ble_main.o
    0x0003b506   0x0003b506   0x00000002   PAD
    0x0003b508   0x0003b508   0x00000100   Code   RO         2333    i.tuya_ble_handle_pair_req  tuya_ble_data_handler.o
    0x0003b608   0x0003b608   0x000000c4   Code   RO         2641    i.tuya_ble_handle_uart_cmd_evt  tuya_ble_main.o
    0x0003b6cc   0x0003b6cc   0x00000062   Code   RO         2334    i.tuya_ble_handle_unbond_req  tuya_ble_data_handler.o
    0x0003b72e   0x0003b72e   0x00000002   PAD
    0x0003b730   0x0003b730   0x0000008c   Code   RO         2335    i.tuya_ble_handle_unix_time_char_ms_resp  tuya_ble_data_handler.o
    0x0003b7bc   0x0003b7bc   0x00000054   Code   RO         3229    i.tuya_ble_hextoascii  tuya_ble_utils.o
    0x0003b810   0x0003b810   0x00000070   Code   RO         2642    i.tuya_ble_inter_event_response  tuya_ble_main.o
    0x0003b880   0x0003b880   0x00000010   Code   RO         3230    i.tuya_ble_is_word_aligned_tuya  tuya_ble_utils.o
    0x0003b890   0x0003b890   0x0000018c   Code   RO         2248    i.tuya_ble_key_generate  tuya_ble_cryption_api.o
    0x0003ba1c   0x0003ba1c   0x00000020   Code   RO         2336    i.tuya_ble_lock_test_rsp  tuya_ble_data_handler.o
    0x0003ba3c   0x0003ba3c   0x00000008   Code   RO         2643    i.tuya_ble_main_tasks_exec  tuya_ble_main.o
    0x0003ba44   0x0003ba44   0x0000001a   Code   RO         2760    i.tuya_ble_malloc   tuya_ble_mem.o
    0x0003ba5e   0x0003ba5e   0x00000034   Code   RO         1786    i.tuya_ble_md5_crypt  tuya_ble_port_nrf52832.o
    0x0003ba92   0x0003ba92   0x00000002   PAD
    0x0003ba94   0x0003ba94   0x00000014   Code   RO         2498    i.tuya_ble_message_send  tuya_ble_event.o
    0x0003baa8   0x0003baa8   0x00000028   Code   RO         1787    i.tuya_ble_nv_erase  tuya_ble_port_nrf52832.o
    0x0003bad0   0x0003bad0   0x00000004   Code   RO         1788    i.tuya_ble_nv_init  tuya_ble_port_nrf52832.o
    0x0003bad4   0x0003bad4   0x00000020   Code   RO         1789    i.tuya_ble_nv_read  tuya_ble_port_nrf52832.o
    0x0003baf4   0x0003baf4   0x00000022   Code   RO         1790    i.tuya_ble_nv_write  tuya_ble_port_nrf52832.o
    0x0003bb16   0x0003bb16   0x00000002   PAD
    0x0003bb18   0x0003bb18   0x00000078   Code   RO         2031    i.tuya_ble_ota_response  tuya_ble_api.o
    0x0003bb90   0x0003bb90   0x0000000c   Code   RO         2337    i.tuya_ble_ota_status_get  tuya_ble_data_handler.o
    0x0003bb9c   0x0003bb9c   0x00000024   Code   RO         2339    i.tuya_ble_pair_rand_clear  tuya_ble_data_handler.o
    0x0003bbc0   0x0003bbc0   0x0000000c   Code   RO         2340    i.tuya_ble_pair_rand_valid_get  tuya_ble_data_handler.o
    0x0003bbcc   0x0003bbcc   0x00000050   Code   RO         1791    i.tuya_ble_rand_generator  tuya_ble_port_nrf52832.o
    0x0003bc1c   0x0003bc1c   0x00000020   Code   RO         2341    i.tuya_ble_reset_ble_sn  tuya_ble_data_handler.o
    0x0003bc3c   0x0003bc3c   0x00000080   Code   RO         2499    i.tuya_ble_sched_event_put  tuya_ble_event.o
    0x0003bcbc   0x0003bcbc   0x00000044   Code   RO         2500    i.tuya_ble_sched_init  tuya_ble_event.o
    0x0003bd00   0x0003bd00   0x0000011c   Code   RO         2032    i.tuya_ble_sdk_init  tuya_ble_api.o
    0x0003be1c   0x0003be1c   0x00000014   Code   RO         2342    i.tuya_ble_set_device_version  tuya_ble_data_handler.o
    0x0003be30   0x0003be30   0x00000044   Code   RO         3083    i.tuya_ble_storage_init  tuya_ble_storage.o
    0x0003be74   0x0003be74   0x000000e0   Code   RO         3084    i.tuya_ble_storage_load_settings  tuya_ble_storage.o
    0x0003bf54   0x0003bf54   0x00000074   Code   RO         3086    i.tuya_ble_storage_save_auth_settings  tuya_ble_storage.o
    0x0003bfc8   0x0003bfc8   0x00000074   Code   RO         3087    i.tuya_ble_storage_save_sys_settings  tuya_ble_storage.o
    0x0003c03c   0x0003c03c   0x00000022   Code   RO         1794    i.tuya_ble_timer_create  tuya_ble_port_nrf52832.o
    0x0003c05e   0x0003c05e   0x00000014   Code   RO         1796    i.tuya_ble_timer_start  tuya_ble_port_nrf52832.o
    0x0003c072   0x0003c072   0x00000014   Code   RO         1797    i.tuya_ble_timer_stop  tuya_ble_port_nrf52832.o
    0x0003c086   0x0003c086   0x0000006c   Code   RO         2212    i.tuya_ble_uart_common_process  tuya_ble_app_uart_common_handler.o
    0x0003c0f2   0x0003c0f2   0x00000002   PAD
    0x0003c0f4   0x0003c0f4   0x00000190   Code   RO         2033    i.tuya_ble_uart_data_unpack  tuya_ble_api.o
    0x0003c284   0x0003c284   0x00000004   Code   RO         1798    i.tuya_ble_uart_init  tuya_ble_port_nrf52832.o
    0x0003c288   0x0003c288   0x000000a0   Code   RO         2034    i.tuya_ble_uart_receive_data  tuya_ble_api.o
    0x0003c328   0x0003c328   0x00000018   Code   RO         1799    i.tuya_ble_uart_send_data  tuya_ble_port_nrf52832.o
    0x0003c340   0x0003c340   0x00000064   Code   RO         2502    i.tuya_sched_execute  tuya_ble_event.o
    0x0003c3a4   0x0003c3a4   0x00000036   Code   RO         7798    i.tx_blocking       nrfx_uart.o
    0x0003c3da   0x0003c3da   0x00000026   Code   RO         7799    i.tx_byte           nrfx_uart.o
    0x0003c400   0x0003c400   0x00000020   Code   RO         7800    i.tx_done_event     nrfx_uart.o
    0x0003c420   0x0003c420   0x00000020   Code   RO         8042    i.tx_done_event     nrfx_uarte.o
    0x0003c440   0x0003c440   0x0000003a   Code   RO         3438    i.ty_string_op_hex2hexstr  cpt_string_op.o
    0x0003c47a   0x0003c47a   0x000000aa   Code   RO         3439    i.ty_string_op_hex2int  cpt_string_op.o
    0x0003c524   0x0003c524   0x00000046   Code   RO         3440    i.ty_string_op_hexstr2hex  cpt_string_op.o
    0x0003c56a   0x0003c56a   0x0000005e   Code   RO         3442    i.ty_string_op_int2hex  cpt_string_op.o
    0x0003c5c8   0x0003c5c8   0x000000b4   Code   RO         4902    i.uart_event_handle  nrfs_uart.o
    0x0003c67c   0x0003c67c   0x000000d4   Code   RO         8996    i.uart_event_handler  app_uart_fifo.o
    0x0003c750   0x0003c750   0x00000038   Code   RO         7015    i.uart_evt_handler  nrf_drv_uart.o
    0x0003c788   0x0003c788   0x0000014c   Code   RO         7801    i.uart_irq_handler  nrfx_uart.o
    0x0003c8d4   0x0003c8d4   0x00000038   Code   RO         7016    i.uarte_evt_handler  nrf_drv_uart.o
    0x0003c90c   0x0003c90c   0x00000104   Code   RO         8043    i.uarte_irq_handler  nrfx_uarte.o
    0x0003ca10   0x0003ca10   0x0000000c   Code   RO         6370    i.uint16_decode     ble_srv_common.o
    0x0003ca1c   0x0003ca1c   0x00000024   Code   RO        10044    i.uninit            nrf_fstorage_sd.o
    0x0003ca40   0x0003ca40   0x00000014   Code   RO        10169    i.uninit            nrf_fstorage_nvmc.o
    0x0003ca54   0x0003ca54   0x000000b8   Code   RO         9572    i.unsigned_print    nrf_fprintf_format.o
    0x0003cb0c   0x0003cb0c   0x00000104   Code   RO         3921    i.update_env_cache  ef_env.o
    0x0003cc10   0x0003cc10   0x00000060   Code   RO         3922    i.update_sec_status  ef_env.o
    0x0003cc70   0x0003cc70   0x00000074   Code   RO         3923    i.update_sector_cache  ef_env.o
    0x0003cce4   0x0003cce4   0x00000012   Code   RO          641    i.user_freeze_or_unfreeze_handler  lock_dp_parser.o
    0x0003ccf6   0x0003ccf6   0x00000002   PAD
    0x0003ccf8   0x0003ccf8   0x0000003c   Code   RO         8795    i.user_op_alloc     app_timer.o
    0x0003cd34   0x0003cd34   0x0000000c   Code   RO         8796    i.user_op_enque     app_timer.o
    0x0003cd40   0x0003cd40   0x00000048   Code   RO         2566    i.vTuyaPortFree     tuya_ble_heap.o
    0x0003cd88   0x0003cd88   0x00000168   Code   RO          934    i.verify_dynamic_pwd_token  lock_dynamic_pwd.o
    0x0003cef0   0x0003cef0   0x00000010   Code   RO         8389    i.wait_for_flash_ready  nrf_nvmc.o
    0x0003cf00   0x0003cf00   0x00000006   Code   RO        10045    i.wmap              nrf_fstorage_sd.o
    0x0003cf06   0x0003cf06   0x00000006   Code   RO        10170    i.wmap              nrf_fstorage_nvmc.o
    0x0003cf0c   0x0003cf0c   0x00000054   Code   RO        10046    i.write             nrf_fstorage_sd.o
    0x0003cf60   0x0003cf60   0x00000054   Code   RO        10171    i.write             nrf_fstorage_nvmc.o
    0x0003cfb4   0x0003cfb4   0x00000030   Code   RO         3924    i.write_env_hdr     ef_env.o
    0x0003cfe4   0x0003cfe4   0x00000054   Code   RO        10047    i.write_execute     nrf_fstorage_sd.o
    0x0003d038   0x0003d038   0x000000c0   Code   RO         3925    i.write_status      ef_env.o
    0x0003d0f8   0x0003d0f8   0x00000028   Data   RO            8    .constdata          lock_common.o
    0x0003d120   0x0003d120   0x00000018   Data   RO          558    .constdata          lock_hard.o
    0x0003d138   0x0003d138   0x000000a5   Data   RO          643    .constdata          lock_dp_parser.o
    0x0003d1dd   0x0003d1dd   0x00000020   Data   RO          824    .constdata          lock_timer.o
    0x0003d1fd   0x0003d1fd   0x0000002a   Data   RO          935    .constdata          lock_dynamic_pwd.o
    0x0003d227   0x0003d227   0x0000003b   Data   RO          988    .constdata          lock_test.o
    0x0003d262   0x0003d262   0x00000021   Data   RO         1037    .constdata          app_common.o
    0x0003d283   0x0003d283   0x00000083   Data   RO         1302    .constdata          app_ota.o
    0x0003d306   0x0003d306   0x00000014   Data   RO         1396    .constdata          app_test.o
    0x0003d31a   0x0003d31a   0x00000049   Data   RO         1513    .constdata          app_port.o
    0x0003d363   0x0003d363   0x0000003a   Data   RO         2645    .constdata          tuya_ble_main.o
    0x0003d39d   0x0003d39d   0x00000032   Data   RO         3092    .constdata          tuya_ble_storage.o
    0x0003d3cf   0x0003d3cf   0x00000001   PAD
    0x0003d3d0   0x0003d3d0   0x00000004   Data   RO         3239    .constdata          tuya_ble_utils.o
    0x0003d3d4   0x0003d3d4   0x00000004   Data   RO         3381    .constdata          cpt_math.o
    0x0003d3d8   0x0003d3d8   0x00000010   Data   RO         3577    .constdata          sha1.o
    0x0003d3e8   0x0003d3e8   0x00002228   Data   RO         3626    .constdata          aes.o
    0x0003f610   0x0003f610   0x00000065   Data   RO         3927    .constdata          ef_env.o
    0x0003f675   0x0003f675   0x00000003   PAD
    0x0003f678   0x0003f678   0x00000400   Data   RO         4195    .constdata          ef_utils.o
    0x0003fa78   0x0003fa78   0x00000041   Data   RO         4230    .constdata          ef_port.o
    0x0003fab9   0x0003fab9   0x0000008c   Data   RO         4321    .constdata          elog.o
    0x0003fb45   0x0003fb45   0x00000023   Data   RO         4451    .constdata          elog_utils.o
    0x0003fb68   0x0003fb68   0x0000002e   Data   RO         4681    .constdata          nrfs_scan_adv.o
    0x0003fb96   0x0003fb96   0x00000026   Data   RO         4775    .constdata          nrfs_ble.o
    0x0003fbbc   0x0003fbbc   0x00000013   Data   RO         4864    .constdata          nrfs_svc.o
    0x0003fbcf   0x0003fbcf   0x00000001   PAD
    0x0003fbd0   0x0003fbd0   0x0000002c   Data   RO         4904    .constdata          nrfs_uart.o
    0x0003fbfc   0x0003fbfc   0x00000004   PAD
    0x0003fc00   0x0003fc00   0x00000052   Data   RO         4959    .constdata          nrfs_timer.o
    0x0003fc52   0x0003fc52   0x0000000e   PAD
    0x0003fc60   0x0003fc60   0x0000003d   Data   RO         5083    .constdata          nrfs_flash.o
    0x0003fc9d   0x0003fc9d   0x00000018   Data   RO         5199    .constdata          main.o
    0x0003fcb5   0x0003fcb5   0x00000003   PAD
    0x0003fcb8   0x0003fcb8   0x00000016   Data   RO         6446    .constdata          nrf_ble_gatt.o
    0x0003fcce   0x0003fcce   0x00000002   PAD
    0x0003fcd0   0x0003fcd0   0x00000010   Data   RO         6787    .constdata          ble_nus.o
    0x0003fce0   0x0003fce0   0x0000003e   Data   RO         7439    .constdata          nrfx_gpiote.o
    0x0003fd1e   0x0003fd1e   0x00000002   PAD
    0x0003fd20   0x0003fd20   0x0000002e   Data   RO         7803    .constdata          nrfx_uart.o
    0x0003fd4e   0x0003fd4e   0x00000002   PAD
    0x0003fd50   0x0003fd50   0x00000030   Data   RO         8045    .constdata          nrfx_uarte.o
    0x0003fd80   0x0003fd80   0x00000006   Data   RO         8798    .constdata          app_timer.o
    0x0003fd86   0x0003fd86   0x00000002   PAD
    0x0003fd88   0x0003fd88   0x00000020   Data   RO         8998    .constdata          app_uart_fifo.o
    0x0003fda8   0x0003fda8   0x00000010   Data   RO         9573    .constdata          nrf_fprintf_format.o
    0x0003fdb8   0x0003fdb8   0x00000024   Data   RO         9687    .constdata          nrf_pwr_mgmt.o
    0x0003fddc   0x0003fddc   0x0000013c   Data   RO         9865    .constdata          nrf_strerror.o
    0x0003ff18   0x0003ff18   0x0000005e   Data   RO         9944    .constdata          nrf_fstorage.o
    0x0003ff76   0x0003ff76   0x00000002   PAD
    0x0003ff78   0x0003ff78   0x00000030   Data   RO        10049    .constdata          nrf_fstorage_sd.o
    0x0003ffa8   0x0003ffa8   0x0000002c   Data   RO        10172    .constdata          nrf_fstorage_nvmc.o
    0x0003ffd4   0x0003ffd4   0x0000000c   PAD
    0x0003ffe0   0x0003ffe0   0x00000016   Data   RO        10266    .constdata          nrf_log_backend_rtt.o
    0x0003fff6   0x0003fff6   0x00000002   PAD
    0x0003fff8   0x0003fff8   0x0000000c   Data   RO        10430    .constdata          nrf_log_frontend.o
    0x00040004   0x00040004   0x00000058   Data   RO        10934    .constdata          nrf_sdh.o
    0x0004005c   0x0004005c   0x00000030   Data   RO        11049    .constdata          nrf_sdh_ble.o
    0x0004008c   0x0004008c   0x0000001c   Data   RO        11104    .constdata          nrf_sdh_soc.o
    0x000400a8   0x000400a8   0x00000088   Data   RO        11499    .constdata          m_wm.l(pow.o)
    0x00040130   0x00040130   0x00000081   Data   RO        11518    .constdata          mc_w.l(ctype_o.o)
    0x000401b1   0x000401b1   0x00000003   PAD
    0x000401b4   0x000401b4   0x00000004   Data   RO        11519    .constdata          mc_w.l(ctype_o.o)
    0x000401b8   0x000401b8   0x00000008   Data   RO        11865    .constdata          m_wm.l(qnan.o)
    0x000401c0   0x000401c0   0x00000046   Data   RO            9    .conststring        lock_common.o
    0x00040206   0x00040206   0x00000002   PAD
    0x00040208   0x00040208   0x00000044   Data   RO          559    .conststring        lock_hard.o
    0x0004024c   0x0004024c   0x00000049   Data   RO          644    .conststring        lock_dp_parser.o
    0x00040295   0x00040295   0x00000003   PAD
    0x00040298   0x00040298   0x00000045   Data   RO          825    .conststring        lock_timer.o
    0x000402dd   0x000402dd   0x00000003   PAD
    0x000402e0   0x000402e0   0x0000004b   Data   RO          936    .conststring        lock_dynamic_pwd.o
    0x0004032b   0x0004032b   0x00000001   PAD
    0x0004032c   0x0004032c   0x00000044   Data   RO          989    .conststring        lock_test.o
    0x00040370   0x00040370   0x00000047   Data   RO         1038    .conststring        app_common.o
    0x000403b7   0x000403b7   0x00000001   PAD
    0x000403b8   0x000403b8   0x00000044   Data   RO         1303    .conststring        app_ota.o
    0x000403fc   0x000403fc   0x00000045   Data   RO         1397    .conststring        app_test.o
    0x00040441   0x00040441   0x00000003   PAD
    0x00040444   0x00040444   0x00000045   Data   RO         1514    .conststring        app_port.o
    0x00040489   0x00040489   0x00000003   PAD
    0x0004048c   0x0004048c   0x00000049   Data   RO         3847    .conststring        easyflash.o
    0x000404d5   0x000404d5   0x00000003   PAD
    0x000404d8   0x000404d8   0x00000176   Data   RO         3928    .conststring        ef_env.o
    0x0004064e   0x0004064e   0x00000002   PAD
    0x00040650   0x00040650   0x0000006f   Data   RO         4231    .conststring        ef_port.o
    0x000406bf   0x000406bf   0x00000001   PAD
    0x000406c0   0x000406c0   0x0000005d   Data   RO         4322    .conststring        elog.o
    0x0004071d   0x0004071d   0x00000003   PAD
    0x00040720   0x00040720   0x0000004b   Data   RO         4452    .conststring        elog_utils.o
    0x0004076b   0x0004076b   0x00000001   PAD
    0x0004076c   0x0004076c   0x0000004c   Data   RO         4776    .conststring        nrfs_ble.o
    0x000407b8   0x000407b8   0x0000005b   Data   RO         5084    .conststring        nrfs_flash.o
    0x00040813   0x00040813   0x00000001   PAD
    0x00040814   0x00040814   0x000000a2   Data   RO         6447    .conststring        nrf_ble_gatt.o
    0x000408b6   0x000408b6   0x00000002   PAD
    0x000408b8   0x000408b8   0x000003eb   Data   RO         9866    .conststring        nrf_strerror.o
    0x00040ca3   0x00040ca3   0x00000001   PAD
    0x00040ca4   0x00040ca4   0x0000004f   Data   RO         9945    .conststring        nrf_fstorage.o
    0x00040cf3   0x00040cf3   0x00000001   PAD
    0x00040cf4   0x00040cf4   0x00000066   Data   RO        10609    .conststring        nrf_log_str_formatter.o
    0x00040d5a   0x00040d5a   0x00000002   PAD
    0x00040d5c   0x00040d5c   0x00000188   Data   RO        11050    .conststring        nrf_sdh_ble.o
    0x00040ee4   0x00040ee4   0x000000bd   Data   RO        11220    .conststring        nrf_dfu_settings.o
    0x00040fa1   0x00040fa1   0x00000003   PAD
    0x00040fa4   0x00040fa4   0x0000000d   Data   RO         6448    .conststrlit        nrf_ble_gatt.o
    0x00040fb1   0x00040fb1   0x00000003   PAD
    0x00040fb4   0x00040fb4   0x00000009   Data   RO         6634    .conststrlit        nrf_ble_scan.o
    0x00040fbd   0x00040fbd   0x00000003   PAD
    0x00040fc0   0x00040fc0   0x00000008   Data   RO         6788    .conststrlit        ble_nus.o
    0x00040fc8   0x00040fc8   0x00000006   Data   RO         6870    .conststrlit        nrf_drv_clock.o
    0x00040fce   0x00040fce   0x00000002   PAD
    0x00040fd0   0x00040fd0   0x00000006   Data   RO         7234    .conststrlit        nrfx_clock.o
    0x00040fd6   0x00040fd6   0x00000002   PAD
    0x00040fd8   0x00040fd8   0x00000007   Data   RO         7440    .conststrlit        nrfx_gpiote.o
    0x00040fdf   0x00040fdf   0x00000001   PAD
    0x00040fe0   0x00040fe0   0x00000004   Data   RO         7715    .conststrlit        nrfx_prs.o
    0x00040fe4   0x00040fe4   0x00000005   Data   RO         7804    .conststrlit        nrfx_uart.o
    0x00040fe9   0x00040fe9   0x00000003   PAD
    0x00040fec   0x00040fec   0x00000006   Data   RO         8046    .conststrlit        nrfx_uarte.o
    0x00040ff2   0x00040ff2   0x00000002   PAD
    0x00040ff4   0x00040ff4   0x00000004   Data   RO         8251    .conststrlit        nrfx_rtc.o
    0x00040ff8   0x00040ff8   0x00000009   Data   RO         9688    .conststrlit        nrf_pwr_mgmt.o
    0x00041001   0x00041001   0x00000003   PAD
    0x00041004   0x00041004   0x0000000d   Data   RO         9946    .conststrlit        nrf_fstorage.o
    0x00041011   0x00041011   0x00000003   PAD
    0x00041014   0x00041014   0x00000010   Data   RO        10361    .conststrlit        nrf_log_default_backends.o
    0x00041024   0x00041024   0x00000004   Data   RO        10431    .conststrlit        nrf_log_frontend.o
    0x00041028   0x00041028   0x00000008   Data   RO        10935    .conststrlit        nrf_sdh.o
    0x00041030   0x00041030   0x0000000c   Data   RO        11051    .conststrlit        nrf_sdh_ble.o
    0x0004103c   0x0004103c   0x0000000c   Data   RO        11105    .conststrlit        nrf_sdh_soc.o
    0x00041048   0x00041048   0x0000000e   Data   RO        11141    .conststrlit        nrf_dfu_flash.o
    0x00041056   0x00041056   0x00000002   PAD
    0x00041058   0x00041058   0x00000011   Data   RO        11221    .conststrlit        nrf_dfu_settings.o
    0x00041069   0x00041069   0x00000003   PAD
    0x0004106c   0x0004106c   0x00000020   Data   RO        11934    Region$$Table       anon$$obj.o
    0x0004108c   0x0004108c   0x00000010   Data   RO        10363    log_backends        nrf_log_default_backends.o
    0x0004109c   0x0004109c   0x00000008   Data   RO         6449    log_const_data      nrf_ble_gatt.o
    0x000410a4   0x000410a4   0x00000008   Data   RO         6635    log_const_data      nrf_ble_scan.o
    0x000410ac   0x000410ac   0x00000008   Data   RO         6789    log_const_data      ble_nus.o
    0x000410b4   0x000410b4   0x00000008   Data   RO         6872    log_const_data      nrf_drv_clock.o
    0x000410bc   0x000410bc   0x00000008   Data   RO         7236    log_const_data      nrfx_clock.o
    0x000410c4   0x000410c4   0x00000008   Data   RO         7442    log_const_data      nrfx_gpiote.o
    0x000410cc   0x000410cc   0x00000008   Data   RO         7717    log_const_data      nrfx_prs.o
    0x000410d4   0x000410d4   0x00000008   Data   RO         7806    log_const_data      nrfx_uart.o
    0x000410dc   0x000410dc   0x00000008   Data   RO         8048    log_const_data      nrfx_uarte.o
    0x000410e4   0x000410e4   0x00000008   Data   RO         8253    log_const_data      nrfx_rtc.o
    0x000410ec   0x000410ec   0x00000008   Data   RO         9690    log_const_data      nrf_pwr_mgmt.o
    0x000410f4   0x000410f4   0x00000008   Data   RO         9947    log_const_data      nrf_fstorage.o
    0x000410fc   0x000410fc   0x00000008   Data   RO        10433    log_const_data      nrf_log_frontend.o
    0x00041104   0x00041104   0x00000008   Data   RO        10937    log_const_data      nrf_sdh.o
    0x0004110c   0x0004110c   0x00000008   Data   RO        11053    log_const_data      nrf_sdh_ble.o
    0x00041114   0x00041114   0x00000008   Data   RO        11106    log_const_data      nrf_sdh_soc.o
    0x0004111c   0x0004111c   0x00000008   Data   RO        11144    log_const_data      nrf_dfu_flash.o
    0x00041124   0x00041124   0x00000008   Data   RO        11223    log_const_data      nrf_dfu_settings.o
    0x0004112c   0x0004112c   0x00000014   Data   RO        10434    nrf_balloc          nrf_log_frontend.o
    0x00041140   0x00041140   0x00000008   Data   RO         6180    sdh_ble_observers0  ble_conn_state.o
    0x00041148   0x00041148   0x00000008   Data   RO         4683    sdh_ble_observers1  nrfs_scan_adv.o
    0x00041150   0x00041150   0x00000008   Data   RO         4778    sdh_ble_observers1  nrfs_ble.o
    0x00041158   0x00041158   0x00000008   Data   RO         5548    sdh_ble_observers1  bsp_btn_ble.o
    0x00041160   0x00041160   0x00000008   Data   RO         6062    sdh_ble_observers1  ble_conn_params.o
    0x00041168   0x00041168   0x00000008   Data   RO         4866    sdh_ble_observers2  nrfs_svc.o
    0x00041170   0x00041170   0x00000008   Data   RO         4779    sdh_ble_observers3  nrfs_ble.o
    0x00041178   0x00041178   0x00000008   Data   RO        10051    sdh_req_observers0  nrf_fstorage_sd.o
    0x00041180   0x00041180   0x00000008   Data   RO         6873    sdh_soc_observers0  nrf_drv_clock.o
    0x00041188   0x00041188   0x00000008   Data   RO        10052    sdh_soc_observers0  nrf_fstorage_sd.o
    0x00041190   0x00041190   0x00000008   Data   RO        11054    sdh_stack_observers0  nrf_sdh_ble.o
    0x00041198   0x00041198   0x00000008   Data   RO        11107    sdh_stack_observers0  nrf_sdh_soc.o
    0x000411a0   0x000411a0   0x00000008   Data   RO         6874    sdh_state_observers0  nrf_drv_clock.o
    0x000411a8   0x000411a8   0x00000008   Data   RO        10053    sdh_state_observers0  nrf_fstorage_sd.o


    Execution Region RW_IRAM1 (Exec base: 0x20002a98, Load base: 0x000411b0, Size: 0x00007088, Max: 0x0000d568, ABSOLUTE, COMPRESSED[0x000000d4])

    Exec Addr    Load Addr    Size         Type   Attr      Idx    E Section Name        Object

    0x20002a98   COMPRESSED   0x00000008   Data   RW          730    .data               lock_dp_report.o
    0x20002aa0   COMPRESSED   0x00000004   Data   RW          990    .data               lock_test.o
    0x20002aa4   COMPRESSED   0x00000060   Data   RW         1039    .data               app_common.o
    0x20002b04   COMPRESSED   0x00000015   Data   RW         1118    .data               app_flash.o
    0x20002b19   COMPRESSED   0x00000003   PAD
    0x20002b1c   COMPRESSED   0x00000011   Data   RW         1304    .data               app_ota.o
    0x20002b2d   COMPRESSED   0x00000001   PAD
    0x20002b2e   COMPRESSED   0x00000006   Data   RW         1398    .data               app_test.o
    0x20002b34   COMPRESSED   0x00000010   Data   RW         2036    .data               tuya_ble_api.o
    0x20002b44   COMPRESSED   0x0000003c   Data   RW         2344    .data               tuya_ble_data_handler.o
    0x20002b80   COMPRESSED   0x0000000e   Data   RW         2504    .data               tuya_ble_event.o
    0x20002b8e   COMPRESSED   0x00000002   PAD
    0x20002b90   COMPRESSED   0x0000001c   Data   RW         2571    .data               tuya_ble_heap.o
    0x20002bac   COMPRESSED   0x00000008   Data   RW         2646    .data               tuya_ble_main.o
    0x20002bb4   COMPRESSED   0x00000001   Data   RW         2814    .data               tuya_ble_mutli_tsf_protocol.o
    0x20002bb5   COMPRESSED   0x00000003   PAD
    0x20002bb8   COMPRESSED   0x00000004   Data   RW         3815    .data               platform_util.o
    0x20002bbc   COMPRESSED   0x00000014   Data   RW         3929    .data               ef_env.o
    0x20002bd0   COMPRESSED   0x0000001c   Data   RW         4323    .data               elog.o
    0x20002bec   COMPRESSED   0x00000001   Data   RW         4484    .data               elog_port.o
    0x20002bed   COMPRESSED   0x00000001   Data   RW         4615    .data               nrfs_common.o
    0x20002bee   COMPRESSED   0x00000002   PAD
    0x20002bf0   COMPRESSED   0x0000006e   Data   RW         4682    .data               nrfs_scan_adv.o
    0x20002c5e   COMPRESSED   0x00000016   Data   RW         4777    .data               nrfs_ble.o
    0x20002c74   COMPRESSED   0x0000002c   Data   RW         4865    .data               nrfs_svc.o
    0x20002ca0   COMPRESSED   0x00000014   Data   RW         4960    .data               nrfs_timer.o
    0x20002cb4   COMPRESSED   0x00000008   Data   RW         5085    .data               nrfs_flash.o
    0x20002cbc   COMPRESSED   0x0000000c   Data   RW         5547    .data               bsp_btn_ble.o
    0x20002cc8   COMPRESSED   0x00000008   Data   RW         6061    .data               ble_conn_params.o
    0x20002cd0   COMPRESSED   0x00000001   Data   RW         6871    .data               nrf_drv_clock.o
    0x20002cd1   COMPRESSED   0x00000003   PAD
    0x20002cd4   COMPRESSED   0x0000000d   Data   RW         7017    .data               nrf_drv_uart.o
    0x20002ce1   COMPRESSED   0x00000003   PAD
    0x20002ce4   COMPRESSED   0x0000000c   Data   RW         7235    .data               nrfx_clock.o
    0x20002cf0   COMPRESSED   0x0000000c   Data   RW         7716    .data               nrfx_prs.o
    0x20002cfc   COMPRESSED   0x0000000b   Data   RW         8252    .data               nrfx_rtc.o
    0x20002d07   COMPRESSED   0x00000001   PAD
    0x20002d08   COMPRESSED   0x00000018   Data   RW         8799    .data               app_timer.o
    0x20002d20   COMPRESSED   0x0000001f   Data   RW         8999    .data               app_uart_fifo.o
    0x20002d3f   COMPRESSED   0x00000001   Data   RW         9488    .data               nrf_balloc.o
    0x20002d40   COMPRESSED   0x00000009   Data   RW         9689    .data               nrf_pwr_mgmt.o
    0x20002d49   COMPRESSED   0x00000003   PAD
    0x20002d4c   COMPRESSED   0x0000000c   Data   RW        10050    .data               nrf_fstorage_sd.o
    0x20002d58   COMPRESSED   0x00000008   Data   RW        10173    .data               nrf_fstorage_nvmc.o
    0x20002d60   COMPRESSED   0x00000002   Data   RW        10267    .data               nrf_log_backend_rtt.o
    0x20002d62   COMPRESSED   0x00000002   PAD
    0x20002d64   COMPRESSED   0x0000000c   Data   RW        10362    .data               nrf_log_default_backends.o
    0x20002d70   COMPRESSED   0x00000014   Data   RW        10432    .data               nrf_log_frontend.o
    0x20002d84   COMPRESSED   0x00000044   Data   RW        10610    .data               nrf_log_str_formatter.o
    0x20002dc8   COMPRESSED   0x00000004   Data   RW        10936    .data               nrf_sdh.o
    0x20002dcc   COMPRESSED   0x00000001   Data   RW        11052    .data               nrf_sdh_ble.o
    0x20002dcd   COMPRESSED   0x00000003   PAD
    0x20002dd0   COMPRESSED   0x00000008   Data   RW        11142    .data               nrf_dfu_flash.o
    0x20002dd8   COMPRESSED   0x00000008   Data   RW        11222    .data               nrf_dfu_settings.o
    0x20002de0   COMPRESSED   0x00000004   Data   RW        11421    .data               system_nrf52.o
    0x20002de4   COMPRESSED   0x00000004   Data   RW        11546    .data               mc_w.l(rand.o)
    0x20002de8   COMPRESSED   0x00000004   Data   RW        11899    .data               mc_w.l(errno.o)
    0x20002dec   COMPRESSED   0x00000014   Data   RW         5086    fs_data             nrfs_flash.o
    0x20002e00   COMPRESSED   0x00000014   Data   RW        11143    fs_data             nrf_dfu_flash.o
    0x20002e14        -       0x00000491   Zero   RW          642    .bss                lock_dp_parser.o
    0x200032a5   COMPRESSED   0x00000003   PAD
    0x200032a8        -       0x00000122   Zero   RW          729    .bss                lock_dp_report.o
    0x200033ca   COMPRESSED   0x00000002   PAD
    0x200033cc        -       0x0000001c   Zero   RW          823    .bss                lock_timer.o
    0x200033e8        -       0x00000100   Zero   RW          987    .bss                lock_test.o
    0x200034e8        -       0x00000194   Zero   RW         1117    .bss                app_flash.o
    0x2000367c        -       0x000000f0   Zero   RW         1301    .bss                app_ota.o
    0x2000376c        -       0x00000200   Zero   RW         1395    .bss                app_test.o
    0x2000396c        -       0x0000012c   Zero   RW         2035    .bss                tuya_ble_api.o
    0x20003a98        -       0x000000e0   Zero   RW         2250    .bss                tuya_ble_cryption_api.o
    0x20003b78        -       0x000004b0   Zero   RW         2343    .bss                tuya_ble_data_handler.o
    0x20004028        -       0x0000086c   Zero   RW         2503    .bss                tuya_ble_event.o
    0x20004894        -       0x00000800   Zero   RW         2570    .bss                tuya_ble_heap.o
    0x20005094        -       0x00000332   Zero   RW         2644    .bss                tuya_ble_main.o
    0x200053c6   COMPRESSED   0x00000002   PAD
    0x200053c8        -       0x00000168   Zero   RW         3091    .bss                tuya_ble_storage.o
    0x20005530        -       0x00000174   Zero   RW         3926    .bss                ef_env.o
    0x200056a4        -       0x00000250   Zero   RW         4320    .bss                elog.o
    0x200058f4        -       0x00000076   Zero   RW         4680    .bss                nrfs_scan_adv.o
    0x2000596a   COMPRESSED   0x00000002   PAD
    0x2000596c        -       0x00000014   Zero   RW         4774    .bss                nrfs_ble.o
    0x20005980        -       0x00000400   Zero   RW         4903    .bss                nrfs_uart.o
    0x20005d80        -       0x00000190   Zero   RW         4958    .bss                nrfs_timer.o
    0x20005f10        -       0x00000128   Zero   RW         5082    .bss                nrfs_flash.o
    0x20006038        -       0x0000006c   Zero   RW         5436    .bss                bsp.o
    0x200060a4        -       0x00000050   Zero   RW         6060    .bss                ble_conn_params.o
    0x200060f4        -       0x00000078   Zero   RW         6178    .bss                ble_conn_state.o
    0x2000616c        -       0x00000014   Zero   RW         6868    .bss                nrf_drv_clock.o
    0x20006180        -       0x0000005c   Zero   RW         7438    .bss                nrfx_gpiote.o
    0x200061dc        -       0x0000002c   Zero   RW         7802    .bss                nrfx_uart.o
    0x20006208        -       0x00000024   Zero   RW         8044    .bss                nrfx_uarte.o
    0x2000622c        -       0x0000010c   Zero   RW         8797    .bss                app_timer.o
    0x20006338        -       0x00000020   Zero   RW         8997    .bss                app_uart_fifo.o
    0x20006358        -       0x0000000c   Zero   RW         9087    .bss                app_util_platform.o
    0x20006364        -       0x0000000c   Zero   RW         9686    .bss                nrf_pwr_mgmt.o
    0x20006370        -       0x00000200   Zero   RW        10048    .bss                nrf_fstorage_sd.o
    0x20006570        -       0x00000040   Zero   RW        10265    .bss                nrf_log_backend_rtt.o
    0x200065b0        -       0x0000057c   Zero   RW        10429    .bss                nrf_log_frontend.o
    0x20006b2c        -       0x00000888   Zero   RW        10690    .bss                segger_rtt.o
    0x200073b4        -       0x00000768   Zero   RW        11219    .bss                nrf_dfu_settings.o
    0x20007b1c   COMPRESSED   0x00000004   PAD
    0x20007b20        -       0x00002000   Zero   RW        11398    STACK               arm_startup_nrf52.o



  Load Region LR$$.ARM.__AT_0x0007E000 (Base: 0x0007e000, Size: 0x00000000, Max: 0x00001000, ABSOLUTE)

    Execution Region ER$$.ARM.__AT_0x0007E000 (Exec base: 0x0007e000, Load base: 0x0007e000, Size: 0x00001000, Max: 0x00001000, ABSOLUTE, UNINIT)

    Exec Addr    Load Addr    Size         Type   Attr      Idx    E Section Name        Object

    0x0007e000        -       0x00001000   Zero   RW        11217    .ARM.__AT_0x0007E000  nrf_dfu_settings.o



  Load Region LR$$.ARM.__AT_0x0007F000 (Base: 0x0007f000, Size: 0x00000000, Max: 0x00001000, ABSOLUTE)

    Execution Region ER$$.ARM.__AT_0x0007F000 (Exec base: 0x0007f000, Load base: 0x0007f000, Size: 0x00001000, Max: 0x00001000, ABSOLUTE, UNINIT)

    Exec Addr    Load Addr    Size         Type   Attr      Idx    E Section Name        Object

    0x0007f000        -       0x00001000   Zero   RW        11218    .ARM.__AT_0x0007F000  nrf_dfu_settings.o


==============================================================================

Image component sizes


      Code (inc. data)   RO Data    RW Data    ZI Data      Debug   Object Name

      3590         74       8744          0          0      21586   aes.o
       836        266        104         96          0       6135   app_common.o
        28          0          0          0          0       2537   app_error.o
         0          0          0          0          0      38396   app_error_weak.o
       170          0          0          0          0       6430   app_fifo.o
      2062        326          0         21        404      26410   app_flash.o
      3108       1030        199         17        240      13539   app_ota.o
      1018        186        142          0          0      42487   app_port.o
      2268        478         89          6        512      12555   app_test.o
      2072        250          6         24        268      55095   app_timer.o
       770        108         32         31         32      24054   app_uart_fifo.o
       200         24          0          0         12      10806   app_util_platform.o
        36          8        512          0       8192        960   arm_startup_nrf52.o
       272          0          0          0          0      50227   ble_advdata.o
         0          0          0          0          0       4300   ble_advertising.o
       628         30          8          8         80      13080   ble_conn_params.o
       476         38          8          0        120      10301   ble_conn_state.o
       108          0          0          0          0       2864   ble_link_ctx_manager.o
       794          4         32          0          0       9576   ble_nus.o
       676          6          0          0          0      41405   ble_srv_common.o
         0          0          0          0          0       5556   boards.o
        92          6          0          0        108      11484   bsp.o
       288          8          8         12          0      78488   bsp_btn_ble.o
       206         10          4          0          0       4275   cpt_math.o
       392         34          0          0          0       4534   cpt_string_op.o
        76          6          0          0          0       1544   crc32.o
       148         88         73          0          0       1365   easyflash.o
      6462       1382        475         20        372      49340   ef_env.o
       380        158        176          0          0       8243   ef_port.o
        44          4       1024          0          0       1792   ef_utils.o
      2240        638        233         28        592      16765   elog.o
         0          0          0          0          0       3135   elog_async.o
       110         40          0          1          0      38773   elog_port.o
       224         66        110          0          0       2749   elog_utils.o
       180          0          0          0          0       2536   hmac-sha1.o
       276        134        110          0          0     123438   lock_common.o
      5172       1586        238          0       1169      20868   lock_dp_parser.o
      1220         78          0          8        290      17087   lock_dp_report.o
       770        204        117          0          0       6506   lock_dynamic_pwd.o
      1070        372         92          0          0       8297   lock_hard.o
      1196        428        127          4        256       5740   lock_test.o
       484        116        101          0         28      13343   lock_timer.o
       692        232         24          0          0       4049   main.o
      2858        264          0          0          0      10855   md5.o
       374          0          0          0          0       9076   nrf_atfifo.o
        90          0          0          0          0       3252   nrf_atflags.o
       458          0          0          0          0      11560   nrf_atomic.o
       232         10          0          1          0       4255   nrf_balloc.o
      1216        280        205          0          0      39179   nrf_ble_gatt.o
       892          0         17          0          0      15789   nrf_ble_scan.o
       340        146         22         28          0       8847   nrf_dfu_flash.o
      1028        416        214          8      10088      11629   nrf_dfu_settings.o
       376         56         30          1         20      41556   nrf_drv_clock.o
       252         42          0         13          0      18216   nrf_drv_uart.o
        70          0          0          0          0       3157   nrf_fprintf.o
      1030          6         16          0          0       6370   nrf_fprintf_format.o
      1644        584        194          0          0      10500   nrf_fstorage.o
       326         34         44          8          0       8664   nrf_fstorage_nvmc.o
      1114        120         72         12        512      20079   nrf_fstorage_sd.o
       176         16         22          2         64       7433   nrf_log_backend_rtt.o
       242          0          0          0          0      11085   nrf_log_backend_serial.o
        40          6         32         12          0       3469   nrf_log_default_backends.o
      2138        146         44         20       1404      32987   nrf_log_frontend.o
       626        112        102         68          0       6300   nrf_log_str_formatter.o
       514          0          0          0          0       8563   nrf_memobj.o
       228         14          0          0          0       2753   nrf_nvmc.o
       176         28         53          9         12      39714   nrf_pwr_mgmt.o
        28          0          0          0          0       2463   nrf_ringbuf.o
       816         94        104          4          0      41866   nrf_sdh.o
       836        238        468          1          0       6767   nrf_sdh_ble.o
        84          4         56          0          0       2812   nrf_sdh_soc.o
       112          0          0          0          0       2964   nrf_section_iter.o
        92         10       1319          0          0       2899   nrf_strerror.o
      1910        548        130         22         20      11178   nrfs_ble.o
       218         18          0          1          0      32050   nrfs_common.o
      1200        514        152         28        296       8229   nrfs_flash.o
      1172        506         54        110        118       9041   nrfs_scan_adv.o
       298        132         27         44          0       3473   nrfs_svc.o
         2          0          0          0          0        628   nrfs_test.o
       904        288         82         20        400      14359   nrfs_timer.o
       348        112         44          0       1024       3230   nrfs_uart.o
       488         38         14         12          0      47120   nrfx_clock.o
       764         30         77          0         92      55570   nrfx_gpiote.o
       124         18         12         12          0       3997   nrfx_prs.o
       536         34         12         11          0      15659   nrfx_rtc.o
      1680         46         59          0         44      36217   nrfx_uart.o
      1506         46         62          0         36      31399   nrfx_uarte.o
        24          4          0          4          0       1959   platform_util.o
       470         44          0          0       2184       8841   segger_rtt.o
      1142         18         16          0          0       6195   sha1.o
      1372        142          0          4          0       9035   system_nrf52.o
      1420        138          0         16        300      19060   tuya_ble_api.o
       108         10          0          0          0       2051   tuya_ble_app_uart_common_handler.o
      1132         58          0          0        224      10390   tuya_ble_cryption_api.o
      3666        236          0         60       1200      30399   tuya_ble_data_handler.o
       364         72          0         14       2156       7007   tuya_ble_event.o
       508         62          0         28       2048       5087   tuya_ble_heap.o
      1596        136         58          8        818      18287   tuya_ble_main.o
        46          0          0          0          0      10394   tuya_ble_mem.o
      1006          4          0          1          0      11438   tuya_ble_mutli_tsf_protocol.o
       906         38          0          0          0      26377   tuya_ble_port_nrf52832.o
       658         56         50          0        360       9136   tuya_ble_storage.o
       268         10          4          0          0       5584   tuya_ble_utils.o

    ----------------------------------------------------------------------
     85222      14402      16800        884      36108    1671099   Object Totals
         0          0         32          0          0          0   (incl. Generated)
       144          0        113         26         13          0   (incl. Padding)

    ----------------------------------------------------------------------

      Code (inc. data)   RO Data    RW Data    ZI Data      Debug   Library Member Name

       164         44          0          0          0        620   dunder.o
        24          0          0          0          0        124   fabs.o
        48          0          0          0          0        124   fpclassify.o
       248          0          0          0          0        152   poly.o
      3152        296        136          0          0        352   pow.o
         0          0          8          0          0          0   qnan.o
       110          0          0          0          0        148   sqrt.o
        86          0          0          0          0          0   __dczerorl2.o
       144          0          0          0          0         88   __strtoll.o
        28          0          0          0          0         68   _chval.o
       194          0          0          0          0         96   _strtoull.o
        26          0          0          0          0         80   atoll.o
         8          4        133          0          0         68   ctype_o.o
         0          0          0          0          0          0   entry.o
         0          0          0          0          0          0   entry10a.o
         0          0          0          0          0          0   entry11a.o
         8          4          0          0          0          0   entry2.o
         4          0          0          0          0          0   entry5.o
         0          0          0          0          0          0   entry7b.o
         0          0          0          0          0          0   entry8b.o
         8          4          0          0          0          0   entry9a.o
        20         10          0          4          0        136   errno.o
        30          0          0          0          0          0   handlers.o
        36          8          0          0          0         68   init.o
         0          0          0          0          0          0   iusefp.o
        30          0          0          0          0         68   llshl.o
        36          0          0          0          0         68   llsshr.o
        32          0          0          0          0         68   llushr.o
        26          0          0          0          0         80   memcmp.o
        36          0          0          0          0         68   memcpya.o
        36          0          0          0          0        108   memseta.o
      2426        100          0          0          0        832   printfa.o
        36         10          0          4          0        136   rand.o
        18          0          0          0          0         68   strcpy.o
        14          0          0          0          0         68   strlen.o
        30          0          0          0          0         80   strncmp.o
        24          0          0          0          0         76   strncpy.o
        36          0          0          0          0         80   strstr.o
        44          0          0          0          0         80   uidiv.o
        98          0          0          0          0         92   uldiv.o
        48          0          0          0          0         68   cdrcmple.o
       334          0          0          0          0        148   dadd.o
       222          0          0          0          0        100   ddiv.o
       186          0          0          0          0        176   depilogue.o
        62          0          0          0          0         80   dfixi.o
        50          0          0          0          0         76   dfixui.o
        48          0          0          0          0         68   dfixul.o
        34          0          0          0          0         76   dflti.o
        26          0          0          0          0         76   dfltui.o
       228          0          0          0          0         96   dmul.o
        46          0          0          0          0         80   dscalb.o
       162          0          0          0          0        100   dsqrt.o

    ----------------------------------------------------------------------
      8722        484        280          8          0       5240   Library Totals
        16          4          3          0          0          0   (incl. Padding)

    ----------------------------------------------------------------------

      Code (inc. data)   RO Data    RW Data    ZI Data      Debug   Library Name

      3746        340        144          0          0       1520   m_wm.l
      3514        140        133          8          0       2576   mc_w.l
      1446          0          0          0          0       1144   mf_w.l

    ----------------------------------------------------------------------
      8722        484        280          8          0       5240   Library Totals

    ----------------------------------------------------------------------

==============================================================================


      Code (inc. data)   RO Data    RW Data    ZI Data      Debug   

     93944      14886      17080        892      36108    1590043   Grand Totals
     93944      14886      17080        212      36108    1590043   ELF Image Totals (compressed)
     93944      14886      17080        212          0          0   ROM Totals

==============================================================================

    Total RO  Size (Code + RO Data)               111024 ( 108.42kB)
    Total RW  Size (RW Data + ZI Data)             37000 (  36.13kB)
    Total ROM Size (Code + RO Data + RW Data)     111236 ( 108.63kB)

==============================================================================

